Component: ARM Compiler 5.06 update 5 (build 528) Tool: armlink [4d35e2]

==============================================================================

Section Cross References

    main.o(.text) refers to lcd.o(.text) for LCD_Clear
    main.o(.text) refers to key.o(.text) for KEY_Scan
    main.o(.text) refers to touch.o(.text) for TP_Draw_Big_Point
    main.o(.text) refers to delay.o(.text) for delay_ms
    main.o(.text) refers to misc.o(.text) for NVIC_PriorityGroupConfig
    main.o(.text) refers to usart.o(.text) for uart_init
    main.o(.text) refers to led.o(.text) for LED_Init
    main.o(.text) refers to lcd.o(.data) for POINT_COLOR
    main.o(.text) refers to lcd.o(.bss) for lcddev
    main.o(.text) refers to touch.o(.data) for tp_dev
    main.o(.text) refers to main.o(.constdata) for POINT_COLOR_TBL
    system_stm32f4xx.o(.text) refers to system_stm32f4xx.o(.data) for SystemCoreClock
    led.o(.text) refers to stm32f4xx_rcc.o(.text) for RCC_AHB1PeriphClockCmd
    led.o(.text) refers to stm32f4xx_gpio.o(.text) for GPIO_Init
    lcd.o(.text) refers to _printf_percent.o(.ARM.Collect$$_printf_percent$$00000000) for _printf_percent
    lcd.o(.text) refers to _printf_x.o(.ARM.Collect$$_printf_percent$$0000000C) for _printf_x
    lcd.o(.text) refers to _printf_hex_int.o(.text) for _printf_longlong_hex
    lcd.o(.text) refers to delay.o(.text) for delay_us
    lcd.o(.text) refers to lcd.o(.bss) for lcddev
    lcd.o(.text) refers to dflt_clz.o(x$fpl$dfltu) for __aeabi_ui2d
    lcd.o(.text) refers to dmul.o(x$fpl$dmul) for __aeabi_dmul
    lcd.o(.text) refers to dfixu.o(x$fpl$dfixu) for __aeabi_d2uiz
    lcd.o(.text) refers to lcd.o(.data) for POINT_COLOR
    lcd.o(.text) refers to stm32f4xx_rcc.o(.text) for RCC_AHB1PeriphClockCmd
    lcd.o(.text) refers to stm32f4xx_gpio.o(.text) for GPIO_Init
    lcd.o(.text) refers to stm32f4xx_fsmc.o(.text) for FSMC_NORSRAMInit
    lcd.o(.text) refers to noretval__2printf.o(.text) for __2printf
    lcd.o(.text) refers to lcd.o(.constdata) for asc2_1206
    key.o(.text) refers to stm32f4xx_rcc.o(.text) for RCC_AHB1PeriphClockCmd
    key.o(.text) refers to stm32f4xx_gpio.o(.text) for GPIO_Init
    key.o(.text) refers to delay.o(.text) for delay_ms
    key.o(.text) refers to key.o(.data) for key_up
    myiic.o(.text) refers to stm32f4xx_rcc.o(.text) for RCC_AHB1PeriphClockCmd
    myiic.o(.text) refers to stm32f4xx_gpio.o(.text) for GPIO_Init
    myiic.o(.text) refers to delay.o(.text) for delay_us
    24cxx.o(.text) refers to myiic.o(.text) for IIC_Init
    24cxx.o(.text) refers to delay.o(.text) for delay_ms
    ctiic.o(.text) refers to delay.o(.text) for delay_us
    ctiic.o(.text) refers to stm32f4xx_rcc.o(.text) for RCC_AHB1PeriphClockCmd
    ctiic.o(.text) refers to stm32f4xx_gpio.o(.text) for GPIO_Init
    gt9147.o(.text) refers to _printf_percent.o(.ARM.Collect$$_printf_percent$$00000000) for _printf_percent
    gt9147.o(.text) refers to _printf_s.o(.ARM.Collect$$_printf_percent$$00000014) for _printf_s
    gt9147.o(.text) refers to _printf_str.o(.text) for _printf_str
    gt9147.o(.text) refers to _printf_d.o(.ARM.Collect$$_printf_percent$$00000009) for _printf_d
    gt9147.o(.text) refers to _printf_dec.o(.text) for _printf_int_dec
    gt9147.o(.text) refers to ctiic.o(.text) for CT_IIC_Start
    gt9147.o(.text) refers to stm32f4xx_rcc.o(.text) for RCC_AHB1PeriphClockCmd
    gt9147.o(.text) refers to stm32f4xx_gpio.o(.text) for GPIO_Init
    gt9147.o(.text) refers to delay.o(.text) for delay_ms
    gt9147.o(.text) refers to noretval__2printf.o(.text) for __2printf
    gt9147.o(.text) refers to strcmpv7m.o(.text) for strcmp
    gt9147.o(.text) refers to gt9147.o(.constdata) for GT9147_CFG_TBL
    gt9147.o(.text) refers to gt9147.o(.data) for t
    gt9147.o(.text) refers to touch.o(.data) for tp_dev
    gt9147.o(.text) refers to lcd.o(.bss) for lcddev
    ott2001a.o(.text) refers to _printf_percent.o(.ARM.Collect$$_printf_percent$$00000000) for _printf_percent
    ott2001a.o(.text) refers to _printf_x.o(.ARM.Collect$$_printf_percent$$0000000C) for _printf_x
    ott2001a.o(.text) refers to _printf_hex_int.o(.text) for _printf_longlong_hex
    ott2001a.o(.text) refers to ctiic.o(.text) for CT_IIC_Start
    ott2001a.o(.text) refers to stm32f4xx_rcc.o(.text) for RCC_AHB1PeriphClockCmd
    ott2001a.o(.text) refers to stm32f4xx_gpio.o(.text) for GPIO_Init
    ott2001a.o(.text) refers to delay.o(.text) for delay_ms
    ott2001a.o(.text) refers to noretval__2printf.o(.text) for __2printf
    ott2001a.o(.text) refers to dflt_clz.o(x$fpl$dflt) for __aeabi_i2d
    ott2001a.o(.text) refers to dmul.o(x$fpl$dmul) for __aeabi_dmul
    ott2001a.o(.text) refers to dfixu.o(x$fpl$dfixu) for __aeabi_d2uiz
    ott2001a.o(.text) refers to daddsub_clz.o(x$fpl$drsb) for __aeabi_drsub
    ott2001a.o(.text) refers to ott2001a.o(.data) for t
    ott2001a.o(.text) refers to touch.o(.data) for tp_dev
    ott2001a.o(.text) refers to ott2001a.o(.constdata) for OTT_TPX_TBL
[...]
    .text                                    0x0800023c   Section        0  main.o(.text)
    .text                                    0x08000718   Section        0  stm32f4xx_it.o(.text)
    .text                                    0x08000734   Section        0  system_stm32f4xx.o(.text)
    SetSysClock                              0x08000735   Thumb Code   220  system_stm32f4xx.o(.text)
    .text                                    0x08000944   Section        0  led.o(.text)
    .text                                    0x08000984   Section        0  lcd.o(.text)
    .text                                    0x08003fe8   Section        0  key.o(.text)
    .text                                    0x080040ec   Section        0  myiic.o(.text)
    .text                                    0x08004348   Section        0  24cxx.o(.text)
    .text                                    0x080044c4   Section        0  ctiic.o(.text)
    .text                                    0x0800468c   Section        0  gt9147.o(.text)
    .text                                    0x08004abc   Section        0  ott2001a.o(.text)
    .text                                    0x08004e44   Section        0  ft5206.o(.text)
    .text                                    0x080053bc   Section        0  touch.o(.text)
    .text                                    0x0800649c   Section        0  timer.o(.text)
    .text                                    0x08006524   Section        0  delay.o(.text)
    .text                                    0x08006628   Section        0  usart.o(.text)
    .text                                    0x08006770   Section       64  startup_stm32f40_41xxx.o(.text)
    $v0                                      0x08006770   Number         0  startup_stm32f40_41xxx.o(.text)
    .text                                    0x080067b0   Section        0  misc.o(.text)
    .text                                    0x08006890   Section        0  stm32f4xx_gpio.o(.text)
    .text                                    0x08006b24   Section        0  stm32f4xx_fsmc.o(.text)
    .text                                    0x080070ec   Section        0  stm32f4xx_rcc.o(.text)
    .text                                    0x08007748   Section        0  stm32f4xx_usart.o(.text)
    .text                                    0x08007b9c   Section        0  stm32f4xx_tim.o(.text)
    TI4_Config                               0x0800833b   Thumb Code    80  stm32f4xx_tim.o(.text)
    TI3_Config                               0x0800839d   Thumb Code    72  stm32f4xx_tim.o(.text)
    TI2_Config                               0x080083ff   Thumb Code    90  stm32f4xx_tim.o(.text)
    TI1_Config                               0x0800846b   Thumb Code    58  stm32f4xx_tim.o(.text)
    .text                                    0x0800883e   Section        2  use_no_semi_2.o(.text)
    .text                                    0x08008840   Section        0  noretval__2printf.o(.text)
    .text                                    0x08008858   Section        0  __printf.o(.text)
    .text                                    0x080088c0   Section        0  _printf_str.o(.text)
    .text                                    0x08008914   Section        0  _printf_dec.o(.text)
    .text                                    0x0800898c   Section        0  _printf_hex_int.o(.text)
    .text                                    0x080089e4   Section      128  strcmpv7m.o(.text)
    .text                                    0x08008a64   Section        0  heapauxi.o(.text)
    .text                                    0x08008a6a   Section        2  use_no_semi.o(.text)
    .text                                    0x08008a6c   Section        0  _rserrno.o(.text)
    .text                                    0x08008a82   Section        0  _printf_intcommon.o(.text)
    .text                                    0x08008b34   Section        0  _printf_char.o(.text)
    .text                                    0x08008b60   Section        0  _printf_char_file.o(.text)
    .text                                    0x08008b84   Section        8  rt_errno_addr_intlibspace.o(.text)
    .text                                    0x08008b8c   Section        0  _printf_char_common.o(.text)
    _printf_input_char                       0x08008b8d   Thumb Code    10  _printf_char_common.o(.text)
    .text                                    0x08008bbc   Section        0  ferror.o(.text)
    .text                                    0x08008bc4   Section        8  libspace.o(.text)
    .text                                    0x08008bcc   Section       74  sys_stackheap_outer.o(.text)
    .text                                    0x08008c16   Section        0  exit.o(.text)
    i.__hardfp_sqrt                          0x08008c28   Section        0  sqrt.o(i.__hardfp_sqrt)
    x$fpl$dadd                               0x08008ca4   Section      336  daddsub_clz.o(x$fpl$dadd)
    $v0                                      0x08008ca4   Number         0  daddsub_clz.o(x$fpl$dadd)
    _dadd1                                   0x08008cb5   Thumb Code     0  daddsub_clz.o(x$fpl$dadd)
    x$fpl$dcmpinf                            0x08008df4   Section       24  dcmpi.o(x$fpl$dcmpinf)
    $v0                                      0x08008df4   Number         0  dcmpi.o(x$fpl$dcmpinf)
    x$fpl$dfixu                              0x08008e0c   Section       90  dfixu.o(x$fpl$dfixu)
    $v0                                      0x08008e0c   Number         0  dfixu.o(x$fpl$dfixu)
    x$fpl$dflt                               0x08008e66   Section       46  dflt_clz.o(x$fpl$dflt)
    $v0                                      0x08008e66   Number         0  dflt_clz.o(x$fpl$dflt)
    x$fpl$dfltu                              0x08008e94   Section       38  dflt_clz.o(x$fpl$dfltu)
    $v0                                      0x08008e94   Number         0  dflt_clz.o(x$fpl$dfltu)
    x$fpl$dleqf                              0x08008ebc   Section      120  dleqf.o(x$fpl$dleqf)
    $v0                                      0x08008ebc   Number         0  dleqf.o(x$fpl$dleqf)
    x$fpl$dmul                               0x08008f34   Section      340  dmul.o(x$fpl$dmul)
    $v0                                      0x08008f34   Number         0  dmul.o(x$fpl$dmul)
    x$fpl$dnaninf                            0x08009088   Section      156  dnaninf.o(x$fpl$dnaninf)
    $v0                                      0x08009088   Number         0  dnaninf.o(x$fpl$dnaninf)
    x$fpl$dretinf                            0x08009124   Section       12  dretinf.o(x$fpl$dretinf)
    $v0                                      0x08009124   Number         0  dretinf.o(x$fpl$dretinf)
    x$fpl$drleqf                             0x08009130   Section      108  drleqf.o(x$fpl$drleqf)
    $v0                                      0x08009130   Number         0  drleqf.o(x$fpl$drleqf)
    x$fpl$drsb                               0x0800919c   Section       22  daddsub_clz.o(x$fpl$drsb)
    $v0                                      0x0800919c   Number         0  daddsub_clz.o(x$fpl$drsb)
    x$fpl$dsqrt                              0x080091b4   Section      408  dsqrt_umaal.o(x$fpl$dsqrt)
    $v0                                      0x080091b4   Number         0  dsqrt_umaal.o(x$fpl$dsqrt)
    x$fpl$dsub                               0x0800934c   Section      468  daddsub_clz.o(x$fpl$dsub)
    $v0                                      0x0800934c   Number         0  daddsub_clz.o(x$fpl$dsub)
    _dsub1                                   0x0800935d   Thumb Code     0  daddsub_clz.o(x$fpl$dsub)
    x$fpl$f2d                                0x08009520   Section       86  f2d.o(x$fpl$f2d)
    $v0                                      0x08009520   Number         0  f2d.o(x$fpl$f2d)
    x$fpl$fnaninf                            0x08009576   Section      140  fnaninf.o(x$fpl$fnaninf)
    $v0                                      0x08009576   Number         0  fnaninf.o(x$fpl$fnaninf)
    x$fpl$fpinit                             0x08009602   Section       10  fpinit.o(x$fpl$fpinit)
    $v0                                      0x08009602   Number         0  fpinit.o(x$fpl$fpinit)
    .constdata                               0x0800960c   Section       10  main.o(.constdata)
    x$fpl$usenofp                            0x0800960c   Section        0  usenofp.o(x$fpl$usenofp)
    .constdata                               0x08009616   Section     6080  lcd.o(.constdata)
    .constdata                               0x0800add6   Section      194  gt9147.o(.constdata)
    .constdata                               0x0800ae98   Section       10  ott2001a.o(.constdata)
    .constdata                               0x0800aea2   Section       20  ft5206.o(.constdata)
    .constdata                               0x0800aeb8   Section        4  touch.o(.constdata)
    .constdata                               0x0800aebc   Section       28  stm32f4xx_fsmc.o(.constdata)
    .constdata                               0x0800aed8   Section       40  _printf_hex_int.o(.constdata)
    uc_hextab                                0x0800aed8   Data          20  _printf_hex_int.o(.constdata)
    lc_hextab                                0x0800aeec   Data          20  _printf_hex_int.o(.constdata)
    .conststring                             0x0800af00   Section      121  touch.o(.conststring)
    .data                                    0x20000000   Section       20  system_stm32f4xx.o(.data)
    .data                                    0x20000014   Section        4  lcd.o(.data)
    .data                                    0x20000018   Section        1  key.o(.data)
    key_up                                   0x20000018   Data           1  key.o(.data)
    .data                                    0x20000019   Section        1  gt9147.o(.data)
    t                                        0x20000019   Data           1  gt9147.o(.data)
    .data                                    0x2000001a   Section        1  ott2001a.o(.data)
    t                                        0x2000001a   Data           1  ott2001a.o(.data)
    .data                                    0x2000001b   Section        7  ft5206.o(.data)
    t                                        0x20000021   Data           1  ft5206.o(.data)
    .data                                    0x20000024   Section       54  touch.o(.data)
    .data                                    0x2000005a   Section        4  delay.o(.data)
    fac_us                                   0x2000005a   Data           1  delay.o(.data)
    fac_ms                                   0x2000005c   Data           2  delay.o(.data)
    .data                                    0x20000060   Section        6  usart.o(.data)
    .data                                    0x20000066   Section       16  stm32f4xx_rcc.o(.data)
    APBAHBPrescTable                         0x20000066   Data          16  stm32f4xx_rcc.o(.data)
    .bss                                     0x20000078   Section       14  lcd.o(.bss)
    .bss                                     0x20000086   Section      200  usart.o(.bss)
    .bss                                     0x20000150   Section       96  libspace.o(.bss)
    HEAP                                     0x200001b0   Section      512  startup_stm32f40_41xxx.o(HEAP)
    Heap_Mem                                 0x200001b0   Data         512  startup_stm32f40_41xxx.o(HEAP)
    STACK                                    0x200003b0   Section     1024  startup_stm32f40_41xxx.o(STACK)
    Stack_Mem                                0x200003b0   Data        1024  startup_stm32f40_41xxx.o(STACK)
    __initial_sp                             0x200007b0   Data           0  startup_stm32f40_41xxx.o(STACK)

    Global Symbols

    Symbol Name                              Value     Ov Type        Size  Object(Section)

    BuildAttributes$$THM_ISAv4$E$P$D$K$B$S$7EM$VFPi3$EXTD16$VFPS$VFMA$PE$A:L22UL41UL21$X:L11$S22US41US21$IEEE1$IW$USESV6$~STKCKD$USESV7$~SHL$OTIME$ROPI$IEEEJ$EBA8$UX$STANDARDLIB$REQ8$PRES8$EABIv2 0x00000000   Number         0  anon$$obj.o ABSOLUTE
    __ARM_use_no_argv                        0x00000000   Number         0  main.o ABSOLUTE
    __ARM_exceptions_init                     - Undefined Weak Reference
    __alloca_initialize                       - Undefined Weak Reference
    __arm_preinit_                            - Undefined Weak Reference
    __cpp_initialize__aeabi_                  - Undefined Weak Reference
    __cxa_finalize                            - Undefined Weak Reference
    __rt_locale                               - Undefined Weak Reference
    __sigvec_lookup                           - Undefined Weak Reference
    _atexit_init                              - Undefined Weak Reference
    _call_atexit_fns                          - Undefined Weak Reference
    _clock_init                               - Undefined Weak Reference
    _fp_trap_init                             - Undefined Weak Reference
    _fp_trap_shutdown                         - Undefined Weak Reference
    _get_lc_collate                           - Undefined Weak Reference
    _get_lc_ctype                             - Undefined Weak Reference
    _get_lc_monetary                          - Undefined Weak Reference
    _get_lc_numeric                           - Undefined Weak Reference
    _get_lc_time                              - Undefined Weak Reference
    _getenv_init                              - Undefined Weak Reference
    _handle_redirection                       - Undefined Weak Reference
    _init_alloc                               - Undefined Weak Reference
    _init_user_alloc                          - Undefined Weak Reference
    _initio                                   - Undefined Weak Reference
    _mutex_acquire                            - Undefined Weak Reference
    _mutex_release                            - Undefined Weak Reference
    _printf_mbtowc                            - Undefined Weak Reference
    _printf_post_padding                      - Undefined Weak Reference
    _printf_pre_padding                       - Undefined Weak Reference
    _printf_truncate_signed                   - Undefined Weak Reference
    _printf_truncate_unsigned                 - Undefined Weak Reference
    _rand_init                                - Undefined Weak Reference
    _signal_finish                            - Undefined Weak Reference
    _signal_init                              - Undefined Weak Reference
    _terminate_alloc                          - Undefined Weak Reference
    _terminate_user_alloc                     - Undefined Weak Reference
    _terminateio                              - Undefined Weak Reference
    __Vectors_Size                           0x00000188   Number         0  startup_stm32f40_41xxx.o ABSOLUTE
    __Vectors                                0x08000000   Data           4  startup_stm32f40_41xxx.o(RESET)
    __Vectors_End                            0x08000188   Data           0  startup_stm32f40_41xxx.o(RESET)
    __main                                   0x08000189   Thumb Code     8  __main.o(!!!main)
    __scatterload                            0x08000191   Thumb Code     0  __scatter.o(!!!scatter)
    __scatterload_rt2                        0x08000191   Thumb Code    44  __scatter.o(!!!scatter)
    __scatterload_rt2_thumb_only             0x08000191   Thumb Code     0  __scatter.o(!!!scatter)
    __scatterload_null                       0x0800019f   Thumb Code     0  __scatter.o(!!!scatter)
    __scatterload_copy                       0x080001c5   Thumb Code    26  __scatter_copy.o(!!handler_copy)
    __scatterload_zeroinit                   0x080001e1   Thumb Code    28  __scatter_zi.o(!!handler_zi)
    _printf_d                                0x080001fd   Thumb Code     0  _printf_d.o(.ARM.Collect$$_printf_percent$$00000009)
    _printf_percent                          0x080001fd   Thumb Code     0  _printf_percent.o(.ARM.Collect$$_printf_percent$$00000000)
    _printf_x                                0x08000203   Thumb Code     0  _printf_x.o(.ARM.Collect$$_printf_percent$$0000000C)
    _printf_s                                0x08000209   Thumb Code     0  _printf_s.o(.ARM.Collect$$_printf_percent$$00000014)
    _printf_percent_end                      0x0800020f   Thumb Code     0  _printf_percent_end.o(.ARM.Collect$$_printf_percent$$00000017)
    __rt_lib_init                            0x08000213   Thumb Code     0  libinit.o(.ARM.Collect$$libinit$$00000000)
    __rt_lib_init_fp_1                       0x08000215   Thumb Code     0  libinit2.o(.ARM.Collect$$libinit$$00000001)
    __rt_lib_init_alloca_1                   0x08000219   Thumb Code     0  libinit2.o(.ARM.Collect$$libinit$$0000002E)
    __rt_lib_init_argv_1                     0x08000219   Thumb Code     0  libinit2.o(.ARM.Collect$$libinit$$0000002C)
    __rt_lib_init_atexit_1                   0x08000219   Thumb Code     0  libinit2.o(.ARM.Collect$$libinit$$0000001B)
    __rt_lib_init_clock_1                    0x08000219   Thumb Code     0  libinit2.o(.ARM.Collect$$libinit$$00000021)
    __rt_lib_init_cpp_1                      0x08000219   Thumb Code     0  libinit2.o(.ARM.Collect$$libinit$$00000032)
    __rt_lib_init_exceptions_1               0x08000219   Thumb Code     0  libinit2.o(.ARM.Collect$$libinit$$00000030)
    __rt_lib_init_fp_trap_1                  0x08000219   Thumb Code     0  libinit2.o(.ARM.Collect$$libinit$$0000001F)
    __rt_lib_init_getenv_1                   0x08000219   Thumb Code     0  libinit2.o(.ARM.Collect$$libinit$$00000023)
    __rt_lib_init_heap_1                     0x08000219   Thumb Code     0  libinit2.o(.ARM.Collect$$libinit$$0000000A)
    __rt_lib_init_lc_collate_1               0x08000219   Thumb Code     0  libinit2.o(.ARM.Collect$$libinit$$00000011)
    __rt_lib_init_lc_ctype_1                 0x08000219   Thumb Code     0  libinit2.o(.ARM.Collect$$libinit$$00000013)
    __rt_lib_init_lc_monetary_1              0x08000219   Thumb Code     0  libinit2.o(.ARM.Collect$$libinit$$00000015)
    __rt_lib_init_lc_numeric_1               0x08000219   Thumb Code     0  libinit2.o(.ARM.Collect$$libinit$$00000017)
    __rt_lib_init_lc_time_1                  0x08000219   Thumb Code     0  libinit2.o(.ARM.Collect$$libinit$$00000019)
    __rt_lib_init_preinit_1                  0x08000219   Thumb Code     0  libinit2.o(.ARM.Collect$$libinit$$00000004)
    __rt_lib_init_rand_1                     0x08000219   Thumb Code     0  libinit2.o(.ARM.Collect$$libinit$$0000000E)
    __rt_lib_init_return                     0x08000219   Thumb Code     0  libinit2.o(.ARM.Collect$$libinit$$00000033)
    __rt_lib_init_signal_1                   0x08000219   Thumb Code     0  libinit2.o(.ARM.Collect$$libinit$$0000001D)
    __rt_lib_init_stdio_1                    0x08000219   Thumb Code     0  libinit2.o(.ARM.Collect$$libinit$$00000025)
    __rt_lib_init_user_alloc_1               0x08000219   Thumb Code     0  libinit2.o(.ARM.Collect$$libinit$$0000000C)
    __rt_lib_shutdown                        0x0800021b   Thumb Code     0  libshutdown.o(.ARM.Collect$$libshutdown$$00000000)
    __rt_lib_shutdown_cpp_1                  0x0800021d   Thumb Code     0  libshutdown2.o(.ARM.Collect$$libshutdown$$00000002)
    __rt_lib_shutdown_fp_trap_1              0x0800021d   Thumb Code     0  libshutdown2.o(.ARM.Collect$$libshutdown$$00000007)
    __rt_lib_shutdown_heap_1                 0x0800021d   Thumb Code     0  libshutdown2.o(.ARM.Collect$$libshutdown$$0000000F)
    __rt_lib_shutdown_return                 0x0800021d   Thumb Code     0  libshutdown2.o(.ARM.Collect$$libshutdown$$00000010)
    __rt_lib_shutdown_signal_1               0x0800021d   Thumb Code     0  libshutdown2.o(.ARM.Collect$$libshutdown$$0000000A)
    __rt_lib_shutdown_stdio_1                0x0800021d   Thumb Code     0  libshutdown2.o(.ARM.Collect$$libshutdown$$00000004)
    __rt_lib_shutdown_user_alloc_1           0x0800021d   Thumb Code     0  libshutdown2.o(.ARM.Collect$$libshutdown$$0000000C)
    __rt_entry                               0x0800021f   Thumb Code     0  __rtentry.o(.ARM.Collect$$rtentry$$00000000)
    __rt_entry_presh_1                       0x0800021f   Thumb Code     0  __rtentry2.o(.ARM.Collect$$rtentry$$00000002)
    __rt_entry_sh                            0x0800021f   Thumb Code     0  __rtentry4.o(.ARM.Collect$$rtentry$$00000004)
    __rt_entry_li                            0x08000225   Thumb Code     0  __rtentry2.o(.ARM.Collect$$rtentry$$0000000A)
    __rt_entry_postsh_1                      0x08000225   Thumb Code     0  __rtentry2.o(.ARM.Collect$$rtentry$$00000009)
    __rt_entry_main                          0x08000229   Thumb Code     0  __rtentry2.o(.ARM.Collect$$rtentry$$0000000D)
    __rt_entry_postli_1                      0x08000229   Thumb Code     0  __rtentry2.o(.ARM.Collect$$rtentry$$0000000C)
    __rt_exit                                0x08000231   Thumb Code     0  rtexit.o(.ARM.Collect$$rtexit$$00000000)
    __rt_exit_ls                             0x08000233   Thumb Code     0  rtexit2.o(.ARM.Collect$$rtexit$$00000003)
    __rt_exit_prels_1                        0x08000233   Thumb Code     0  rtexit2.o(.ARM.Collect$$rtexit$$00000002)
    __rt_exit_exit                           0x08000237   Thumb Code     0  rtexit2.o(.ARM.Collect$$rtexit$$00000004)
    Load_Drow_Dialog                         0x0800023d   Thumb Code    52  main.o(.text)
    gui_draw_hline                           0x08000271   Thumb Code    36  main.o(.text)
    gui_fill_circle                          0x08000295   Thumb Code   176  main.o(.text)
    my_abs                                   0x08000345   Thumb Code    18  main.o(.text)
    lcd_draw_bline                           0x08000357   Thumb Code   212  main.o(.text)
    rtp_test                                 0x0800042b   Thumb Code   164  main.o(.text)
    ctp_test                                 0x080004cf   Thumb Code   276  main.o(.text)
    main                                     0x080005e3   Thumb Code   252  main.o(.text)
    NMI_Handler                              0x08000719   Thumb Code     2  stm32f4xx_it.o(.text)
    HardFault_Handler                        0x0800071b   Thumb Code     4  stm32f4xx_it.o(.text)
    MemManage_Handler                        0x0800071f   Thumb Code     4  stm32f4xx_it.o(.text)
    BusFault_Handler                         0x08000723   Thumb Code     4  stm32f4xx_it.o(.text)
    UsageFault_Handler                       0x08000727   Thumb Code     4  stm32f4xx_it.o(.text)
    SVC_Handler                              0x0800072b   Thumb Code     2  stm32f4xx_it.o(.text)
    DebugMon_Handler                         0x0800072d   Thumb Code     2  stm32f4xx_it.o(.text)
    PendSV_Handler                           0x0800072f   Thumb Code     2  stm32f4xx_it.o(.text)
    SysTick_Handler                          0x08000731   Thumb Code     2  stm32f4xx_it.o(.text)
    SystemInit                               0x08000811   Thumb Code    88  system_stm32f4xx.o(.text)
    SystemCoreClockUpdate                    0x08000869   Thumb Code   174  system_stm32f4xx.o(.text)
    LED_Init                                 0x08000945   Thumb Code    60  led.o(.text)
    LCD_WR_REG                               0x08000985   Thumb Code    18  lcd.o(.text)
    LCD_WR_DATA                              0x08000997   Thumb Code    20  lcd.o(.text)
    LCD_RD_DATA                              0x080009ab   Thumb Code    16  lcd.o(.text)
    LCD_WriteReg                             0x080009bb   Thumb Code    14  lcd.o(.text)
    LCD_ReadReg                              0x080009c9   Thumb Code    22  lcd.o(.text)
    LCD_WriteRAM_Prepare                     0x080009df   Thumb Code    10  lcd.o(.text)
    LCD_WriteRAM                             0x080009e9   Thumb Code     8  lcd.o(.text)
    LCD_BGR2RGB                              0x080009f1   Thumb Code    26  lcd.o(.text)
    opt_delay                                0x08000a0b   Thumb Code    14  lcd.o(.text)
    LCD_SetCursor                            0x08000a19   Thumb Code   282  lcd.o(.text)
    LCD_ReadPoint                            0x08000b33   Thumb Code   132  lcd.o(.text)
    LCD_DisplayOn                            0x08000bb7   Thumb Code    32  lcd.o(.text)
    LCD_DisplayOff                           0x08000bd7   Thumb Code    32  lcd.o(.text)
    LCD_Scan_Dir                             0x08000bf7   Thumb Code   570  lcd.o(.text)
    LCD_DrawPoint                            0x08000e31   Thumb Code    28  lcd.o(.text)
    LCD_Fast_DrawPoint                       0x08000e4d   Thumb Code   238  lcd.o(.text)
    LCD_SSD_BackLightSet                     0x08000f3b   Thumb Code    88  lcd.o(.text)
    LCD_Display_Dir                          0x08000f93   Thumb Code   298  lcd.o(.text)
    LCD_Set_Window                           0x080010bd   Thumb Code   384  lcd.o(.text)
    LCD_Clear                                0x0800123d   Thumb Code    42  lcd.o(.text)
    LCD_Init                                 0x08001267   Thumb Code 10318  lcd.o(.text)
    LCD_Fill                                 0x08003ab5   Thumb Code    82  lcd.o(.text)
    LCD_Color_Fill                           0x08003b07   Thumb Code    92  lcd.o(.text)
    LCD_DrawLine                             0x08003b63   Thumb Code   176  lcd.o(.text)
    LCD_DrawRectangle                        0x08003c13   Thumb Code    60  lcd.o(.text)
    LCD_Draw_Circle                          0x08003c4f   Thumb Code   152  lcd.o(.text)
    LCD_ShowChar                             0x08003ce7   Thumb Code   284  lcd.o(.text)
    LCD_Pow                                  0x08003e03   Thumb Code    22  lcd.o(.text)
    LCD_ShowNum                              0x08003e19   Thumb Code   148  lcd.o(.text)
    LCD_ShowxNum                             0x08003ead   Thumb Code   190  lcd.o(.text)
    LCD_ShowString                           0x08003f6b   Thumb Code   102  lcd.o(.text)
    KEY_Init                                 0x08003fe9   Thumb Code    60  key.o(.text)
    KEY_Scan                                 0x08004025   Thumb Code   188  key.o(.text)
    IIC_Init                                 0x080040ed   Thumb Code    62  myiic.o(.text)
    IIC_Start                                0x0800412b   Thumb Code    68  myiic.o(.text)
    IIC_Stop                                 0x0800416f   Thumb Code    62  myiic.o(.text)
    IIC_Wait_Ack                             0x080041ad   Thumb Code    82  myiic.o(.text)
    IIC_Ack                                  0x080041ff   Thumb Code    66  myiic.o(.text)
    IIC_NAck                                 0x08004241   Thumb Code    66  myiic.o(.text)
    IIC_Send_Byte                            0x08004283   Thumb Code    90  myiic.o(.text)
    IIC_Read_Byte                            0x080042dd   Thumb Code    94  myiic.o(.text)
    AT24CXX_Init                             0x08004349   Thumb Code     8  24cxx.o(.text)
    AT24CXX_ReadOneByte                      0x08004351   Thumb Code    88  24cxx.o(.text)
    AT24CXX_WriteOneByte                     0x080043a9   Thumb Code    80  24cxx.o(.text)
    AT24CXX_WriteLenByte                     0x080043f9   Thumb Code    42  24cxx.o(.text)
    AT24CXX_ReadLenByte                      0x08004423   Thumb Code    44  24cxx.o(.text)
    AT24CXX_Check                            0x0800444f   Thumb Code    46  24cxx.o(.text)
    AT24CXX_Read                             0x0800447d   Thumb Code    34  24cxx.o(.text)
    AT24CXX_Write                            0x0800449f   Thumb Code    36  24cxx.o(.text)
    CT_Delay                                 0x080044c5   Thumb Code    10  ctiic.o(.text)
    CT_IIC_Init                              0x080044cf   Thumb Code    56  ctiic.o(.text)
    CT_IIC_Start                             0x08004507   Thumb Code    42  ctiic.o(.text)
    CT_IIC_Stop                              0x08004531   Thumb Code    36  ctiic.o(.text)
    CT_IIC_Wait_Ack                          0x08004555   Thumb Code    76  ctiic.o(.text)
    CT_IIC_Ack                               0x080045a1   Thumb Code    48  ctiic.o(.text)
    CT_IIC_NAck                              0x080045d1   Thumb Code    36  ctiic.o(.text)
    CT_IIC_Send_Byte                         0x080045f5   Thumb Code    56  ctiic.o(.text)
    CT_IIC_Read_Byte                         0x0800462d   Thumb Code    70  ctiic.o(.text)
    GT9147_WR_Reg                            0x0800468d   Thumb Code    92  gt9147.o(.text)
    GT9147_Send_Cfg                          0x080046e9   Thumb Code    86  gt9147.o(.text)
    GT9147_RD_Reg                            0x0800473f   Thumb Code    98  gt9147.o(.text)
    GT9147_Init                              0x080047a1   Thumb Code   248  gt9147.o(.text)
    GT9147_Scan                              0x08004899   Thumb Code   470  gt9147.o(.text)
    OTT2001A_WR_Reg                          0x08004abd   Thumb Code    92  ott2001a.o(.text)
    OTT2001A_RD_Reg                          0x08004b19   Thumb Code    98  ott2001a.o(.text)
    OTT2001A_SensorControl                   0x08004b7b   Thumb Code    28  ott2001a.o(.text)
    OTT2001A_Init                            0x08004b97   Thumb Code   142  ott2001a.o(.text)
    OTT2001A_Scan                            0x08004c25   Thumb Code   478  ott2001a.o(.text)
    FT5206_WR_Reg                            0x08004e45   Thumb Code    82  ft5206.o(.text)
    FT5206_RD_Reg                            0x08004e97   Thumb Code    88  ft5206.o(.text)
    FT5206_Init                              0x08004eef   Thumb Code   288  ft5206.o(.text)
    FT5206_Scan                              0x0800500f   Thumb Code   932  ft5206.o(.text)
    TP_Write_Byte                            0x080053bd   Thumb Code    64  touch.o(.text)
    TP_Read_AD                               0x080053fd   Thumb Code   132  touch.o(.text)
    TP_Read_XOY                              0x08005481   Thumb Code   120  touch.o(.text)
    TP_Read_XY                               0x080054f9   Thumb Code    38  touch.o(.text)
    TP_Read_XY2                              0x0800551f   Thumb Code   192  touch.o(.text)
    TP_Drow_Touch_Point                      0x080055df   Thumb Code   108  touch.o(.text)
    TP_Draw_Big_Point                        0x0800564b   Thumb Code    54  touch.o(.text)
    TP_Scan                                  0x08005681   Thumb Code   244  touch.o(.text)
    TP_Save_Adjdata                          0x08005775   Thumb Code   166  touch.o(.text)
    TP_Get_Adjdata                           0x0800581b   Thumb Code   160  touch.o(.text)
    TP_Adj_Info_Show                         0x080058bb   Thumb Code   374  touch.o(.text)
    TP_Adjust                                0x08005a31   Thumb Code  2290  touch.o(.text)
    TP_Init                                  0x08006323   Thumb Code   290  touch.o(.text)
    TIM3_Int_Init                            0x0800649d   Thumb Code    88  timer.o(.text)
    TIM3_IRQHandler                          0x080064f5   Thumb Code    40  timer.o(.text)
    delay_init                               0x08006525   Thumb Code    52  delay.o(.text)
    delay_us                                 0x08006559   Thumb Code    72  delay.o(.text)
    delay_xms                                0x080065a1   Thumb Code    72  delay.o(.text)
    delay_ms                                 0x080065e9   Thumb Code    56  delay.o(.text)
    _sys_exit                                0x08006629   Thumb Code     4  usart.o(.text)
    fputc                                    0x0800662d   Thumb Code    22  usart.o(.text)
    uart_init                                0x08006643   Thumb Code   164  usart.o(.text)
    USART1_IRQHandler                        0x080066e7   Thumb Code   122  usart.o(.text)
    Reset_Handler                            0x08006771   Thumb Code     8  startup_stm32f40_41xxx.o(.text)
    ADC_IRQHandler                           0x0800678b   Thumb Code     0  startup_stm32f40_41xxx.o(.text)
    CAN1_RX0_IRQHandler                      0x0800678b   Thumb Code     0  startup_stm32f40_41xxx.o(.text)
    CAN1_RX1_IRQHandler                      0x0800678b   Thumb Code     0  startup_stm32f40_41xxx.o(.text)
    CAN1_SCE_IRQHandler                      0x0800678b   Thumb Code     0  startup_stm32f40_41xxx.o(.text)
    CAN1_TX_IRQHandler                       0x0800678b   Thumb Code     0  startup_stm32f40_41xxx.o(.text)
    CAN2_RX0_IRQHandler                      0x0800678b   Thumb Code     0  startup_stm32f40_41xxx.o(.text)
    CAN2_RX1_IRQHandler                      0x0800678b   Thumb Code     0  startup_stm32f40_41xxx.o(.text)
    CAN2_SCE_IRQHandler                      0x0800678b   Thumb Code     0  startup_stm32f40_41xxx.o(.text)
    CAN2_TX_IRQHandler                       0x0800678b   Thumb Code     0  startup_stm32f40_41xxx.o(.text)
    CRYP_IRQHandler                          0x0800678b   Thumb Code     0  startup_stm32f40_41xxx.o(.text)
    DCMI_IRQHandler                          0x0800678b   Thumb Code     0  startup_stm32f40_41xxx.o(.text)
    DMA1_Stream0_IRQHandler                  0x0800678b   Thumb Code     0  startup_stm32f40_41xxx.o(.text)
    DMA1_Stream1_IRQHandler                  0x0800678b   Thumb Code     0  startup_stm32f40_41xxx.o(.text)
    DMA1_Stream2_IRQHandler                  0x0800678b   Thumb Code     0  startup_stm32f40_41xxx.o(.text)
    DMA1_Stream3_IRQHandler                  0x0800678b   Thumb Code     0  startup_stm32f40_41xxx.o(.text)
    DMA1_Stream4_IRQHandler                  0x0800678b   Thumb Code     0  startup_stm32f40_41xxx.o(.text)
    DMA1_Stream5_IRQHandler                  0x0800678b   Thumb Code     0  startup_stm32f40_41xxx.o(.text)
    DMA1_Stream6_IRQHandler                  0x0800678b   Thumb Code     0  startup_stm32f40_41xxx.o(.text)
    DMA1_Stream7_IRQHandler                  0x0800678b   Thumb Code     0  startup_stm32f40_41xxx.o(.text)
    DMA2_Stream0_IRQHandler                  0x0800678b   Thumb Code     0  startup_stm32f40_41xxx.o(.text)
    DMA2_Stream1_IRQHandler                  0x0800678b   Thumb Code     0  startup_stm32f40_41xxx.o(.text)
    DMA2_Stream2_IRQHandler                  0x0800678b   Thumb Code     0  startup_stm32f40_41xxx.o(.text)
    DMA2_Stream3_IRQHandler                  0x0800678b   Thumb Code     0  startup_stm32f40_41xxx.o(.text)
    DMA2_Stream4_IRQHandler                  0x0800678b   Thumb Code     0  startup_stm32f40_41xxx.o(.text)
    DMA2_Stream5_IRQHandler                  0x0800678b   Thumb Code     0  startup_stm32f40_41xxx.o(.text)
    DMA2_Stream6_IRQHandler                  0x0800678b   Thumb Code     0  startup_stm32f40_41xxx.o(.text)
    DMA2_Stream7_IRQHandler                  0x0800678b   Thumb Code     0  startup_stm32f40_41xxx.o(.text)
    ETH_IRQHandler                           0x0800678b   Thumb Code     0  startup_stm32f40_41xxx.o(.text)
    ETH_WKUP_IRQHandler                      0x0800678b   Thumb Code     0  startup_stm32f40_41xxx.o(.text)
    EXTI0_IRQHandler                         0x0800678b   Thumb Code     0  startup_stm32f40_41xxx.o(.text)
    EXTI15_10_IRQHandler                     0x0800678b   Thumb Code     0  startup_stm32f40_41xxx.o(.text)
    EXTI1_IRQHandler                         0x0800678b   Thumb Code     0  startup_stm32f40_41xxx.o(.text)
    EXTI2_IRQHandler                         0x0800678b   Thumb Code     0  startup_stm32f40_41xxx.o(.text)
    EXTI3_IRQHandler                         0x0800678b   Thumb Code     0  startup_stm32f40_41xxx.o(.text)
    EXTI4_IRQHandler                         0x0800678b   Thumb Code     0  startup_stm32f40_41xxx.o(.text)
    EXTI9_5_IRQHandler                       0x0800678b   Thumb Code     0  startup_stm32f40_41xxx.o(.text)
    FLASH_IRQHandler                         0x0800678b   Thumb Code     0  startup_stm32f40_41xxx.o(.text)
    FPU_IRQHandler                           0x0800678b   Thumb Code     0  startup_stm32f40_41xxx.o(.text)
    FSMC_IRQHandler                          0x0800678b   Thumb Code     0  startup_stm32f40_41xxx.o(.text)
    HASH_RNG_IRQHandler                      0x0800678b   Thumb Code     0  startup_stm32f40_41xxx.o(.text)
    I2C1_ER_IRQHandler                       0x0800678b   Thumb Code     0  startup_stm32f40_41xxx.o(.text)
    I2C1_EV_IRQHandler                       0x0800678b   Thumb Code     0  startup_stm32f40_41xxx.o(.text)
    I2C2_ER_IRQHandler                       0x0800678b   Thumb Code     0  startup_stm32f40_41xxx.o(.text)
    I2C2_EV_IRQHandler                       0x0800678b   Thumb Code     0  startup_stm32f40_41xxx.o(.text)
    I2C3_ER_IRQHandler                       0x0800678b   Thumb Code     0  startup_stm32f40_41xxx.o(.text)
    I2C3_EV_IRQHandler                       0x0800678b   Thumb Code     0  startup_stm32f40_41xxx.o(.text)
    OTG_FS_IRQHandler                        0x0800678b   Thumb Code     0  startup_stm32f40_41xxx.o(.text)
    OTG_FS_WKUP_IRQHandler                   0x0800678b   Thumb Code     0  startup_stm32f40_41xxx.o(.text)
    OTG_HS_EP1_IN_IRQHandler                 0x0800678b   Thumb Code     0  startup_stm32f40_41xxx.o(.text)
    OTG_HS_EP1_OUT_IRQHandler                0x0800678b   Thumb Code     0  startup_stm32f40_41xxx.o(.text)
    OTG_HS_IRQHandler                        0x0800678b   Thumb Code     0  startup_stm32f40_41xxx.o(.text)
    OTG_HS_WKUP_IRQHandler                   0x0800678b   Thumb Code     0  startup_stm32f40_41xxx.o(.text)
    PVD_IRQHandler                           0x0800678b   Thumb Code     0  startup_stm32f40_41xxx.o(.text)
    RCC_IRQHandler                           0x0800678b   Thumb Code     0  startup_stm32f40_41xxx.o(.text)
    RTC_Alarm_IRQHandler                     0x0800678b   Thumb Code     0  startup_stm32f40_41xxx.o(.text)
    RTC_WKUP_IRQHandler                      0x0800678b   Thumb Code     0  startup_stm32f40_41xxx.o(.text)
    SDIO_IRQHandler                          0x0800678b   Thumb Code     0  startup_stm32f40_41xxx.o(.text)
    SPI1_IRQHandler                          0x0800678b   Thumb Code     0  startup_stm32f40_41xxx.o(.text)
    SPI2_IRQHandler                          0x0800678b   Thumb Code     0  startup_stm32f40_41xxx.o(.text)
    SPI3_IRQHandler                          0x0800678b   Thumb Code     0  startup_stm32f40_41xxx.o(.text)
    TAMP_STAMP_IRQHandler                    0x0800678b   Thumb Code     0  startup_stm32f40_41xxx.o(.text)
    TIM1_BRK_TIM9_IRQHandler                 0x0800678b   Thumb Code     0  startup_stm32f40_41xxx.o(.text)
    TIM1_CC_IRQHandler                       0x0800678b   Thumb Code     0  startup_stm32f40_41xxx.o(.text)
    TIM1_TRG_COM_TIM11_IRQHandler            0x0800678b   Thumb Code     0  startup_stm32f40_41xxx.o(.text)
    TIM1_UP_TIM10_IRQHandler                 0x0800678b   Thumb Code     0  startup_stm32f40_41xxx.o(.text)
    TIM2_IRQHandler                          0x0800678b   Thumb Code     0  startup_stm32f40_41xxx.o(.text)
    TIM4_IRQHandler                          0x0800678b   Thumb Code     0  startup_stm32f40_41xxx.o(.text)
    TIM5_IRQHandler                          0x0800678b   Thumb Code     0  startup_stm32f40_41xxx.o(.text)
    TIM6_DAC_IRQHandler                      0x0800678b   Thumb Code     0  startup_stm32f40_41xxx.o(.text)
    TIM7_IRQHandler                          0x0800678b   Thumb Code     0  startup_stm32f40_41xxx.o(.text)
    TIM8_BRK_TIM12_IRQHandler                0x0800678b   Thumb Code     0  startup_stm32f40_41xxx.o(.text)
    TIM8_CC_IRQHandler                       0x0800678b   Thumb Code     0  startup_stm32f40_41xxx.o(.text)
    TIM8_TRG_COM_TIM14_IRQHandler            0x0800678b   Thumb Code     0  startup_stm32f40_41xxx.o(.text)
    TIM8_UP_TIM13_IRQHandler                 0x0800678b   Thumb Code     0  startup_stm32f40_41xxx.o(.text)
    UART4_IRQHandler                         0x0800678b   Thumb Code     0  startup_stm32f40_41xxx.o(.text)
    UART5_IRQHandler                         0x0800678b   Thumb Code     0  startup_stm32f40_41xxx.o(.text)
    USART2_IRQHandler                        0x0800678b   Thumb Code     0  startup_stm32f40_41xxx.o(.text)
    USART3_IRQHandler                        0x0800678b   Thumb Code     0  startup_stm32f40_41xxx.o(.text)
    USART6_IRQHandler                        0x0800678b   Thumb Code     0  startup_stm32f40_41xxx.o(.text)
    WWDG_IRQHandler                          0x0800678b   Thumb Code     0  startup_stm32f40_41xxx.o(.text)
    __user_initial_stackheap                 0x0800678d   Thumb Code     0  startup_stm32f40_41xxx.o(.text)
    NVIC_PriorityGroupConfig                 0x080067b1   Thumb Code    10  misc.o(.text)
    NVIC_Init                                0x080067bb   Thumb Code   106  misc.o(.text)
    NVIC_SetVectorTable                      0x08006825   Thumb Code    14  misc.o(.text)
    NVIC_SystemLPConfig                      0x08006833   Thumb Code    34  misc.o(.text)
    SysTick_CLKSourceConfig                  0x08006855   Thumb Code    40  misc.o(.text)
    GPIO_DeInit                              0x08006891   Thumb Code   268  stm32f4xx_gpio.o(.text)
    GPIO_Init                                0x0800699d   Thumb Code   144  stm32f4xx_gpio.o(.text)
    GPIO_StructInit                          0x08006a2d   Thumb Code    18  stm32f4xx_gpio.o(.text)
    GPIO_PinLockConfig                       0x08006a3f   Thumb Code    34  stm32f4xx_gpio.o(.text)
    GPIO_ReadInputDataBit                    0x08006a61   Thumb Code    18  stm32f4xx_gpio.o(.text)
    GPIO_ReadInputData                       0x08006a73   Thumb Code     8  stm32f4xx_gpio.o(.text)
    GPIO_ReadOutputDataBit                   0x08006a7b   Thumb Code    18  stm32f4xx_gpio.o(.text)
    GPIO_ReadOutputData                      0x08006a8d   Thumb Code     8  stm32f4xx_gpio.o(.text)
    GPIO_SetBits                             0x08006a95   Thumb Code     4  stm32f4xx_gpio.o(.text)
    GPIO_ResetBits                           0x08006a99   Thumb Code     4  stm32f4xx_gpio.o(.text)
    GPIO_WriteBit                            0x08006a9d   Thumb Code    10  stm32f4xx_gpio.o(.text)
    GPIO_Write                               0x08006aa7   Thumb Code     4  stm32f4xx_gpio.o(.text)
    GPIO_ToggleBits                          0x08006aab   Thumb Code     8  stm32f4xx_gpio.o(.text)
    GPIO_PinAFConfig                         0x08006ab3   Thumb Code    70  stm32f4xx_gpio.o(.text)
    FSMC_NORSRAMDeInit                       0x08006b25   Thumb Code    54  stm32f4xx_fsmc.o(.text)
    FSMC_NORSRAMInit                         0x08006b5b   Thumb Code   230  stm32f4xx_fsmc.o(.text)
    FSMC_NORSRAMStructInit                   0x08006c41   Thumb Code    48  stm32f4xx_fsmc.o(.text)
    FSMC_NORSRAMCmd                          0x08006c71   Thumb Code    46  stm32f4xx_fsmc.o(.text)
    FSMC_NANDDeInit                          0x08006c9f   Thumb Code    62  stm32f4xx_fsmc.o(.text)
    FSMC_NANDInit                            0x08006cdd   Thumb Code   132  stm32f4xx_fsmc.o(.text)
    FSMC_NANDStructInit                      0x08006d61   Thumb Code    54  stm32f4xx_fsmc.o(.text)
    FSMC_NANDCmd                             0x08006d97   Thumb Code    86  stm32f4xx_fsmc.o(.text)
    FSMC_NANDECCCmd                          0x08006ded   Thumb Code    86  stm32f4xx_fsmc.o(.text)
    FSMC_GetECC                              0x08006e43   Thumb Code    24  stm32f4xx_fsmc.o(.text)
    FSMC_PCCARDDeInit                        0x08006e5b   Thumb Code    36  stm32f4xx_fsmc.o(.text)
    FSMC_PCCARDInit                          0x08006e7f   Thumb Code   130  stm32f4xx_fsmc.o(.text)
    FSMC_PCCARDStructInit                    0x08006f01   Thumb Code    60  stm32f4xx_fsmc.o(.text)
    FSMC_PCCARDCmd                           0x08006f3d   Thumb Code    44  stm32f4xx_fsmc.o(.text)
    FSMC_ITConfig                            0x08006f69   Thumb Code   128  stm32f4xx_fsmc.o(.text)
    FSMC_GetFlagStatus                       0x08006fe9   Thumb Code    54  stm32f4xx_fsmc.o(.text)
    FSMC_ClearFlag                           0x0800701f   Thumb Code    74  stm32f4xx_fsmc.o(.text)
    FSMC_GetITStatus                         0x08007069   Thumb Code    62  stm32f4xx_fsmc.o(.text)
    FSMC_ClearITPendingBit                   0x080070a7   Thumb Code    66  stm32f4xx_fsmc.o(.text)
    RCC_DeInit                               0x080070ed   Thumb Code    82  stm32f4xx_rcc.o(.text)
    RCC_HSEConfig                            0x0800713f   Thumb Code    14  stm32f4xx_rcc.o(.text)
    RCC_GetFlagStatus                        0x0800714d   Thumb Code    60  stm32f4xx_rcc.o(.text)
    RCC_WaitForHSEStartUp                    0x08007189   Thumb Code    56  stm32f4xx_rcc.o(.text)
    RCC_AdjustHSICalibrationValue            0x080071c1   Thumb Code    20  stm32f4xx_rcc.o(.text)
    RCC_HSICmd                               0x080071d5   Thumb Code     6  stm32f4xx_rcc.o(.text)
    RCC_LSEConfig                            0x080071db   Thumb Code    46  stm32f4xx_rcc.o(.text)
    RCC_LSICmd                               0x08007209   Thumb Code     6  stm32f4xx_rcc.o(.text)
    RCC_PLLConfig                            0x0800720f   Thumb Code    32  stm32f4xx_rcc.o(.text)
    RCC_PLLCmd                               0x0800722f   Thumb Code     6  stm32f4xx_rcc.o(.text)
    RCC_PLLI2SConfig                         0x08007235   Thumb Code    14  stm32f4xx_rcc.o(.text)
    RCC_PLLI2SCmd                            0x08007243   Thumb Code     6  stm32f4xx_rcc.o(.text)
    RCC_PLLSAIConfig                         0x08007249   Thumb Code    20  stm32f4xx_rcc.o(.text)
    RCC_PLLSAICmd                            0x0800725d   Thumb Code     6  stm32f4xx_rcc.o(.text)
    RCC_ClockSecuritySystemCmd               0x08007263   Thumb Code     6  stm32f4xx_rcc.o(.text)
    RCC_MCO1Config                           0x08007269   Thumb Code    28  stm32f4xx_rcc.o(.text)
    RCC_MCO2Config                           0x08007285   Thumb Code    28  stm32f4xx_rcc.o(.text)
    RCC_SYSCLKConfig                         0x080072a1   Thumb Code    20  stm32f4xx_rcc.o(.text)
    RCC_GetSYSCLKSource                      0x080072b5   Thumb Code    12  stm32f4xx_rcc.o(.text)
    RCC_HCLKConfig                           0x080072c1   Thumb Code    20  stm32f4xx_rcc.o(.text)
    RCC_PCLK1Config                          0x080072d5   Thumb Code    20  stm32f4xx_rcc.o(.text)
    RCC_PCLK2Config                          0x080072e9   Thumb Code    22  stm32f4xx_rcc.o(.text)
    RCC_GetClocksFreq                        0x080072ff   Thumb Code   222  stm32f4xx_rcc.o(.text)
    RCC_RTCCLKConfig                         0x080073dd   Thumb Code    54  stm32f4xx_rcc.o(.text)
    RCC_RTCCLKCmd                            0x08007413   Thumb Code     8  stm32f4xx_rcc.o(.text)
    RCC_BackupResetCmd                       0x0800741b   Thumb Code     8  stm32f4xx_rcc.o(.text)
    RCC_I2SCLKConfig                         0x08007423   Thumb Code     6  stm32f4xx_rcc.o(.text)
    RCC_SAIPLLI2SClkDivConfig                0x08007429   Thumb Code    26  stm32f4xx_rcc.o(.text)
    RCC_SAIPLLSAIClkDivConfig                0x08007443   Thumb Code    28  stm32f4xx_rcc.o(.text)
    RCC_SAIBlockACLKConfig                   0x0800745f   Thumb Code    20  stm32f4xx_rcc.o(.text)
    RCC_SAIBlockBCLKConfig                   0x08007473   Thumb Code    20  stm32f4xx_rcc.o(.text)
    RCC_LTDCCLKDivConfig                     0x08007487   Thumb Code    20  stm32f4xx_rcc.o(.text)
    RCC_TIMCLKPresConfig                     0x0800749b   Thumb Code     6  stm32f4xx_rcc.o(.text)
    RCC_AHB1PeriphClockCmd                   0x080074a1   Thumb Code    34  stm32f4xx_rcc.o(.text)
    RCC_AHB2PeriphClockCmd                   0x080074c3   Thumb Code    78  stm32f4xx_rcc.o(.text)
    RCC_AHB3PeriphClockCmd                   0x08007511   Thumb Code    34  stm32f4xx_rcc.o(.text)
    RCC_APB1PeriphClockCmd                   0x08007533   Thumb Code    34  stm32f4xx_rcc.o(.text)
    RCC_APB2PeriphClockCmd                   0x08007555   Thumb Code    34  stm32f4xx_rcc.o(.text)
    RCC_AHB1PeriphResetCmd                   0x08007577   Thumb Code    34  stm32f4xx_rcc.o(.text)
    RCC_AHB2PeriphResetCmd                   0x08007599   Thumb Code    34  stm32f4xx_rcc.o(.text)
    RCC_AHB3PeriphResetCmd                   0x080075bb   Thumb Code    34  stm32f4xx_rcc.o(.text)
    RCC_APB1PeriphResetCmd                   0x080075dd   Thumb Code    34  stm32f4xx_rcc.o(.text)
    RCC_APB2PeriphResetCmd                   0x080075ff   Thumb Code    34  stm32f4xx_rcc.o(.text)
    RCC_AHB1PeriphClockLPModeCmd             0x08007621   Thumb Code    34  stm32f4xx_rcc.o(.text)
    RCC_AHB2PeriphClockLPModeCmd             0x08007643   Thumb Code    34  stm32f4xx_rcc.o(.text)
    RCC_AHB3PeriphClockLPModeCmd             0x08007665   Thumb Code    34  stm32f4xx_rcc.o(.text)
    RCC_APB1PeriphClockLPModeCmd             0x08007687   Thumb Code    34  stm32f4xx_rcc.o(.text)
    RCC_APB2PeriphClockLPModeCmd             0x080076a9   Thumb Code    34  stm32f4xx_rcc.o(.text)
    RCC_LSEModeConfig                        0x080076cb   Thumb Code    40  stm32f4xx_rcc.o(.text)
    RCC_ITConfig                             0x080076f3   Thumb Code    34  stm32f4xx_rcc.o(.text)
    RCC_ClearFlag                            0x08007715   Thumb Code    18  stm32f4xx_rcc.o(.text)
    RCC_GetITStatus                          0x08007727   Thumb Code    22  stm32f4xx_rcc.o(.text)
    RCC_ClearITPendingBit                    0x0800773d   Thumb Code     8  stm32f4xx_rcc.o(.text)
    USART_DeInit                             0x08007749   Thumb Code   206  stm32f4xx_usart.o(.text)
    USART_Init                               0x08007817   Thumb Code   204  stm32f4xx_usart.o(.text)
    USART_StructInit                         0x080078e3   Thumb Code    24  stm32f4xx_usart.o(.text)
    USART_ClockInit                          0x080078fb   Thumb Code    32  stm32f4xx_usart.o(.text)
    USART_ClockStructInit                    0x0800791b   Thumb Code    12  stm32f4xx_usart.o(.text)
    USART_Cmd                                0x08007927   Thumb Code    24  stm32f4xx_usart.o(.text)
    USART_SetPrescaler                       0x0800793f   Thumb Code    16  stm32f4xx_usart.o(.text)
    USART_OverSampling8Cmd                   0x0800794f   Thumb Code    22  stm32f4xx_usart.o(.text)
    USART_OneBitMethodCmd                    0x08007965   Thumb Code    24  stm32f4xx_usart.o(.text)
    USART_SendData                           0x0800797d   Thumb Code     8  stm32f4xx_usart.o(.text)
    USART_ReceiveData                        0x08007985   Thumb Code    10  stm32f4xx_usart.o(.text)
    USART_SetAddress                         0x0800798f   Thumb Code    18  stm32f4xx_usart.o(.text)
    USART_ReceiverWakeUpCmd                  0x080079a1   Thumb Code    24  stm32f4xx_usart.o(.text)
    USART_WakeUpConfig                       0x080079b9   Thumb Code    18  stm32f4xx_usart.o(.text)
    USART_LINBreakDetectLengthConfig         0x080079cb   Thumb Code    18  stm32f4xx_usart.o(.text)
    USART_LINCmd                             0x080079dd   Thumb Code    24  stm32f4xx_usart.o(.text)
    USART_SendBreak                          0x080079f5   Thumb Code    10  stm32f4xx_usart.o(.text)
    USART_HalfDuplexCmd                      0x080079ff   Thumb Code    24  stm32f4xx_usart.o(.text)
    USART_SetGuardTime                       0x08007a17   Thumb Code    16  stm32f4xx_usart.o(.text)
    USART_SmartCardCmd                       0x08007a27   Thumb Code    24  stm32f4xx_usart.o(.text)
    USART_SmartCardNACKCmd                   0x08007a3f   Thumb Code    24  stm32f4xx_usart.o(.text)
    USART_IrDAConfig                         0x08007a57   Thumb Code    18  stm32f4xx_usart.o(.text)
    USART_IrDACmd                            0x08007a69   Thumb Code    24  stm32f4xx_usart.o(.text)
    USART_DMACmd                             0x08007a81   Thumb Code    18  stm32f4xx_usart.o(.text)
    USART_ITConfig                           0x08007a93   Thumb Code    74  stm32f4xx_usart.o(.text)
    USART_GetFlagStatus                      0x08007add   Thumb Code    26  stm32f4xx_usart.o(.text)
    USART_ClearFlag                          0x08007af7   Thumb Code    18  stm32f4xx_usart.o(.text)
    USART_GetITStatus                        0x08007b09   Thumb Code   118  stm32f4xx_usart.o(.text)
    USART_ClearITPendingBit                  0x08007b7f   Thumb Code    30  stm32f4xx_usart.o(.text)
    TIM_DeInit                               0x08007b9d   Thumb Code   346  stm32f4xx_tim.o(.text)
    TIM_TimeBaseInit                         0x08007cf7   Thumb Code   104  stm32f4xx_tim.o(.text)
    TIM_TimeBaseStructInit                   0x08007d5f   Thumb Code    18  stm32f4xx_tim.o(.text)
    TIM_PrescalerConfig                      0x08007d71   Thumb Code     6  stm32f4xx_tim.o(.text)
    TIM_CounterModeConfig                    0x08007d77   Thumb Code    18  stm32f4xx_tim.o(.text)
    TIM_SetCounter                           0x08007d89   Thumb Code     4  stm32f4xx_tim.o(.text)
    TIM_SetAutoreload                        0x08007d8d   Thumb Code     4  stm32f4xx_tim.o(.text)
    TIM_GetCounter                           0x08007d91   Thumb Code     6  stm32f4xx_tim.o(.text)
    TIM_GetPrescaler                         0x08007d97   Thumb Code     6  stm32f4xx_tim.o(.text)
    TIM_UpdateDisableConfig                  0x08007d9d   Thumb Code    24  stm32f4xx_tim.o(.text)
    TIM_UpdateRequestConfig                  0x08007db5   Thumb Code    24  stm32f4xx_tim.o(.text)
    TIM_ARRPreloadConfig                     0x08007dcd   Thumb Code    24  stm32f4xx_tim.o(.text)
    TIM_SelectOnePulseMode                   0x08007de5   Thumb Code    18  stm32f4xx_tim.o(.text)
    TIM_SetClockDivision                     0x08007df7   Thumb Code    18  stm32f4xx_tim.o(.text)
    TIM_Cmd                                  0x08007e09   Thumb Code    24  stm32f4xx_tim.o(.text)
    TIM_OC1Init                              0x08007e21   Thumb Code   114  stm32f4xx_tim.o(.text)
    TIM_OC2Init                              0x08007e93   Thumb Code   154  stm32f4xx_tim.o(.text)
    TIM_OC3Init                              0x08007f2d   Thumb Code   204  stm32f4xx_tim.o(.text)
    TIM_OC4Init                              0x08007ff9   Thumb Code   112  stm32f4xx_tim.o(.text)
    TIM_OCStructInit                         0x08008069   Thumb Code    20  stm32f4xx_tim.o(.text)
    TIM_SelectOCxM                           0x0800807d   Thumb Code    86  stm32f4xx_tim.o(.text)
    TIM_SetCompare1                          0x080080d3   Thumb Code     4  stm32f4xx_tim.o(.text)
    TIM_SetCompare2                          0x080080d7   Thumb Code     4  stm32f4xx_tim.o(.text)
    TIM_SetCompare3                          0x080080db   Thumb Code     4  stm32f4xx_tim.o(.text)
    TIM_SetCompare4                          0x080080df   Thumb Code     4  stm32f4xx_tim.o(.text)
    TIM_ForcedOC1Config                      0x080080e3   Thumb Code    18  stm32f4xx_tim.o(.text)
    TIM_ForcedOC2Config                      0x080080f5   Thumb Code    26  stm32f4xx_tim.o(.text)
    TIM_ForcedOC3Config                      0x0800810f   Thumb Code    18  stm32f4xx_tim.o(.text)
    TIM_ForcedOC4Config                      0x08008121   Thumb Code    26  stm32f4xx_tim.o(.text)
    TIM_OC1PreloadConfig                     0x0800813b   Thumb Code    18  stm32f4xx_tim.o(.text)
    TIM_OC2PreloadConfig                     0x0800814d   Thumb Code    26  stm32f4xx_tim.o(.text)
    TIM_OC3PreloadConfig                     0x08008167   Thumb Code    18  stm32f4xx_tim.o(.text)
    TIM_OC4PreloadConfig                     0x08008179   Thumb Code    26  stm32f4xx_tim.o(.text)
    TIM_OC1FastConfig                        0x08008193   Thumb Code    18  stm32f4xx_tim.o(.text)
    TIM_OC2FastConfig                        0x080081a5   Thumb Code    26  stm32f4xx_tim.o(.text)
    TIM_OC3FastConfig                        0x080081bf   Thumb Code    18  stm32f4xx_tim.o(.text)
    TIM_OC4FastConfig                        0x080081d1   Thumb Code    26  stm32f4xx_tim.o(.text)
    TIM_ClearOC1Ref                          0x080081eb   Thumb Code    18  stm32f4xx_tim.o(.text)
    TIM_ClearOC2Ref                          0x080081fd   Thumb Code    24  stm32f4xx_tim.o(.text)
    TIM_ClearOC3Ref                          0x08008215   Thumb Code    18  stm32f4xx_tim.o(.text)
    TIM_ClearOC4Ref                          0x08008227   Thumb Code    24  stm32f4xx_tim.o(.text)
    TIM_OC1PolarityConfig                    0x0800823f   Thumb Code    18  stm32f4xx_tim.o(.text)
    TIM_OC1NPolarityConfig                   0x08008251   Thumb Code    18  stm32f4xx_tim.o(.text)
    TIM_OC2PolarityConfig                    0x08008263   Thumb Code    26  stm32f4xx_tim.o(.text)
    TIM_OC2NPolarityConfig                   0x0800827d   Thumb Code    26  stm32f4xx_tim.o(.text)
    TIM_OC3PolarityConfig                    0x08008297   Thumb Code    26  stm32f4xx_tim.o(.text)
    TIM_OC3NPolarityConfig                   0x080082b1   Thumb Code    26  stm32f4xx_tim.o(.text)
    TIM_OC4PolarityConfig                    0x080082cb   Thumb Code    26  stm32f4xx_tim.o(.text)
    TIM_CCxCmd                               0x080082e5   Thumb Code    30  stm32f4xx_tim.o(.text)
    TIM_CCxNCmd                              0x08008303   Thumb Code    30  stm32f4xx_tim.o(.text)
    TIM_SetIC4Prescaler                      0x08008321   Thumb Code    26  stm32f4xx_tim.o(.text)
    TIM_SetIC3Prescaler                      0x0800838b   Thumb Code    18  stm32f4xx_tim.o(.text)
    TIM_SetIC2Prescaler                      0x080083e5   Thumb Code    26  stm32f4xx_tim.o(.text)
    TIM_SetIC1Prescaler                      0x08008459   Thumb Code    18  stm32f4xx_tim.o(.text)
    TIM_ICInit                               0x080084a5   Thumb Code   110  stm32f4xx_tim.o(.text)
    TIM_ICStructInit                         0x08008513   Thumb Code    18  stm32f4xx_tim.o(.text)
    TIM_PWMIConfig                           0x08008525   Thumb Code   124  stm32f4xx_tim.o(.text)
    TIM_GetCapture1                          0x080085a1   Thumb Code     6  stm32f4xx_tim.o(.text)
    TIM_GetCapture2                          0x080085a7   Thumb Code     6  stm32f4xx_tim.o(.text)
    TIM_GetCapture3                          0x080085ad   Thumb Code     6  stm32f4xx_tim.o(.text)
    TIM_GetCapture4                          0x080085b3   Thumb Code     6  stm32f4xx_tim.o(.text)
    TIM_BDTRConfig                           0x080085b9   Thumb Code    32  stm32f4xx_tim.o(.text)
    TIM_BDTRStructInit                       0x080085d9   Thumb Code    18  stm32f4xx_tim.o(.text)
    TIM_CtrlPWMOutputs                       0x080085eb   Thumb Code    30  stm32f4xx_tim.o(.text)
    TIM_SelectCOM                            0x08008609   Thumb Code    24  stm32f4xx_tim.o(.text)
    TIM_CCPreloadControl                     0x08008621   Thumb Code    24  stm32f4xx_tim.o(.text)
    TIM_ITConfig                             0x08008639   Thumb Code    18  stm32f4xx_tim.o(.text)
    TIM_GenerateEvent                        0x0800864b   Thumb Code     4  stm32f4xx_tim.o(.text)
    TIM_GetFlagStatus                        0x0800864f   Thumb Code    18  stm32f4xx_tim.o(.text)
    TIM_ClearFlag                            0x08008661   Thumb Code     6  stm32f4xx_tim.o(.text)
    TIM_GetITStatus                          0x08008667   Thumb Code    34  stm32f4xx_tim.o(.text)
    TIM_ClearITPendingBit                    0x08008689   Thumb Code     6  stm32f4xx_tim.o(.text)
    TIM_DMAConfig                            0x0800868f   Thumb Code    10  stm32f4xx_tim.o(.text)
    TIM_DMACmd                               0x08008699   Thumb Code    18  stm32f4xx_tim.o(.text)
    TIM_SelectCCDMA                          0x080086ab   Thumb Code    24  stm32f4xx_tim.o(.text)
    TIM_InternalClockConfig                  0x080086c3   Thumb Code    12  stm32f4xx_tim.o(.text)
    TIM_SelectInputTrigger                   0x080086cf   Thumb Code    18  stm32f4xx_tim.o(.text)
    TIM_ITRxExternalClockConfig              0x080086e1   Thumb Code    24  stm32f4xx_tim.o(.text)
    TIM_TIxExternalClockConfig               0x080086f9   Thumb Code    62  stm32f4xx_tim.o(.text)
    TIM_ETRConfig                            0x08008737   Thumb Code    28  stm32f4xx_tim.o(.text)
    TIM_ETRClockMode1Config                  0x08008753   Thumb Code    54  stm32f4xx_tim.o(.text)
    TIM_ETRClockMode2Config                  0x08008789   Thumb Code    32  stm32f4xx_tim.o(.text)
    TIM_SelectOutputTrigger                  0x080087a9   Thumb Code    18  stm32f4xx_tim.o(.text)
    TIM_SelectSlaveMode                      0x080087bb   Thumb Code    18  stm32f4xx_tim.o(.text)
    TIM_SelectMasterSlaveMode                0x080087cd   Thumb Code    18  stm32f4xx_tim.o(.text)
    TIM_EncoderInterfaceConfig               0x080087df   Thumb Code    66  stm32f4xx_tim.o(.text)
    TIM_SelectHallSensor                     0x08008821   Thumb Code    24  stm32f4xx_tim.o(.text)
    TIM_RemapConfig                          0x08008839   Thumb Code     6  stm32f4xx_tim.o(.text)
    __use_no_semihosting                     0x0800883f   Thumb Code     2  use_no_semi_2.o(.text)
    __2printf                                0x08008841   Thumb Code    20  noretval__2printf.o(.text)
    __printf                                 0x08008859   Thumb Code   104  __printf.o(.text)
    _printf_str                              0x080088c1   Thumb Code    82  _printf_str.o(.text)
    _printf_int_dec                          0x08008915   Thumb Code   104  _printf_dec.o(.text)
    _printf_int_hex                          0x0800898d   Thumb Code    84  _printf_hex_int.o(.text)
    _printf_longlong_hex                     0x0800898d   Thumb Code     0  _printf_hex_int.o(.text)
    strcmp                                   0x080089e5   Thumb Code   128  strcmpv7m.o(.text)
    __use_two_region_memory                  0x08008a65   Thumb Code     2  heapauxi.o(.text)
    __rt_heap_escrow$2region                 0x08008a67   Thumb Code     2  heapauxi.o(.text)
    __rt_heap_expand$2region                 0x08008a69   Thumb Code     2  heapauxi.o(.text)
    __I$use$semihosting                      0x08008a6b   Thumb Code     0  use_no_semi.o(.text)
    __use_no_semihosting_swi                 0x08008a6b   Thumb Code     2  use_no_semi.o(.text)
    __read_errno                             0x08008a6d   Thumb Code    10  _rserrno.o(.text)
    __set_errno                              0x08008a77   Thumb Code    12  _rserrno.o(.text)
    _printf_int_common                       0x08008a83   Thumb Code   178  _printf_intcommon.o(.text)
    _printf_cs_common                        0x08008b35   Thumb Code    20  _printf_char.o(.text)
    _printf_char                             0x08008b49   Thumb Code    16  _printf_char.o(.text)
    _printf_string                           0x08008b59   Thumb Code     8  _printf_char.o(.text)
    _printf_char_file                        0x08008b61   Thumb Code    32  _printf_char_file.o(.text)
    __aeabi_errno_addr                       0x08008b85   Thumb Code     8  rt_errno_addr_intlibspace.o(.text)
    __errno$intlibspace                      0x08008b85   Thumb Code     0  rt_errno_addr_intlibspace.o(.text)
    __rt_errno_addr$intlibspace              0x08008b85   Thumb Code     0  rt_errno_addr_intlibspace.o(.text)
    _printf_char_common                      0x08008b97   Thumb Code    32  _printf_char_common.o(.text)
    ferror                                   0x08008bbd   Thumb Code     8  ferror.o(.text)
    __user_libspace                          0x08008bc5   Thumb Code     8  libspace.o(.text)
    __user_perproc_libspace                  0x08008bc5   Thumb Code     0  libspace.o(.text)
    __user_perthread_libspace                0x08008bc5   Thumb Code     0  libspace.o(.text)
    __user_setup_stackheap                   0x08008bcd   Thumb Code    74  sys_stackheap_outer.o(.text)
    exit                                     0x08008c17   Thumb Code    18  exit.o(.text)
    __hardfp_sqrt                            0x08008c29   Thumb Code   122  sqrt.o(i.__hardfp_sqrt)
    __aeabi_dadd                             0x08008ca5   Thumb Code     0  daddsub_clz.o(x$fpl$dadd)
    _dadd                                    0x08008ca5   Thumb Code   332  daddsub_clz.o(x$fpl$dadd)
    __fpl_dcmp_Inf                           0x08008df5   Thumb Code    24  dcmpi.o(x$fpl$dcmpinf)
    __aeabi_d2uiz                            0x08008e0d   Thumb Code     0  dfixu.o(x$fpl$dfixu)
    _dfixu                                   0x08008e0d   Thumb Code    90  dfixu.o(x$fpl$dfixu)
    __aeabi_i2d                              0x08008e67   Thumb Code     0  dflt_clz.o(x$fpl$dflt)
    _dflt                                    0x08008e67   Thumb Code    46  dflt_clz.o(x$fpl$dflt)
    __aeabi_ui2d                             0x08008e95   Thumb Code     0  dflt_clz.o(x$fpl$dfltu)
    _dfltu                                   0x08008e95   Thumb Code    38  dflt_clz.o(x$fpl$dfltu)
    __aeabi_cdcmple                          0x08008ebd   Thumb Code     0  dleqf.o(x$fpl$dleqf)
    _dcmple                                  0x08008ebd   Thumb Code   120  dleqf.o(x$fpl$dleqf)
    __fpl_dcmple_InfNaN                      0x08008f1f   Thumb Code     0  dleqf.o(x$fpl$dleqf)
    __aeabi_dmul                             0x08008f35   Thumb Code     0  dmul.o(x$fpl$dmul)
    _dmul                                    0x08008f35   Thumb Code   332  dmul.o(x$fpl$dmul)
    __fpl_dnaninf                            0x08009089   Thumb Code   156  dnaninf.o(x$fpl$dnaninf)
    __fpl_dretinf                            0x08009125   Thumb Code    12  dretinf.o(x$fpl$dretinf)
    __aeabi_cdrcmple                         0x08009131   Thumb Code     0  drleqf.o(x$fpl$drleqf)
    _drcmple                                 0x08009131   Thumb Code   108  drleqf.o(x$fpl$drleqf)
    __aeabi_drsub                            0x0800919d   Thumb Code     0  daddsub_clz.o(x$fpl$drsb)
    _drsb                                    0x0800919d   Thumb Code    22  daddsub_clz.o(x$fpl$drsb)
    _dsqrt                                   0x080091b5   Thumb Code   404  dsqrt_umaal.o(x$fpl$dsqrt)
    __aeabi_dsub                             0x0800934d   Thumb Code     0  daddsub_clz.o(x$fpl$dsub)
    _dsub                                    0x0800934d   Thumb Code   464  daddsub_clz.o(x$fpl$dsub)
    __aeabi_f2d                              0x08009521   Thumb Code     0  f2d.o(x$fpl$f2d)
    _f2d                                     0x08009521   Thumb Code    86  f2d.o(x$fpl$f2d)
    __fpl_fnaninf                            0x08009577   Thumb Code   140  fnaninf.o(x$fpl$fnaninf)
    _fp_init                                 0x08009603   Thumb Code    10  fpinit.o(x$fpl$fpinit)
    __fplib_config_fpu_vfp                   0x0800960b   Thumb Code     0  fpinit.o(x$fpl$fpinit)
    __fplib_config_pureend_doubles           0x0800960b   Thumb Code     0  fpinit.o(x$fpl$fpinit)
    POINT_COLOR_TBL                          0x0800960c   Data          10  main.o(.constdata)
    __I$use$fp                               0x0800960c   Number         0  usenofp.o(x$fpl$usenofp)
    asc2_1206                                0x08009616   Data        1140  lcd.o(.constdata)
    asc2_1608                                0x08009a8a   Data        1520  lcd.o(.constdata)
    asc2_2412                                0x0800a07a   Data        3420  lcd.o(.constdata)
    GT9147_CFG_TBL                           0x0800add6   Data         184  gt9147.o(.constdata)
    GT9147_TPX_TBL                           0x0800ae8e   Data          10  gt9147.o(.constdata)
    OTT_TPX_TBL                              0x0800ae98   Data          10  ott2001a.o(.constdata)
    FT5206_TPX_TBL                           0x0800aea2   Data          10  ft5206.o(.constdata)
    GT911_TPX_TBL                            0x0800aeac   Data          10  ft5206.o(.constdata)
    TP_REMIND_MSG_TBL                        0x0800aeb8   Data           4  touch.o(.constdata)
    FSMC_DefaultTimingStruct                 0x0800aebc   Data          28  stm32f4xx_fsmc.o(.constdata)
    Region$$Table$$Base                      0x0800af7c   Number         0  anon$$obj.o(Region$$Table)
    Region$$Table$$Limit                     0x0800af9c   Number         0  anon$$obj.o(Region$$Table)
    SystemCoreClock                          0x20000000   Data           4  system_stm32f4xx.o(.data)
    AHBPrescTable                            0x20000004   Data          16  system_stm32f4xx.o(.data)
    POINT_COLOR                              0x20000014   Data           2  lcd.o(.data)
    BACK_COLOR                               0x20000016   Data           2  lcd.o(.data)
    CIP                                      0x2000001b   Data           5  ft5206.o(.data)
    g_gt_tnum                                0x20000020   Data           1  ft5206.o(.data)
    tp_dev                                   0x20000024   Data          52  touch.o(.data)
    CMD_RDX                                  0x20000058   Data           1  touch.o(.data)
    CMD_RDY                                  0x20000059   Data           1  touch.o(.data)
    __stdout                                 0x20000060   Data           4  usart.o(.data)
    USART_RX_STA                             0x20000064   Data           2  usart.o(.data)
    lcddev                                   0x20000078   Data          14  lcd.o(.bss)
    USART_RX_BUF                             0x20000086   Data         200  usart.o(.bss)
    __libspace_start                         0x20000150   Data          96  libspace.o(.bss)
    __temporary_stack_top$libspace           0x200001b0   Data           0  libspace.o(.bss)



==============================================================================

Memory Map of the image

  Image Entry point : 0x08000189

  Load Region LR_IROM1 (Base: 0x08000000, Size: 0x0000b014, Max: 0x00100000, ABSOLUTE)

    Execution Region ER_IROM1 (Exec base: 0x08000000, Load base: 0x08000000, Size: 0x0000af9c, Max: 0x00100000, ABSOLUTE)

    Exec Addr    Load Addr    Size         Type   Attr      Idx    E Section Name        Object

    0x08000000   0x08000000   0x00000188   Data   RO          597    RESET               startup_stm32f40_41xxx.o
    0x08000188   0x08000188   0x00000008   Code   RO          810  * !!!main             c_w.l(__main.o)
    0x08000190   0x08000190   0x00000034   Code   RO         1034    !!!scatter          c_w.l(__scatter.o)
    0x080001c4   0x080001c4   0x0000001a   Code   RO         1036    !!handler_copy      c_w.l(__scatter_copy.o)
    0x080001de   0x080001de   0x00000002   PAD
    0x080001e0   0x080001e0   0x0000001c   Code   RO         1038    !!handler_zi        c_w.l(__scatter_zi.o)
    0x080001fc   0x080001fc   0x00000000   Code   RO          805    .ARM.Collect$$_printf_percent$$00000000  c_w.l(_printf_percent.o)
    0x080001fc   0x080001fc   0x00000006   Code   RO          804    .ARM.Collect$$_printf_percent$$00000009  c_w.l(_printf_d.o)
    0x08000202   0x08000202   0x00000006   Code   RO          803    .ARM.Collect$$_printf_percent$$0000000C  c_w.l(_printf_x.o)
    0x08000208   0x08000208   0x00000006   Code   RO          802    .ARM.Collect$$_printf_percent$$00000014  c_w.l(_printf_s.o)
    0x0800020e   0x0800020e   0x00000004   Code   RO          859    .ARM.Collect$$_printf_percent$$00000017  c_w.l(_printf_percent_end.o)
    0x08000212   0x08000212   0x00000002   Code   RO          911    .ARM.Collect$$libinit$$00000000  c_w.l(libinit.o)
    0x08000214   0x08000214   0x00000004   Code   RO          914    .ARM.Collect$$libinit$$00000001  c_w.l(libinit2.o)
    0x08000218   0x08000218   0x00000000   Code   RO          917    .ARM.Collect$$libinit$$00000004  c_w.l(libinit2.o)
    0x08000218   0x08000218   0x00000000   Code   RO          920    .ARM.Collect$$libinit$$0000000A  c_w.l(libinit2.o)
    0x08000218   0x08000218   0x00000000   Code   RO          922    .ARM.Collect$$libinit$$0000000C  c_w.l(libinit2.o)
    0x08000218   0x08000218   0x00000000   Code   RO          924    .ARM.Collect$$libinit$$0000000E  c_w.l(libinit2.o)
    0x08000218   0x08000218   0x00000000   Code   RO          927    .ARM.Collect$$libinit$$00000011  c_w.l(libinit2.o)
    0x08000218   0x08000218   0x00000000   Code   RO          929    .ARM.Collect$$libinit$$00000013  c_w.l(libinit2.o)
    0x08000218   0x08000218   0x00000000   Code   RO          931    .ARM.Collect$$libinit$$00000015  c_w.l(libinit2.o)
    0x08000218   0x08000218   0x00000000   Code   RO          933    .ARM.Collect$$libinit$$00000017  c_w.l(libinit2.o)
    0x08000218   0x08000218   0x00000000   Code   RO          935    .ARM.Collect$$libinit$$00000019  c_w.l(libinit2.o)
    0x08000218   0x08000218   0x00000000   Code   RO          937    .ARM.Collect$$libinit$$0000001B  c_w.l(libinit2.o)
    0x08000218   0x08000218   0x00000000   Code   RO          939    .ARM.Collect$$libinit$$0000001D  c_w.l(libinit2.o)
    0x08000218   0x08000218   0x00000000   Code   RO          941    .ARM.Collect$$libinit$$0000001F  c_w.l(libinit2.o)
    0x08000218   0x08000218   0x00000000   Code   RO          943    .ARM.Collect$$libinit$$00000021  c_w.l(libinit2.o)
    0x08000218   0x08000218   0x00000000   Code   RO          945    .ARM.Collect$$libinit$$00000023  c_w.l(libinit2.o)
    0x08000218   0x08000218   0x00000000   Code   RO          947    .ARM.Collect$$libinit$$00000025  c_w.l(libinit2.o)
    0x08000218   0x08000218   0x00000000   Code   RO          951    .ARM.Collect$$libinit$$0000002C  c_w.l(libinit2.o)
    0x08000218   0x08000218   0x00000000   Code   RO          953    .ARM.Collect$$libinit$$0000002E  c_w.l(libinit2.o)
    0x08000218   0x08000218   0x00000000   Code   RO          955    .ARM.Collect$$libinit$$00000030  c_w.l(libinit2.o)
    0x08000218   0x08000218   0x00000000   Code   RO          957    .ARM.Collect$$libinit$$00000032  c_w.l(libinit2.o)
    0x08000218   0x08000218   0x00000002   Code   RO          958    .ARM.Collect$$libinit$$00000033  c_w.l(libinit2.o)
    0x0800021a   0x0800021a   0x00000002   Code   RO          976    .ARM.Collect$$libshutdown$$00000000  c_w.l(libshutdown.o)
    0x0800021c   0x0800021c   0x00000000   Code   RO          986    .ARM.Collect$$libshutdown$$00000002  c_w.l(libshutdown2.o)
    0x0800021c   0x0800021c   0x00000000   Code   RO          988    .ARM.Collect$$libshutdown$$00000004  c_w.l(libshutdown2.o)
    0x0800021c   0x0800021c   0x00000000   Code   RO          991    .ARM.Collect$$libshutdown$$00000007  c_w.l(libshutdown2.o)
    0x0800021c   0x0800021c   0x00000000   Code   RO          994    .ARM.Collect$$libshutdown$$0000000A  c_w.l(libshutdown2.o)
    0x0800021c   0x0800021c   0x00000000   Code   RO          996    .ARM.Collect$$libshutdown$$0000000C  c_w.l(libshutdown2.o)
    0x0800021c   0x0800021c   0x00000000   Code   RO          999    .ARM.Collect$$libshutdown$$0000000F  c_w.l(libshutdown2.o)
    0x0800021c   0x0800021c   0x00000002   Code   RO         1000    .ARM.Collect$$libshutdown$$00000010  c_w.l(libshutdown2.o)
    0x0800021e   0x0800021e   0x00000000   Code   RO          850    .ARM.Collect$$rtentry$$00000000  c_w.l(__rtentry.o)
    0x0800021e   0x0800021e   0x00000000   Code   RO          872    .ARM.Collect$$rtentry$$00000002  c_w.l(__rtentry2.o)
    0x0800021e   0x0800021e   0x00000006   Code   RO          884    .ARM.Collect$$rtentry$$00000004  c_w.l(__rtentry4.o)
    0x08000224   0x08000224   0x00000000   Code   RO          874    .ARM.Collect$$rtentry$$00000009  c_w.l(__rtentry2.o)
    0x08000224   0x08000224   0x00000004   Code   RO          875    .ARM.Collect$$rtentry$$0000000A  c_w.l(__rtentry2.o)
    0x08000228   0x08000228   0x00000000   Code   RO          877    .ARM.Collect$$rtentry$$0000000C  c_w.l(__rtentry2.o)
    0x08000228   0x08000228   0x00000008   Code   RO          878    .ARM.Collect$$rtentry$$0000000D  c_w.l(__rtentry2.o)
    0x08000230   0x08000230   0x00000002   Code   RO          912    .ARM.Collect$$rtexit$$00000000  c_w.l(rtexit.o)
    0x08000232   0x08000232   0x00000000   Code   RO          960    .ARM.Collect$$rtexit$$00000002  c_w.l(rtexit2.o)
    0x08000232   0x08000232   0x00000004   Code   RO          961    .ARM.Collect$$rtexit$$00000003  c_w.l(rtexit2.o)
    0x08000236   0x08000236   0x00000006   Code   RO          962    .ARM.Collect$$rtexit$$00000004  c_w.l(rtexit2.o)
    0x0800023c   0x0800023c   0x000004dc   Code   RO            3    .text               main.o
    0x08000718   0x08000718   0x0000001a   Code   RO          176    .text               stm32f4xx_it.o
    0x08000732   0x08000732   0x00000002   PAD
    0x08000734   0x08000734   0x00000210   Code   RO          225    .text               system_stm32f4xx.o
    0x08000944   0x08000944   0x00000040   Code   RO          251    .text               led.o
    0x08000984   0x08000984   0x00003664   Code   RO          271    .text               lcd.o
    0x08003fe8   0x08003fe8   0x00000104   Code   RO          309    .text               key.o
    0x080040ec   0x080040ec   0x0000025c   Code   RO          330    .text               myiic.o
    0x08004348   0x08004348   0x0000017a   Code   RO          353    .text               24cxx.o
    0x080044c2   0x080044c2   0x00000002   PAD
    0x080044c4   0x080044c4   0x000001c8   Code   RO          376    .text               ctiic.o
    0x0800468c   0x0800468c   0x00000430   Code   RO          399    .text               gt9147.o
    0x08004abc   0x08004abc   0x00000388   Code   RO          426    .text               ott2001a.o
    0x08004e44   0x08004e44   0x00000578   Code   RO          450    .text               ft5206.o
    0x080053bc   0x080053bc   0x000010e0   Code   RO          474    .text               touch.o
    0x0800649c   0x0800649c   0x00000088   Code   RO          506    .text               timer.o
    0x08006524   0x08006524   0x00000104   Code   RO          526    .text               delay.o
    0x08006628   0x08006628   0x00000148   Code   RO          566    .text               usart.o
    0x08006770   0x08006770   0x00000040   Code   RO          598    .text               startup_stm32f40_41xxx.o
    0x080067b0   0x080067b0   0x000000e0   Code   RO          604    .text               misc.o
    0x08006890   0x08006890   0x00000294   Code   RO          624    .text               stm32f4xx_gpio.o
    0x08006b24   0x08006b24   0x000005c8   Code   RO          644    .text               stm32f4xx_fsmc.o
    0x080070ec   0x080070ec   0x0000065c   Code   RO          667    .text               stm32f4xx_rcc.o
    0x08007748   0x08007748   0x00000454   Code   RO          709    .text               stm32f4xx_usart.o
    0x08007b9c   0x08007b9c   0x00000ca2   Code   RO          729    .text               stm32f4xx_tim.o
    0x0800883e   0x0800883e   0x00000002   Code   RO          749    .text               c_w.l(use_no_semi_2.o)
    0x08008840   0x08008840   0x00000018   Code   RO          753    .text               c_w.l(noretval__2printf.o)
    0x08008858   0x08008858   0x00000068   Code   RO          755    .text               c_w.l(__printf.o)
    0x080088c0   0x080088c0   0x00000052   Code   RO          757    .text               c_w.l(_printf_str.o)
    0x08008912   0x08008912   0x00000002   PAD
    0x08008914   0x08008914   0x00000078   Code   RO          759    .text               c_w.l(_printf_dec.o)
    0x0800898c   0x0800898c   0x00000058   Code   RO          764    .text               c_w.l(_printf_hex_int.o)
    0x080089e4   0x080089e4   0x00000080   Code   RO          806    .text               c_w.l(strcmpv7m.o)
    0x08008a64   0x08008a64   0x00000006   Code   RO          808    .text               c_w.l(heapauxi.o)
    0x08008a6a   0x08008a6a   0x00000002   Code   RO          848    .text               c_w.l(use_no_semi.o)
    0x08008a6c   0x08008a6c   0x00000016   Code   RO          851    .text               c_w.l(_rserrno.o)
    0x08008a82   0x08008a82   0x000000b2   Code   RO          853    .text               c_w.l(_printf_intcommon.o)
    0x08008b34   0x08008b34   0x0000002c   Code   RO          855    .text               c_w.l(_printf_char.o)
    0x08008b60   0x08008b60   0x00000024   Code   RO          857    .text               c_w.l(_printf_char_file.o)
    0x08008b84   0x08008b84   0x00000008   Code   RO          889    .text               c_w.l(rt_errno_addr_intlibspace.o)
    0x08008b8c   0x08008b8c   0x00000030   Code   RO          891    .text               c_w.l(_printf_char_common.o)
    0x08008bbc   0x08008bbc   0x00000008   Code   RO          893    .text               c_w.l(ferror.o)
    0x08008bc4   0x08008bc4   0x00000008   Code   RO          897    .text               c_w.l(libspace.o)
    0x08008bcc   0x08008bcc   0x0000004a   Code   RO          900    .text               c_w.l(sys_stackheap_outer.o)
    0x08008c16   0x08008c16   0x00000012   Code   RO          904    .text               c_w.l(exit.o)
    0x08008c28   0x08008c28   0x0000007a   Code   RO          836    i.__hardfp_sqrt     m_wm.l(sqrt.o)
    0x08008ca2   0x08008ca2   0x00000002   PAD
    0x08008ca4   0x08008ca4   0x00000150   Code   RO          812    x$fpl$dadd          fz_wm.l(daddsub_clz.o)
    0x08008df4   0x08008df4   0x00000018   Code   RO          860    x$fpl$dcmpinf       fz_wm.l(dcmpi.o)
    0x08008e0c   0x08008e0c   0x0000005a   Code   RO          818    x$fpl$dfixu         fz_wm.l(dfixu.o)
    0x08008e66   0x08008e66   0x0000002e   Code   RO          823    x$fpl$dflt          fz_wm.l(dflt_clz.o)
    0x08008e94   0x08008e94   0x00000026   Code   RO          822    x$fpl$dfltu         fz_wm.l(dflt_clz.o)
    0x08008eba   0x08008eba   0x00000002   PAD
    0x08008ebc   0x08008ebc   0x00000078   Code   RO          828    x$fpl$dleqf         fz_wm.l(dleqf.o)
    0x08008f34   0x08008f34   0x00000154   Code   RO          830    x$fpl$dmul          fz_wm.l(dmul.o)
    0x08009088   0x08009088   0x0000009c   Code   RO          862    x$fpl$dnaninf       fz_wm.l(dnaninf.o)
    0x08009124   0x08009124   0x0000000c   Code   RO          864    x$fpl$dretinf       fz_wm.l(dretinf.o)
    0x08009130   0x08009130   0x0000006c   Code   RO          832    x$fpl$drleqf        fz_wm.l(drleqf.o)
    0x0800919c   0x0800919c   0x00000016   Code   RO          813    x$fpl$drsb          fz_wm.l(daddsub_clz.o)
    0x080091b2   0x080091b2   0x00000002   PAD
    0x080091b4   0x080091b4   0x00000198   Code   RO          866    x$fpl$dsqrt         fz_wm.l(dsqrt_umaal.o)
    0x0800934c   0x0800934c   0x000001d4   Code   RO          814    x$fpl$dsub          fz_wm.l(daddsub_clz.o)
    0x08009520   0x08009520   0x00000056   Code   RO          834    x$fpl$f2d           fz_wm.l(f2d.o)
    0x08009576   0x08009576   0x0000008c   Code   RO          868    x$fpl$fnaninf       fz_wm.l(fnaninf.o)
    0x08009602   0x08009602   0x0000000a   Code   RO          968    x$fpl$fpinit        fz_wm.l(fpinit.o)
    0x0800960c   0x0800960c   0x00000000   Code   RO          870    x$fpl$usenofp       fz_wm.l(usenofp.o)
    0x0800960c   0x0800960c   0x0000000a   Data   RO            4    .constdata          main.o
    0x08009616   0x08009616   0x000017c0   Data   RO          273    .constdata          lcd.o
    0x0800add6   0x0800add6   0x000000c2   Data   RO          400    .constdata          gt9147.o
    0x0800ae98   0x0800ae98   0x0000000a   Data   RO          427    .constdata          ott2001a.o
    0x0800aea2   0x0800aea2   0x00000014   Data   RO          451    .constdata          ft5206.o
    0x0800aeb6   0x0800aeb6   0x00000002   PAD
    0x0800aeb8   0x0800aeb8   0x00000004   Data   RO          475    .constdata          touch.o
    0x0800aebc   0x0800aebc   0x0000001c   Data   RO          645    .constdata          stm32f4xx_fsmc.o
    0x0800aed8   0x0800aed8   0x00000028   Data   RO          765    .constdata          c_w.l(_printf_hex_int.o)
    0x0800af00   0x0800af00   0x00000079   Data   RO          476    .conststring        touch.o
    0x0800af79   0x0800af79   0x00000003   PAD
    0x0800af7c   0x0800af7c   0x00000020   Data   RO         1032    Region$$Table       anon$$obj.o


    Execution Region RW_IRAM1 (Exec base: 0x20000000, Load base: 0x0800af9c, Size: 0x000007b0, Max: 0x00020000, ABSOLUTE)

    Exec Addr    Load Addr    Size         Type   Attr      Idx    E Section Name        Object

    0x20000000   0x0800af9c   0x00000014   Data   RW          226    .data               system_stm32f4xx.o
    0x20000014   0x0800afb0   0x00000004   Data   RW          274    .data               lcd.o
    0x20000018   0x0800afb4   0x00000001   Data   RW          310    .data               key.o
    0x20000019   0x0800afb5   0x00000001   Data   RW          401    .data               gt9147.o
    0x2000001a   0x0800afb6   0x00000001   Data   RW          428    .data               ott2001a.o
    0x2000001b   0x0800afb7   0x00000007   Data   RW          452    .data               ft5206.o
    0x20000022   0x0800afbe   0x00000002   PAD
    0x20000024   0x0800afc0   0x00000036   Data   RW          477    .data               touch.o
    0x2000005a   0x0800aff6   0x00000004   Data   RW          527    .data               delay.o
    0x2000005e   0x0800affa   0x00000002   PAD
    0x20000060   0x0800affc   0x00000006   Data   RW          568    .data               usart.o
    0x20000066   0x0800b002   0x00000010   Data   RW          668    .data               stm32f4xx_rcc.o
    0x20000076   0x0800b012   0x00000002   PAD
    0x20000078        -       0x0000000e   Zero   RW          272    .bss                lcd.o
    0x20000086        -       0x000000c8   Zero   RW          567    .bss                usart.o
    0x2000014e   0x0800b012   0x00000002   PAD
    0x20000150        -       0x00000060   Zero   RW          898    .bss                c_w.l(libspace.o)
    0x200001b0        -       0x00000200   Zero   RW          596    HEAP                startup_stm32f40_41xxx.o
    0x200003b0        -       0x00000400   Zero   RW          595    STACK               startup_stm32f40_41xxx.o


==============================================================================

Image component sizes


      Code (inc. data)   RO Data    RW Data    ZI Data      Debug   Object Name

       378          0          0          0          0       2914   24cxx.o
       456         26          0          0          0       2049   ctiic.o
       260          8          0          4          0       1573   delay.o
      1400         82         20          7          0       3087   ft5206.o
      1072         78        194          1          0       3222   gt9147.o
       260         12          0          1          0        924   key.o
     13924        140       6080          4         14      19358   lcd.o
        64          4          0          0          0        571   led.o
      1244        116         10          0          0     293897   main.o
       224         20          0          0          0       1913   misc.o
       604         14          0          0          0       1968   myiic.o
       904         66         10          1          0       2891   ott2001a.o
        64         26        392          0       1536        876   startup_stm32f40_41xxx.o
      1480         18         28          0          0       5790   stm32f4xx_fsmc.o
       660         44          0          0          0       4253   stm32f4xx_gpio.o
        26          0          0          0          0       1270   stm32f4xx_it.o
      1628         52          0         16          0      13176   stm32f4xx_rcc.o
      3234         60          0          0          0      23108   stm32f4xx_tim.o
      1108         34          0          0          0       7976   stm32f4xx_usart.o
       528         46          0         20          0       1919   system_stm32f4xx.o
       136          8          0          0          0        872   timer.o
      4320        228        125         54          0       7053   touch.o
       328         16          0          6        200       3442   usart.o

    ----------------------------------------------------------------------
     34306       1098       6896        120       1752     404102   Object Totals
         0          0         32          0          0          0   (incl. Generated)
         4          0          5          6          2          0   (incl. Padding)

    ----------------------------------------------------------------------

      Code (inc. data)   RO Data    RW Data    ZI Data      Debug   Library Member Name

         8          0          0          0          0         68   __main.o
       104          0          0          0          0         84   __printf.o
         0          0          0          0          0          0   __rtentry.o
        12          0          0          0          0          0   __rtentry2.o
         6          0          0          0          0          0   __rtentry4.o
        52          8          0          0          0          0   __scatter.o
        26          0          0          0          0          0   __scatter_copy.o
        28          0          0          0          0          0   __scatter_zi.o
        44          0          0          0          0        108   _printf_char.o
        48          6          0          0          0         96   _printf_char_common.o
        36          4          0          0          0         80   _printf_char_file.o
         6          0          0          0          0          0   _printf_d.o
       120         16          0          0          0         92   _printf_dec.o
        88          4         40          0          0         88   _printf_hex_int.o
       178          0          0          0          0         88   _printf_intcommon.o
         0          0          0          0          0          0   _printf_percent.o
         4          0          0          0          0          0   _printf_percent_end.o
         6          0          0          0          0          0   _printf_s.o
        82          0          0          0          0         80   _printf_str.o
         6          0          0          0          0          0   _printf_x.o
        22          0          0          0          0        100   _rserrno.o
        18          0          0          0          0         80   exit.o
         8          0          0          0          0         68   ferror.o
         6          0          0          0          0        152   heapauxi.o
         2          0          0          0          0          0   libinit.o
         6          0          0          0          0          0   libinit2.o
         2          0          0          0          0          0   libshutdown.o
         2          0          0          0          0          0   libshutdown2.o
         8          4          0          0         96         68   libspace.o
        24          4          0          0          0         84   noretval__2printf.o
         8          4          0          0          0         68   rt_errno_addr_intlibspace.o
         2          0          0          0          0          0   rtexit.o
        10          0          0          0          0          0   rtexit2.o
       128          0          0          0          0         68   strcmpv7m.o
        74          0          0          0          0         80   sys_stackheap_outer.o
         2          0          0          0          0         68   use_no_semi.o
         2          0          0          0          0         68   use_no_semi_2.o
       826         16          0          0          0        492   daddsub_clz.o
        24          0          0          0          0        116   dcmpi.o
        90          4          0          0          0        140   dfixu.o
        84          0          0          0          0        232   dflt_clz.o
       120          4          0          0          0        140   dleqf.o
       340         12          0          0          0        152   dmul.o
       156          4          0          0          0        140   dnaninf.o
        12          0          0          0          0        116   dretinf.o
       108          0          0          0          0        128   drleqf.o
       408         56          0          0          0        168   dsqrt_umaal.o
        86          4          0          0          0        132   f2d.o
       140          4          0          0          0        132   fnaninf.o
        10          0          0          0          0        116   fpinit.o
         0          0          0          0          0          0   usenofp.o
       122          0          0          0          0        148   sqrt.o

    ----------------------------------------------------------------------
      3714        154         40          0         96       4040   Library Totals
        10          0          0          0          0          0   (incl. Padding)

    ----------------------------------------------------------------------

      Code (inc. data)   RO Data    RW Data    ZI Data      Debug   Library Name

      1178         50         40          0         96       1688   c_w.l
      2404        104          0          0          0       2204   fz_wm.l
       122          0          0          0          0        148   m_wm.l

    ----------------------------------------------------------------------
      3714        154         40          0         96       4040   Library Totals

    ----------------------------------------------------------------------

==============================================================================


      Code (inc. data)   RO Data    RW Data    ZI Data      Debug   

     38020       1252       6936        120       1848     401810   Grand Totals
     38020       1252       6936        120       1848     401810   ELF Image Totals
     38020       1252       6936        120          0          0   ROM Totals

==============================================================================

    Total RO  Size (Code + RO Data)                44956 (  43.90kB)
    Total RW  Size (RW Data + ZI Data)              1968 (   1.92kB)
    Total ROM Size (Code + RO Data + RW Data)      45076 (  44.02kB)

==============================================================================

