Component: ARM Compiler 5.06 update 5 (build 528) Tool: armlink [4d35e2]

==============================================================================

Section Cross References

    main.o(.text) refers to misc.o(.text) for NVIC_PriorityGroupConfig
    main.o(.text) refers to delay.o(.text) for delay_init
    main.o(.text) refers to usart3.o(.text) for uart_init1
    main.o(.text) refers to led.o(.text) for LED_Init
    main.o(.text) refers to key.o(.text) for KEY_Init
    main.o(.text) refers to rtc.o(.text) for My_RTC_Init
    main.o(.text) refers to timer.o(.text) for TIM3_Int_Init
    main.o(.text) refers to lv_obj.o(.text) for lv_init
    main.o(.text) refers to lv_port_disp_template.o(.text) for lv_port_disp_init
    main.o(.text) refers to lv_port_indev_template.o(.text) for lv_port_indev_init
    main.o(.text) refers to lv_guitask.o(.text) for lv_mainstart
    main.o(.text) refers to lv_timer.o(.text) for lv_timer_handler
    main.o(.text) refers to voice.o(.text) for Voice_ctrol
    main.o(.text) refers to stm32f4xx_rtc.o(.text) for RTC_GetTime
    main.o(.text) refers to lv_guitask.o(.data) for RTC_TimeStruct
    system_stm32f4xx.o(.text) refers to system_stm32f4xx.o(.data) for SystemCoreClock
    led.o(.text) refers to stm32f4xx_rcc.o(.text) for RCC_AHB1PeriphClockCmd
    led.o(.text) refers to stm32f4xx_gpio.o(.text) for GPIO_Init
    led.o(.text) refers to stm32f4xx_tim.o(.text) for TIM_SetCompare1
    led.o(.text) refers to bh1750.o(.text) for read_BH1750
    lcd.o(.text) refers to delay.o(.text) for delay_us
    lcd.o(.text) refers to lcd.o(.bss) for lcddev
    lcd.o(.text) refers to dflt_clz.o(x$fpl$dfltu) for __aeabi_ui2d
    lcd.o(.text) refers to dmul.o(x$fpl$dmul) for __aeabi_dmul
    lcd.o(.text) refers to dfixu.o(x$fpl$dfixu) for __aeabi_d2uiz
    lcd.o(.text) refers to lcd.o(.data) for POINT_COLOR
    lcd.o(.text) refers to stm32f4xx_rcc.o(.text) for RCC_AHB1PeriphClockCmd
    lcd.o(.text) refers to stm32f4xx_gpio.o(.text) for GPIO_Init
    lcd.o(.text) refers to stm32f4xx_fsmc.o(.text) for FSMC_NORSRAMInit
    lcd.o(.text) refers to lcd.o(.constdata) for asc2_1206
    key.o(.text) refers to stm32f4xx_rcc.o(.text) for RCC_AHB1PeriphClockCmd
    key.o(.text) refers to stm32f4xx_gpio.o(.text) for GPIO_Init
    key.o(.text) refers to delay.o(.text) for delay_ms
    key.o(.text) refers to key.o(.data) for key_up
    myiic.o(.text) refers to stm32f4xx_rcc.o(.text) for RCC_AHB1PeriphClockCmd
    myiic.o(.text) refers to stm32f4xx_gpio.o(.text) for GPIO_Init
    myiic.o(.text) refers to delay.o(.text) for delay_us
    24cxx.o(.text) refers to myiic.o(.text) for IIC_Init
    24cxx.o(.text) refers to delay.o(.text) for delay_ms
    ctiic.o(.text) refers to delay.o(.text) for delay_us
    ctiic.o(.text) refers to stm32f4xx_rcc.o(.text) for RCC_AHB1PeriphClockCmd
    ctiic.o(.text) refers to stm32f4xx_gpio.o(.text) for GPIO_Init
    gt9147.o(.text) refers to _printf_percent.o(.ARM.Collect$$_printf_percent$$00000000) for _printf_percent
    gt9147.o(.text) refers to _printf_s.o(.ARM.Collect$$_printf_percent$$00000014) for _printf_s
    gt9147.o(.text) refers to _printf_str.o(.text) for _printf_str
    gt9147.o(.text) refers to _printf_d.o(.ARM.Collect$$_printf_percent$$00000009) for _printf_d
    gt9147.o(.text) refers to _printf_dec.o(.text) for _printf_int_dec
    gt9147.o(.text) refers to ctiic.o(.text) for CT_IIC_Start
    gt9147.o(.text) refers to stm32f4xx_rcc.o(.text) for RCC_AHB1PeriphClockCmd
    gt9147.o(.text) refers to stm32f4xx_gpio.o(.text) for GPIO_Init
    gt9147.o(.text) refers to delay.o(.text) for delay_ms
    gt9147.o(.text) refers to noretval__2printf.o(.text) for __2printf
    gt9147.o(.text) refers to strcmpv7m.o(.text) for strcmp
    gt9147.o(.text) refers to gt9147.o(.constdata) for GT9147_CFG_TBL
    gt9147.o(.text) refers to gt9147.o(.data) for t
    gt9147.o(.text) refers to touch.o(.data) for tp_dev
    gt9147.o(.text) refers to lcd.o(.bss) for lcddev
    ft5206.o(.text) refers to _printf_percent.o(.ARM.Collect$$_printf_percent$$00000000) for _printf_percent
    ft5206.o(.text) refers to _printf_x.o(.ARM.Collect$$_printf_percent$$0000000C) for _printf_x
    ft5206.o(.text) refers to _printf_hex_int.o(.text) for _printf_longlong_hex
    ft5206.o(.text) refers to _printf_s.o(.ARM.Collect$$_printf_percent$$00000014) for _printf_s
    ft5206.o(.text) refers to _printf_str.o(.text) for _printf_str
    ft5206.o(.text) refers to ctiic.o(.text) for CT_IIC_Start
    ft5206.o(.text) refers to stm32f4xx_rcc.o(.text) for RCC_AHB1PeriphClockCmd
    ft5206.o(.text) refers to stm32f4xx_gpio.o(.text) for GPIO_Init
    ft5206.o(.text) refers to delay.o(.text) for delay_ms
    ft5206.o(.text) refers to noretval__2printf.o(.text) for __2printf
    ft5206.o(.text) refers to gt9147.o(.text) for GT9147_RD_Reg
    ft5206.o(.text) refers to strcmpv7m.o(.text) for strcmp
    ft5206.o(.text) refers to ft5206.o(.data) for CIP
    ft5206.o(.text) refers to touch.o(.data) for tp_dev
[...]
    lv_tlsf_free                             0x080330e7   Thumb Code    80  lv_tlsf.o(.text)
    lv_tlsf_realloc                          0x08033137   Thumb Code   224  lv_tlsf.o(.text)
    _lv_txt_is_cmd                           0x08033231   Thumb Code    66  lv_txt.o(.text)
    _lv_txt_encoded_letter_next_2            0x08033273   Thumb Code    50  lv_txt.o(.text)
    lv_txt_get_width                         0x080332a5   Thumb Code   136  lv_txt.o(.text)
    _lv_txt_get_next_line                    0x0803348d   Thumb Code   294  lv_txt.o(.text)
    lv_txt_get_size                          0x080335b3   Thumb Code   246  lv_txt.o(.text)
    _lv_txt_ins                              0x080336a9   Thumb Code    90  lv_txt.o(.text)
    _lv_txt_cut                              0x08033703   Thumb Code    72  lv_txt.o(.text)
    _lv_txt_set_text_vfmt                    0x0803374b   Thumb Code    80  lv_txt.o(.text)
    _lv_utils_bsearch                        0x08033af5   Thumb Code    84  lv_utils.o(.text)
    lv_arc_create                            0x08033b49   Thumb Code    28  lv_arc.o(.text)
    lv_arc_set_start_angle                   0x08033e1b   Thumb Code   140  lv_arc.o(.text)
    lv_arc_set_end_angle                     0x08033ea7   Thumb Code   146  lv_arc.o(.text)
    lv_arc_set_angles                        0x08033f39   Thumb Code    26  lv_arc.o(.text)
    lv_arc_set_bg_start_angle                0x0803405d   Thumb Code   130  lv_arc.o(.text)
    lv_arc_set_bg_end_angle                  0x080340df   Thumb Code   130  lv_arc.o(.text)
    lv_arc_set_bg_angles                     0x08034161   Thumb Code    26  lv_arc.o(.text)
    lv_arc_set_rotation                      0x0803417b   Thumb Code    22  lv_arc.o(.text)
    lv_arc_set_value                         0x08034191   Thumb Code    84  lv_arc.o(.text)
    lv_arc_set_mode                          0x080341e5   Thumb Code   140  lv_arc.o(.text)
    lv_arc_set_range                         0x08034271   Thumb Code    70  lv_arc.o(.text)
    lv_arc_set_change_rate                   0x080342b7   Thumb Code    10  lv_arc.o(.text)
    lv_arc_get_angle_start                   0x080342c1   Thumb Code    10  lv_arc.o(.text)
    lv_arc_get_angle_end                     0x080342cb   Thumb Code    10  lv_arc.o(.text)
    lv_arc_get_bg_angle_start                0x080342d5   Thumb Code    10  lv_arc.o(.text)
    lv_arc_get_bg_angle_end                  0x080342df   Thumb Code    10  lv_arc.o(.text)
    lv_arc_get_value                         0x080342e9   Thumb Code    12  lv_arc.o(.text)
    lv_arc_get_min_value                     0x080342f5   Thumb Code    12  lv_arc.o(.text)
    lv_arc_get_max_value                     0x08034301   Thumb Code    12  lv_arc.o(.text)
    lv_arc_get_mode                          0x0803430d   Thumb Code    16  lv_arc.o(.text)
    lv_bar_create                            0x08034afb   Thumb Code    28  lv_bar.o(.text)
    lv_bar_set_value                         0x08034bef   Thumb Code   102  lv_bar.o(.text)
    lv_bar_set_start_value                   0x08034c55   Thumb Code   108  lv_bar.o(.text)
    lv_bar_get_mode                          0x08034cc1   Thumb Code    18  lv_bar.o(.text)
    lv_bar_set_range                         0x08034cd3   Thumb Code    94  lv_bar.o(.text)
    lv_bar_set_mode                          0x08034d31   Thumb Code    40  lv_bar.o(.text)
    lv_bar_get_value                         0x08034d59   Thumb Code    22  lv_bar.o(.text)
    lv_bar_get_start_value                   0x08034d6f   Thumb Code    38  lv_bar.o(.text)
    lv_bar_get_min_value                     0x08034d95   Thumb Code    12  lv_bar.o(.text)
    lv_bar_get_max_value                     0x08034da1   Thumb Code    12  lv_bar.o(.text)
    lv_btn_create                            0x080355d5   Thumb Code    28  lv_btn.o(.text)
    lv_btnmatrix_create                      0x08035623   Thumb Code    28  lv_btnmatrix.o(.text)
    lv_btnmatrix_set_map                     0x080356fd   Thumb Code   490  lv_btnmatrix.o(.text)
    lv_btnmatrix_set_ctrl_map                0x080358e7   Thumb Code    34  lv_btnmatrix.o(.text)
    lv_btnmatrix_set_selected_btn            0x08035a05   Thumb Code    58  lv_btnmatrix.o(.text)
    lv_btnmatrix_clear_btn_ctrl              0x08035a3f   Thumb Code    64  lv_btnmatrix.o(.text)
    lv_btnmatrix_clear_btn_ctrl_all          0x08035a7f   Thumb Code    42  lv_btnmatrix.o(.text)
    lv_btnmatrix_set_btn_ctrl                0x08035aa9   Thumb Code    88  lv_btnmatrix.o(.text)
    lv_btnmatrix_set_btn_ctrl_all            0x08035b01   Thumb Code    42  lv_btnmatrix.o(.text)
    lv_btnmatrix_set_btn_width               0x08035b2b   Thumb Code    72  lv_btnmatrix.o(.text)
    lv_btnmatrix_has_btn_ctrl                0x08035b73   Thumb Code    40  lv_btnmatrix.o(.text)
    lv_btnmatrix_set_one_checked             0x08035bc3   Thumb Code    26  lv_btnmatrix.o(.text)
    lv_btnmatrix_get_map                     0x08035bdd   Thumb Code    12  lv_btnmatrix.o(.text)
    lv_btnmatrix_get_selected_btn            0x08035be9   Thumb Code    12  lv_btnmatrix.o(.text)
    lv_btnmatrix_get_btn_text                0x08035bf5   Thumb Code    94  lv_btnmatrix.o(.text)
    lv_btnmatrix_get_one_checked             0x08035c53   Thumb Code    18  lv_btnmatrix.o(.text)
    lv_checkbox_create                       0x08036add   Thumb Code    28  lv_checkbox.o(.text)
    lv_checkbox_set_text                     0x08036af9   Thumb Code    76  lv_checkbox.o(.text)
    lv_checkbox_set_text_static              0x08036b45   Thumb Code    44  lv_checkbox.o(.text)
    lv_checkbox_get_text                     0x08036b71   Thumb Code     8  lv_checkbox.o(.text)
    lv_dropdown_create                       0x08037041   Thumb Code    28  lv_dropdown.o(.text)
    lv_dropdown_set_text                     0x0803705d   Thumb Code    32  lv_dropdown.o(.text)
    lv_dropdown_set_options                  0x0803707d   Thumb Code   174  lv_dropdown.o(.text)
    lv_dropdown_set_options_static           0x0803712b   Thumb Code   128  lv_dropdown.o(.text)
    lv_dropdown_add_option                   0x080371ab   Thumb Code   370  lv_dropdown.o(.text)
    lv_dropdown_clear_options                0x0803731d   Thumb Code    72  lv_dropdown.o(.text)
    lv_dropdown_set_selected                 0x08037365   Thumb Code    50  lv_dropdown.o(.text)
    lv_dropdown_set_dir                      0x08037397   Thumb Code    48  lv_dropdown.o(.text)
    lv_dropdown_set_symbol                   0x080373c7   Thumb Code    22  lv_dropdown.o(.text)
    lv_dropdown_set_selected_highlight       0x080373dd   Thumb Code    36  lv_dropdown.o(.text)
    lv_dropdown_get_list                     0x08037401   Thumb Code    12  lv_dropdown.o(.text)
    lv_dropdown_get_text                     0x0803740d   Thumb Code    12  lv_dropdown.o(.text)
    lv_dropdown_get_options                  0x08037419   Thumb Code    36  lv_dropdown.o(.text)
    lv_dropdown_get_selected                 0x0803743d   Thumb Code    12  lv_dropdown.o(.text)
    lv_dropdown_get_option_cnt               0x08037449   Thumb Code    12  lv_dropdown.o(.text)
    lv_dropdown_get_selected_str             0x08037455   Thumb Code   126  lv_dropdown.o(.text)
    lv_dropdown_get_symbol                   0x080374d3   Thumb Code    12  lv_dropdown.o(.text)
    lv_dropdown_get_selected_highlight       0x080374df   Thumb Code    18  lv_dropdown.o(.text)
    lv_dropdown_get_dir                      0x080374f1   Thumb Code    18  lv_dropdown.o(.text)
    lv_dropdown_open                         0x08037587   Thumb Code   676  lv_dropdown.o(.text)
    lv_dropdown_close                        0x0803782b   Thumb Code    44  lv_dropdown.o(.text)
    lv_dropdown_is_open                      0x08037857   Thumb Code    24  lv_dropdown.o(.text)
    lv_img_create                            0x08038377   Thumb Code    28  lv_img.o(.text)
    lv_img_set_src                           0x08038393   Thumb Code   458  lv_img.o(.text)
    lv_img_set_offset_x                      0x0803855d   Thumb Code    34  lv_img.o(.text)
    lv_img_set_offset_y                      0x0803857f   Thumb Code    36  lv_img.o(.text)
    lv_img_set_angle                         0x080385a3   Thumb Code   286  lv_img.o(.text)
    lv_img_set_pivot                         0x080386c1   Thumb Code   290  lv_img.o(.text)
    lv_img_set_zoom                          0x080387e3   Thumb Code   286  lv_img.o(.text)
    lv_img_set_antialias                     0x08038901   Thumb Code    42  lv_img.o(.text)
    lv_img_set_size_mode                     0x0803892b   Thumb Code    40  lv_img.o(.text)
    lv_img_get_src                           0x08038953   Thumb Code    12  lv_img.o(.text)
    lv_img_get_offset_x                      0x0803895f   Thumb Code    14  lv_img.o(.text)
    lv_img_get_offset_y                      0x0803896d   Thumb Code    14  lv_img.o(.text)
    lv_img_get_angle                         0x0803897b   Thumb Code    12  lv_img.o(.text)
    lv_img_get_pivot                         0x08038987   Thumb Code    14  lv_img.o(.text)
    lv_img_get_zoom                          0x08038995   Thumb Code    12  lv_img.o(.text)
    lv_img_get_antialias                     0x080389a1   Thumb Code    16  lv_img.o(.text)
    lv_img_get_size_mode                     0x080389b1   Thumb Code    18  lv_img.o(.text)
    lv_label_create                          0x08039345   Thumb Code    28  lv_label.o(.text)
    lv_label_get_text                        0x080393f5   Thumb Code    12  lv_label.o(.text)
    lv_label_get_letter_on                   0x08039401   Thumb Code   608  lv_label.o(.text)
    lv_label_set_text                        0x08039c41   Thumb Code   176  lv_label.o(.text)
    lv_label_set_text_fmt                    0x08039cf1   Thumb Code   114  lv_label.o(.text)
    lv_label_set_text_static                 0x08039d63   Thumb Code    62  lv_label.o(.text)
    lv_label_set_long_mode                   0x08039e25   Thumb Code   124  lv_label.o(.text)
    lv_label_set_recolor                     0x08039ea1   Thumb Code    48  lv_label.o(.text)
    lv_label_set_text_sel_start              0x08039ed1   Thumb Code    22  lv_label.o(.text)
    lv_label_set_text_sel_end                0x08039ee7   Thumb Code    22  lv_label.o(.text)
    lv_label_get_long_mode                   0x08039efd   Thumb Code    18  lv_label.o(.text)
    lv_label_get_recolor                     0x08039f0f   Thumb Code    18  lv_label.o(.text)
    lv_label_get_letter_pos                  0x08039f21   Thumb Code   538  lv_label.o(.text)
    lv_label_is_char_under_pos               0x0803a13b   Thumb Code   522  lv_label.o(.text)
    lv_label_get_text_selection_start        0x0803a345   Thumb Code    12  lv_label.o(.text)
    lv_label_get_text_selection_end          0x0803a351   Thumb Code    12  lv_label.o(.text)
    lv_label_ins_text                        0x0803a35d   Thumb Code   144  lv_label.o(.text)
    lv_label_cut_text                        0x0803a3ed   Thumb Code    72  lv_label.o(.text)
    lv_line_create                           0x0803a97d   Thumb Code    28  lv_line.o(.text)
    lv_line_set_points                       0x0803a999   Thumb Code    36  lv_line.o(.text)
    lv_line_set_y_invert                     0x0803a9bd   Thumb Code    40  lv_line.o(.text)
    lv_line_get_y_invert                     0x0803a9e5   Thumb Code    18  lv_line.o(.text)
    lv_roller_create                         0x0803ac01   Thumb Code    28  lv_roller.o(.text)
    lv_roller_set_options                    0x0803acd9   Thumb Code   250  lv_roller.o(.text)
    lv_roller_set_selected                   0x0803af5b   Thumb Code    88  lv_roller.o(.text)
    lv_roller_set_visible_row_count          0x0803afb3   Thumb Code    90  lv_roller.o(.text)
    lv_roller_get_selected                   0x0803b00d   Thumb Code    48  lv_roller.o(.text)
    lv_roller_get_selected_str               0x0803b03d   Thumb Code   136  lv_roller.o(.text)
    lv_roller_get_options                    0x0803b0c5   Thumb Code    22  lv_roller.o(.text)
    lv_roller_get_option_cnt                 0x0803b0db   Thumb Code    34  lv_roller.o(.text)
    lv_slider_create                         0x0803b9c1   Thumb Code    28  lv_slider.o(.text)
    lv_slider_is_dragged                     0x0803b9dd   Thumb Code    18  lv_slider.o(.text)
    lv_switch_create                         0x0803c585   Thumb Code    28  lv_switch.o(.text)
    lv_table_create                          0x0803c9f9   Thumb Code    28  lv_table.o(.text)
    lv_table_set_row_cnt                     0x0803cc51   Thumb Code   184  lv_table.o(.text)
    lv_table_set_col_cnt                     0x0803cd09   Thumb Code   302  lv_table.o(.text)
    lv_table_set_cell_value                  0x0803ce37   Thumb Code   186  lv_table.o(.text)
    lv_table_set_cell_value_fmt              0x0803cef1   Thumb Code   408  lv_table.o(.text)
    lv_table_set_col_width                   0x0803d089   Thumb Code    50  lv_table.o(.text)
    lv_table_add_cell_ctrl                   0x0803d0bb   Thumb Code   150  lv_table.o(.text)
    lv_table_clear_cell_ctrl                 0x0803d151   Thumb Code   150  lv_table.o(.text)
    lv_table_get_cell_value                  0x0803d1e7   Thumb Code    60  lv_table.o(.text)
    lv_table_get_row_cnt                     0x0803d223   Thumb Code    12  lv_table.o(.text)
    lv_table_get_col_cnt                     0x0803d22f   Thumb Code    12  lv_table.o(.text)
    lv_table_get_col_width                   0x0803d23b   Thumb Code    30  lv_table.o(.text)
    lv_table_has_cell_ctrl                   0x0803d259   Thumb Code    72  lv_table.o(.text)
    lv_table_get_selected_cell               0x0803d2a1   Thumb Code    14  lv_table.o(.text)
    lv_textarea_create                       0x0803dd63   Thumb Code    28  lv_textarea.o(.text)
    lv_textarea_get_cursor_pos               0x0803dd7f   Thumb Code    12  lv_textarea.o(.text)
    lv_textarea_set_cursor_pos               0x0803e101   Thumb Code   292  lv_textarea.o(.text)
    lv_textarea_clear_selection              0x0803e2df   Thumb Code    60  lv_textarea.o(.text)
    lv_textarea_get_text                     0x0803e31b   Thumb Code    36  lv_textarea.o(.text)
    lv_textarea_get_max_length               0x0803e3a5   Thumb Code    12  lv_textarea.o(.text)
    lv_textarea_get_accepted_chars           0x0803e3b1   Thumb Code    12  lv_textarea.o(.text)
    lv_textarea_add_text                     0x0803e3bd   Thumb Code   364  lv_textarea.o(.text)
    lv_textarea_add_char                     0x0803e56f   Thumb Code   378  lv_textarea.o(.text)
    lv_textarea_del_char                     0x0803e6e9   Thumb Code   190  lv_textarea.o(.text)
    lv_textarea_del_char_forward             0x0803e7a7   Thumb Code    42  lv_textarea.o(.text)
    lv_textarea_set_text                     0x0803e7d1   Thumb Code   330  lv_textarea.o(.text)
    lv_textarea_set_placeholder_text         0x0803e91b   Thumb Code   124  lv_textarea.o(.text)
    lv_textarea_set_cursor_click_pos         0x0803e997   Thumb Code    22  lv_textarea.o(.text)
    lv_textarea_set_password_mode            0x0803e9ad   Thumb Code   146  lv_textarea.o(.text)
    lv_textarea_set_one_line                 0x0803ea3f   Thumb Code   196  lv_textarea.o(.text)
    lv_textarea_set_accepted_chars           0x0803eb03   Thumb Code    10  lv_textarea.o(.text)
    lv_textarea_set_max_length               0x0803eb0d   Thumb Code    10  lv_textarea.o(.text)
    lv_textarea_set_insert_replace           0x0803eb17   Thumb Code    10  lv_textarea.o(.text)
    lv_textarea_set_text_selection           0x0803eb21   Thumb Code    34  lv_textarea.o(.text)
    lv_textarea_set_password_show_time       0x0803eb43   Thumb Code    10  lv_textarea.o(.text)
    lv_textarea_get_label                    0x0803eb4d   Thumb Code    12  lv_textarea.o(.text)
    lv_textarea_set_align                    0x0803eb59   Thumb Code    98  lv_textarea.o(.text)
    lv_textarea_get_placeholder_text         0x0803ebbb   Thumb Code    22  lv_textarea.o(.text)
    lv_textarea_get_cursor_click_pos         0x0803ebd1   Thumb Code    18  lv_textarea.o(.text)
    lv_textarea_get_password_mode            0x0803ebe3   Thumb Code    18  lv_textarea.o(.text)
    lv_textarea_get_one_line                 0x0803ebf5   Thumb Code    18  lv_textarea.o(.text)
    lv_textarea_text_is_selected             0x0803ec07   Thumb Code    46  lv_textarea.o(.text)
    lv_textarea_get_text_selection           0x0803ec35   Thumb Code    18  lv_textarea.o(.text)
    lv_textarea_get_password_show_time       0x0803ec47   Thumb Code    12  lv_textarea.o(.text)
    lv_textarea_cursor_right                 0x0803ec53   Thumb Code    28  lv_textarea.o(.text)
    lv_textarea_cursor_left                  0x0803ec6f   Thumb Code    30  lv_textarea.o(.text)
    lv_textarea_cursor_down                  0x0803ec8d   Thumb Code   126  lv_textarea.o(.text)
    lv_textarea_cursor_up                    0x0803ed0b   Thumb Code   112  lv_textarea.o(.text)
    __use_no_semihosting                     0x0803f445   Thumb Code     2  use_no_semi_2.o(.text)
    __aeabi_uldivmod                         0x0803f447   Thumb Code     0  lludivv7m.o(.text)
    _ll_udiv                                 0x0803f447   Thumb Code   238  lludivv7m.o(.text)
    __2printf                                0x0803f535   Thumb Code    20  noretval__2printf.o(.text)
    __printf                                 0x0803f54d   Thumb Code   104  __printf.o(.text)
    _printf_str                              0x0803f5b5   Thumb Code    82  _printf_str.o(.text)
    _printf_int_dec                          0x0803f609   Thumb Code   104  _printf_dec.o(.text)
    _printf_int_hex                          0x0803f681   Thumb Code    84  _printf_hex_int.o(.text)
    _printf_longlong_hex                     0x0803f681   Thumb Code     0  _printf_hex_int.o(.text)
    strcpy                                   0x0803f6d9   Thumb Code    72  strcpy.o(.text)
    strlen                                   0x0803f721   Thumb Code    62  strlen.o(.text)
    strcat                                   0x0803f75f   Thumb Code    24  strcat.o(.text)
    __aeabi_memcpy                           0x0803f777   Thumb Code     0  rt_memcpy_v6.o(.text)
    __rt_memcpy                              0x0803f777   Thumb Code   138  rt_memcpy_v6.o(.text)
    _memcpy_lastbytes                        0x0803f7dd   Thumb Code     0  rt_memcpy_v6.o(.text)
    __aeabi_memcpy4                          0x0803f801   Thumb Code     0  rt_memcpy_w.o(.text)
    __aeabi_memcpy8                          0x0803f801   Thumb Code     0  rt_memcpy_w.o(.text)
    __rt_memcpy_w                            0x0803f801   Thumb Code   100  rt_memcpy_w.o(.text)
    _memcpy_lastbytes_aligned                0x0803f849   Thumb Code     0  rt_memcpy_w.o(.text)
    __aeabi_memclr4                          0x0803f865   Thumb Code     0  rt_memclr_w.o(.text)
    __aeabi_memclr8                          0x0803f865   Thumb Code     0  rt_memclr_w.o(.text)
    __rt_memclr_w                            0x0803f865   Thumb Code    78  rt_memclr_w.o(.text)
    _memset_w                                0x0803f869   Thumb Code     0  rt_memclr_w.o(.text)
    strcmp                                   0x0803f8b5   Thumb Code   128  strcmpv7m.o(.text)
    __use_two_region_memory                  0x0803f935   Thumb Code     2  heapauxi.o(.text)
    __rt_heap_escrow$2region                 0x0803f937   Thumb Code     2  heapauxi.o(.text)
    __rt_heap_expand$2region                 0x0803f939   Thumb Code     2  heapauxi.o(.text)
    __I$use$semihosting                      0x0803f93b   Thumb Code     0  use_no_semi.o(.text)
    __use_no_semihosting_swi                 0x0803f93b   Thumb Code     2  use_no_semi.o(.text)
    __read_errno                             0x0803f93d   Thumb Code    10  _rserrno.o(.text)
    __set_errno                              0x0803f947   Thumb Code    12  _rserrno.o(.text)
    _printf_int_common                       0x0803f953   Thumb Code   178  _printf_intcommon.o(.text)
    _printf_cs_common                        0x0803fa05   Thumb Code    20  _printf_char.o(.text)
    _printf_char                             0x0803fa19   Thumb Code    16  _printf_char.o(.text)
    _printf_string                           0x0803fa29   Thumb Code     8  _printf_char.o(.text)
    _printf_char_file                        0x0803fa31   Thumb Code    32  _printf_char_file.o(.text)
    __aeabi_errno_addr                       0x0803fa55   Thumb Code     8  rt_errno_addr_intlibspace.o(.text)
    __errno$intlibspace                      0x0803fa55   Thumb Code     0  rt_errno_addr_intlibspace.o(.text)
    __rt_errno_addr$intlibspace              0x0803fa55   Thumb Code     0  rt_errno_addr_intlibspace.o(.text)
    _printf_char_common                      0x0803fa67   Thumb Code    32  _printf_char_common.o(.text)
    ferror                                   0x0803fa8d   Thumb Code     8  ferror.o(.text)
    __user_libspace                          0x0803fa95   Thumb Code     8  libspace.o(.text)
    __user_perproc_libspace                  0x0803fa95   Thumb Code     0  libspace.o(.text)
    __user_perthread_libspace                0x0803fa95   Thumb Code     0  libspace.o(.text)
    __user_setup_stackheap                   0x0803fa9d   Thumb Code    74  sys_stackheap_outer.o(.text)
    exit                                     0x0803fae7   Thumb Code    18  exit.o(.text)
    __hardfp_sqrt                            0x0803faf9   Thumb Code   122  sqrt.o(i.__hardfp_sqrt)
    __aeabi_d2f                              0x0803fb75   Thumb Code     0  d2f.o(x$fpl$d2f)
    _d2f                                     0x0803fb75   Thumb Code    98  d2f.o(x$fpl$d2f)
    __aeabi_dadd                             0x0803fbd9   Thumb Code     0  daddsub_clz.o(x$fpl$dadd)
    _dadd                                    0x0803fbd9   Thumb Code   332  daddsub_clz.o(x$fpl$dadd)
    __fpl_dcmp_Inf                           0x0803fd29   Thumb Code    24  dcmpi.o(x$fpl$dcmpinf)
    __aeabi_ddiv                             0x0803fd41   Thumb Code     0  ddiv.o(x$fpl$ddiv)
    _ddiv                                    0x0803fd41   Thumb Code   552  ddiv.o(x$fpl$ddiv)
    __aeabi_d2uiz                            0x0803fff1   Thumb Code     0  dfixu.o(x$fpl$dfixu)
    _dfixu                                   0x0803fff1   Thumb Code    90  dfixu.o(x$fpl$dfixu)
    __aeabi_i2d                              0x0804004b   Thumb Code     0  dflt_clz.o(x$fpl$dflt)
    _dflt                                    0x0804004b   Thumb Code    46  dflt_clz.o(x$fpl$dflt)
    __aeabi_ui2d                             0x08040079   Thumb Code     0  dflt_clz.o(x$fpl$dfltu)
    _dfltu                                   0x08040079   Thumb Code    38  dflt_clz.o(x$fpl$dfltu)
    __aeabi_cdcmple                          0x080400a1   Thumb Code     0  dleqf.o(x$fpl$dleqf)
    _dcmple                                  0x080400a1   Thumb Code   120  dleqf.o(x$fpl$dleqf)
    __fpl_dcmple_InfNaN                      0x08040103   Thumb Code     0  dleqf.o(x$fpl$dleqf)
    __aeabi_dmul                             0x08040119   Thumb Code     0  dmul.o(x$fpl$dmul)
    _dmul                                    0x08040119   Thumb Code   332  dmul.o(x$fpl$dmul)
    __fpl_dnaninf                            0x0804026d   Thumb Code   156  dnaninf.o(x$fpl$dnaninf)
    __fpl_dretinf                            0x08040309   Thumb Code    12  dretinf.o(x$fpl$dretinf)
    __aeabi_cdrcmple                         0x08040315   Thumb Code     0  drleqf.o(x$fpl$drleqf)
    _drcmple                                 0x08040315   Thumb Code   108  drleqf.o(x$fpl$drleqf)
    __aeabi_drsub                            0x08040381   Thumb Code     0  daddsub_clz.o(x$fpl$drsb)
    _drsb                                    0x08040381   Thumb Code    22  daddsub_clz.o(x$fpl$drsb)
    _dsqrt                                   0x08040399   Thumb Code   404  dsqrt_umaal.o(x$fpl$dsqrt)
    __aeabi_dsub                             0x08040531   Thumb Code     0  daddsub_clz.o(x$fpl$dsub)
    _dsub                                    0x08040531   Thumb Code   464  daddsub_clz.o(x$fpl$dsub)
    __aeabi_f2d                              0x08040705   Thumb Code     0  f2d.o(x$fpl$f2d)
    _f2d                                     0x08040705   Thumb Code    86  f2d.o(x$fpl$f2d)
    __fpl_fnaninf                            0x0804075b   Thumb Code   140  fnaninf.o(x$fpl$fnaninf)
    _fp_init                                 0x080407e7   Thumb Code    10  fpinit.o(x$fpl$fpinit)
    __fplib_config_fpu_vfp                   0x080407ef   Thumb Code     0  fpinit.o(x$fpl$fpinit)
    __fplib_config_pureend_doubles           0x080407ef   Thumb Code     0  fpinit.o(x$fpl$fpinit)
    __fpl_fretinf                            0x080407f1   Thumb Code    10  fretinf.o(x$fpl$fretinf)
    __I$use$fp                               0x080407fa   Number         0  usenofp.o(x$fpl$usenofp)
    asc2_1206                                0x080407fa   Data        1140  lcd.o(.constdata)
    asc2_1608                                0x08040c6e   Data        1520  lcd.o(.constdata)
    asc2_2412                                0x0804125e   Data        3420  lcd.o(.constdata)
    GT9147_CFG_TBL                           0x08041fba   Data         184  gt9147.o(.constdata)
    GT9147_TPX_TBL                           0x08042072   Data          10  gt9147.o(.constdata)
    FT5206_TPX_TBL                           0x0804207c   Data          10  ft5206.o(.constdata)
    GT911_TPX_TBL                            0x08042086   Data          10  ft5206.o(.constdata)
    OTT_TPX_TBL                              0x08042090   Data          10  ott2001a.o(.constdata)
    TP_REMIND_MSG_TBL                        0x0804209c   Data           4  touch.o(.constdata)
    FSMC_DefaultTimingStruct                 0x080420a0   Data          28  stm32f4xx_fsmc.o(.constdata)
    lv_obj_class                             0x080420bc   Data          28  lv_obj.o(.constdata)
    _lv_bpp1_opa_table                       0x080420e0   Data           2  lv_draw_sw_letter.o(.constdata)
    _lv_bpp2_opa_table                       0x080420e2   Data           4  lv_draw_sw_letter.o(.constdata)
    _lv_bpp3_opa_table                       0x080420e6   Data           8  lv_draw_sw_letter.o(.constdata)
    _lv_bpp4_opa_table                       0x080420ee   Data          16  lv_draw_sw_letter.o(.constdata)
    _lv_bpp8_opa_table                       0x080420fe   Data         256  lv_draw_sw_letter.o(.constdata)
    lv_calendar_class                        0x08042240   Data          28  lv_calendar.o(.constdata)
    lv_calendar_header_arrow_class           0x0804225c   Data          28  lv_calendar_header_arrow.o(.constdata)
    lv_calendar_header_dropdown_class        0x08042278   Data          28  lv_calendar_header_dropdown.o(.constdata)
    lv_chart_class                           0x08042294   Data          28  lv_chart.o(.constdata)
    lv_colorwheel_class                      0x080422b0   Data          28  lv_colorwheel.o(.constdata)
    lv_led_class                             0x080422cc   Data          28  lv_led.o(.constdata)
    lv_keyboard_class                        0x080422e8   Data          28  lv_keyboard.o(.constdata)
    lv_list_class                            0x0804267c   Data          28  lv_list.o(.constdata)
    lv_list_btn_class                        0x08042698   Data          28  lv_list.o(.constdata)
    lv_list_text_class                       0x080426b4   Data          28  lv_list.o(.constdata)
    lv_menu_class                            0x080426d0   Data          28  lv_menu.o(.constdata)
    lv_menu_page_class                       0x080426ec   Data          28  lv_menu.o(.constdata)
    lv_menu_cont_class                       0x08042708   Data          28  lv_menu.o(.constdata)
    lv_menu_section_class                    0x08042724   Data          28  lv_menu.o(.constdata)
    lv_menu_separator_class                  0x08042740   Data          28  lv_menu.o(.constdata)
    lv_menu_sidebar_cont_class               0x0804275c   Data          28  lv_menu.o(.constdata)
    lv_menu_main_cont_class                  0x08042778   Data          28  lv_menu.o(.constdata)
    lv_menu_main_header_cont_class           0x08042794   Data          28  lv_menu.o(.constdata)
    lv_menu_sidebar_header_cont_class        0x080427b0   Data          28  lv_menu.o(.constdata)
    lv_meter_class                           0x080427cc   Data          28  lv_meter.o(.constdata)
    lv_msgbox_class                          0x080427e8   Data          28  lv_msgbox.o(.constdata)
    lv_msgbox_content_class                  0x08042804   Data          28  lv_msgbox.o(.constdata)
    lv_msgbox_backdrop_class                 0x08042820   Data          28  lv_msgbox.o(.constdata)
    lv_spinbox_class                         0x0804283c   Data          28  lv_spinbox.o(.constdata)
    lv_spinner_class                         0x08042858   Data          28  lv_spinner.o(.constdata)
    lv_tabview_class                         0x08042874   Data          28  lv_tabview.o(.constdata)
    lv_tileview_class                        0x08042890   Data          28  lv_tileview.o(.constdata)
    lv_tileview_tile_class                   0x080428ac   Data          28  lv_tileview.o(.constdata)
    lv_win_class                             0x080428c8   Data          28  lv_win.o(.constdata)
    lv_font_montserrat_14                    0x08045e0c   Data          28  lv_font_montserrat_14.o(.constdata)
    lv_font_montserrat_16                    0x08049c24   Data          28  lv_font_montserrat_16.o(.constdata)
    lv_font_montserrat_18                    0x0804e670   Data          28  lv_font_montserrat_18.o(.constdata)
    lv_arc_class                             0x0804e8c0   Data          28  lv_arc.o(.constdata)
    lv_bar_class                             0x0804e8dc   Data          28  lv_bar.o(.constdata)
    lv_btn_class                             0x0804e8f8   Data          28  lv_btn.o(.constdata)
    lv_btnmatrix_class                       0x0804e914   Data          28  lv_btnmatrix.o(.constdata)
    lv_checkbox_class                        0x0804e930   Data          28  lv_checkbox.o(.constdata)
    lv_dropdown_class                        0x0804e94c   Data          28  lv_dropdown.o(.constdata)
    lv_dropdownlist_class                    0x0804e968   Data          28  lv_dropdown.o(.constdata)
    lv_img_class                             0x0804e984   Data          28  lv_img.o(.constdata)
    lv_label_class                           0x0804e9a0   Data          28  lv_label.o(.constdata)
    lv_line_class                            0x0804e9bc   Data          28  lv_line.o(.constdata)
    lv_roller_class                          0x0804e9d8   Data          28  lv_roller.o(.constdata)
    lv_roller_label_class                    0x0804e9f4   Data          28  lv_roller.o(.constdata)
    lv_slider_class                          0x0804ea10   Data          28  lv_slider.o(.constdata)
    lv_switch_class                          0x0804ea2c   Data          28  lv_switch.o(.constdata)
    lv_table_class                           0x0804ea48   Data          28  lv_table.o(.constdata)
    lv_textarea_class                        0x0804ea64   Data          28  lv_textarea.o(.constdata)
    Region$$Table$$Base                      0x0804eff0   Number         0  anon$$obj.o(Region$$Table)
    Region$$Table$$Limit                     0x0804f010   Number         0  anon$$obj.o(Region$$Table)
    SystemCoreClock                          0x20000000   Data           4  system_stm32f4xx.o(.data)
    AHBPrescTable                            0x20000004   Data          16  system_stm32f4xx.o(.data)
    POINT_COLOR                              0x20000014   Data           2  lcd.o(.data)
    BACK_COLOR                               0x20000016   Data           2  lcd.o(.data)
    CIP                                      0x2000001a   Data           5  ft5206.o(.data)
    g_gt_tnum                                0x2000001f   Data           1  ft5206.o(.data)
    tp_dev                                   0x20000024   Data          52  touch.o(.data)
    CMD_RDX                                  0x20000058   Data           1  touch.o(.data)
    CMD_RDY                                  0x20000059   Data           1  touch.o(.data)
    RemindTired1                             0x2000005c   Data           6  voice.o(.data)
    Remind_Pos_Adt                           0x20000062   Data           7  voice.o(.data)
    Auto_Light_info                          0x20000069   Data           6  voice.o(.data)
    Ctr_func                                 0x20000070   Data          32  voice.o(.data)
    pulse                                    0x20000090   Data           4  fan.o(.data)
    NVIC_InitStructure                       0x20000094   Data           4  rtc.o(.data)
    BUF                                      0x20000098   Data           8  bh1750.o(.data)
    mcy                                      0x200000a0   Data           4  bh1750.o(.data)
    RTC_TimeStruct                           0x200000f8   Data           4  lv_guitask.o(.data)
    RTC_DateStruct                           0x200000fc   Data           4  lv_guitask.o(.data)
    __stdout                                 0x20000100   Data           4  usart3.o(.data)
    USART_RX_STA                             0x20000104   Data           2  usart3.o(.data)
    indev_touchpad                           0x20000118   Data           4  lv_port_indev_template.o(.data)
    LV_LAYOUT_FLEX                           0x20000164   Data           4  lv_flex.o(.data)
    LV_STYLE_FLEX_FLOW                       0x20000168   Data           2  lv_flex.o(.data)
    LV_STYLE_FLEX_MAIN_PLACE                 0x2000016a   Data           2  lv_flex.o(.data)
    LV_STYLE_FLEX_CROSS_PLACE                0x2000016c   Data           2  lv_flex.o(.data)
    LV_STYLE_FLEX_TRACK_PLACE                0x2000016e   Data           2  lv_flex.o(.data)
    LV_STYLE_FLEX_GROW                       0x20000170   Data           2  lv_flex.o(.data)
    LV_LAYOUT_GRID                           0x20000174   Data           4  lv_grid.o(.data)
    LV_STYLE_GRID_COLUMN_DSC_ARRAY           0x20000178   Data           2  lv_grid.o(.data)
    LV_STYLE_GRID_COLUMN_ALIGN               0x2000017a   Data           2  lv_grid.o(.data)
    LV_STYLE_GRID_ROW_DSC_ARRAY              0x2000017c   Data           2  lv_grid.o(.data)
    LV_STYLE_GRID_ROW_ALIGN                  0x2000017e   Data           2  lv_grid.o(.data)
    LV_STYLE_GRID_CELL_COLUMN_POS            0x20000180   Data           2  lv_grid.o(.data)
    LV_STYLE_GRID_CELL_COLUMN_SPAN           0x20000182   Data           2  lv_grid.o(.data)
    LV_STYLE_GRID_CELL_X_ALIGN               0x20000184   Data           2  lv_grid.o(.data)
    LV_STYLE_GRID_CELL_ROW_POS               0x20000186   Data           2  lv_grid.o(.data)
    LV_STYLE_GRID_CELL_ROW_SPAN              0x20000188   Data           2  lv_grid.o(.data)
    LV_STYLE_GRID_CELL_Y_ALIGN               0x2000018a   Data           2  lv_grid.o(.data)
    _lv_layout_list                          0x200002a8   Data           4  lv_gc.o(.data)
    _lv_timer_act                            0x200002ac   Data           4  lv_gc.o(.data)
    _lv_theme_default_styles                 0x200002b0   Data           4  lv_gc.o(.data)
    _lv_theme_basic_styles                   0x200002b4   Data           4  lv_gc.o(.data)
    _lv_grad_cache_mem                       0x200002b8   Data           4  lv_gc.o(.data)
    _lv_txt_encoded_size                     0x200002e0   Data           4  lv_txt.o(.data)
    _lv_txt_unicode_to_encoded               0x200002e4   Data           4  lv_txt.o(.data)
    _lv_txt_encoded_conv_wc                  0x200002e8   Data           4  lv_txt.o(.data)
    _lv_txt_encoded_next                     0x200002ec   Data           4  lv_txt.o(.data)
    _lv_txt_encoded_prev                     0x200002f0   Data           4  lv_txt.o(.data)
    _lv_txt_encoded_get_byte_id              0x200002f4   Data           4  lv_txt.o(.data)
    _lv_txt_encoded_get_char_id              0x200002f8   Data           4  lv_txt.o(.data)
    _lv_txt_get_encoded_length               0x200002fc   Data           4  lv_txt.o(.data)
    lcddev                                   0x20000320   Data          14  lcd.o(.bss)
    USART_RX_BUF                             0x2000032e   Data         200  usart3.o(.bss)
    _lv_timer_ll                             0x200050cc   Data          12  lv_gc.o(.bss)
    _lv_disp_ll                              0x200050d8   Data          12  lv_gc.o(.bss)
    _lv_indev_ll                             0x200050e4   Data          12  lv_gc.o(.bss)
    _lv_fsdrv_ll                             0x200050f0   Data          12  lv_gc.o(.bss)
    _lv_anim_ll                              0x200050fc   Data          12  lv_gc.o(.bss)
    _lv_group_ll                             0x20005108   Data          12  lv_gc.o(.bss)
    _lv_img_decoder_ll                       0x20005114   Data          12  lv_gc.o(.bss)
    _lv_obj_style_trans_ll                   0x20005120   Data          12  lv_gc.o(.bss)
    _lv_img_cache_single                     0x2000512c   Data          44  lv_gc.o(.bss)
    lv_mem_buf                               0x20005158   Data         128  lv_gc.o(.bss)
    _lv_circle_cache                         0x200051d8   Data         112  lv_gc.o(.bss)
    _lv_draw_mask_list                       0x20005248   Data         128  lv_gc.o(.bss)
    __libspace_start                         0x200112c8   Data          96  libspace.o(.bss)
    __temporary_stack_top$libspace           0x20011328   Data           0  libspace.o(.bss)



==============================================================================

Memory Map of the image

  Image Entry point : 0x08000189

  Load Region LR_IROM1 (Base: 0x08000000, Size: 0x0004f330, Max: 0x00100000, ABSOLUTE, COMPRESSED[0x0004f11c])

    Execution Region ER_IROM1 (Exec base: 0x08000000, Load base: 0x08000000, Size: 0x0004f010, Max: 0x00100000, ABSOLUTE)

    Exec Addr    Load Addr    Size         Type   Attr      Idx    E Section Name        Object

    0x08000000   0x08000000   0x00000188   Data   RO         1683    RESET               startup_stm32f40_41xxx.o
    0x08000188   0x08000188   0x00000008   Code   RO        22279  * !!!main             c_w.l(__main.o)
    0x08000190   0x08000190   0x00000034   Code   RO        22533    !!!scatter          c_w.l(__scatter.o)
    0x080001c4   0x080001c4   0x0000005a   Code   RO        22531    !!dczerorl2         c_w.l(__dczerorl2.o)
    0x0800021e   0x0800021e   0x00000002   PAD
    0x08000220   0x08000220   0x0000001c   Code   RO        22535    !!handler_zi        c_w.l(__scatter_zi.o)
    0x0800023c   0x0800023c   0x00000000   Code   RO        22252    .ARM.Collect$$_printf_percent$$00000000  c_w.l(_printf_percent.o)
    0x0800023c   0x0800023c   0x00000006   Code   RO        22251    .ARM.Collect$$_printf_percent$$00000009  c_w.l(_printf_d.o)
    0x08000242   0x08000242   0x00000006   Code   RO        22250    .ARM.Collect$$_printf_percent$$0000000C  c_w.l(_printf_x.o)
    0x08000248   0x08000248   0x00000006   Code   RO        22249    .ARM.Collect$$_printf_percent$$00000014  c_w.l(_printf_s.o)
    0x0800024e   0x0800024e   0x00000004   Code   RO        22338    .ARM.Collect$$_printf_percent$$00000017  c_w.l(_printf_percent_end.o)
    0x08000252   0x08000252   0x00000002   Code   RO        22417    .ARM.Collect$$libinit$$00000000  c_w.l(libinit.o)
    0x08000254   0x08000254   0x00000004   Code   RO        22426    .ARM.Collect$$libinit$$00000001  c_w.l(libinit2.o)
    0x08000258   0x08000258   0x00000000   Code   RO        22429    .ARM.Collect$$libinit$$00000004  c_w.l(libinit2.o)
    0x08000258   0x08000258   0x00000000   Code   RO        22432    .ARM.Collect$$libinit$$0000000A  c_w.l(libinit2.o)
    0x08000258   0x08000258   0x00000000   Code   RO        22434    .ARM.Collect$$libinit$$0000000C  c_w.l(libinit2.o)
    0x08000258   0x08000258   0x00000000   Code   RO        22436    .ARM.Collect$$libinit$$0000000E  c_w.l(libinit2.o)
    0x08000258   0x08000258   0x00000000   Code   RO        22439    .ARM.Collect$$libinit$$00000011  c_w.l(libinit2.o)
    0x08000258   0x08000258   0x00000000   Code   RO        22441    .ARM.Collect$$libinit$$00000013  c_w.l(libinit2.o)
    0x08000258   0x08000258   0x00000000   Code   RO        22443    .ARM.Collect$$libinit$$00000015  c_w.l(libinit2.o)
    0x08000258   0x08000258   0x00000000   Code   RO        22445    .ARM.Collect$$libinit$$00000017  c_w.l(libinit2.o)
    0x08000258   0x08000258   0x00000000   Code   RO        22447    .ARM.Collect$$libinit$$00000019  c_w.l(libinit2.o)
    0x08000258   0x08000258   0x00000000   Code   RO        22449    .ARM.Collect$$libinit$$0000001B  c_w.l(libinit2.o)
    0x08000258   0x08000258   0x00000000   Code   RO        22451    .ARM.Collect$$libinit$$0000001D  c_w.l(libinit2.o)
    0x08000258   0x08000258   0x00000000   Code   RO        22453    .ARM.Collect$$libinit$$0000001F  c_w.l(libinit2.o)
    0x08000258   0x08000258   0x00000000   Code   RO        22455    .ARM.Collect$$libinit$$00000021  c_w.l(libinit2.o)
    0x08000258   0x08000258   0x00000000   Code   RO        22457    .ARM.Collect$$libinit$$00000023  c_w.l(libinit2.o)
    0x08000258   0x08000258   0x00000000   Code   RO        22459    .ARM.Collect$$libinit$$00000025  c_w.l(libinit2.o)
    0x08000258   0x08000258   0x00000000   Code   RO        22463    .ARM.Collect$$libinit$$0000002C  c_w.l(libinit2.o)
    0x08000258   0x08000258   0x00000000   Code   RO        22465    .ARM.Collect$$libinit$$0000002E  c_w.l(libinit2.o)
    0x08000258   0x08000258   0x00000000   Code   RO        22467    .ARM.Collect$$libinit$$00000030  c_w.l(libinit2.o)
    0x08000258   0x08000258   0x00000000   Code   RO        22469    .ARM.Collect$$libinit$$00000032  c_w.l(libinit2.o)
    0x08000258   0x08000258   0x00000002   Code   RO        22470    .ARM.Collect$$libinit$$00000033  c_w.l(libinit2.o)
    0x0800025a   0x0800025a   0x00000002   Code   RO        22504    .ARM.Collect$$libshutdown$$00000000  c_w.l(libshutdown.o)
    0x0800025c   0x0800025c   0x00000000   Code   RO        22514    .ARM.Collect$$libshutdown$$00000002  c_w.l(libshutdown2.o)
    0x0800025c   0x0800025c   0x00000000   Code   RO        22516    .ARM.Collect$$libshutdown$$00000004  c_w.l(libshutdown2.o)
    0x0800025c   0x0800025c   0x00000000   Code   RO        22519    .ARM.Collect$$libshutdown$$00000007  c_w.l(libshutdown2.o)
    0x0800025c   0x0800025c   0x00000000   Code   RO        22522    .ARM.Collect$$libshutdown$$0000000A  c_w.l(libshutdown2.o)
    0x0800025c   0x0800025c   0x00000000   Code   RO        22524    .ARM.Collect$$libshutdown$$0000000C  c_w.l(libshutdown2.o)
    0x0800025c   0x0800025c   0x00000000   Code   RO        22527    .ARM.Collect$$libshutdown$$0000000F  c_w.l(libshutdown2.o)
    0x0800025c   0x0800025c   0x00000002   Code   RO        22528    .ARM.Collect$$libshutdown$$00000010  c_w.l(libshutdown2.o)
    0x0800025e   0x0800025e   0x00000000   Code   RO        22325    .ARM.Collect$$rtentry$$00000000  c_w.l(__rtentry.o)
    0x0800025e   0x0800025e   0x00000000   Code   RO        22361    .ARM.Collect$$rtentry$$00000002  c_w.l(__rtentry2.o)
    0x0800025e   0x0800025e   0x00000006   Code   RO        22373    .ARM.Collect$$rtentry$$00000004  c_w.l(__rtentry4.o)
    0x08000264   0x08000264   0x00000000   Code   RO        22363    .ARM.Collect$$rtentry$$00000009  c_w.l(__rtentry2.o)
    0x08000264   0x08000264   0x00000004   Code   RO        22364    .ARM.Collect$$rtentry$$0000000A  c_w.l(__rtentry2.o)
    0x08000268   0x08000268   0x00000000   Code   RO        22366    .ARM.Collect$$rtentry$$0000000C  c_w.l(__rtentry2.o)
    0x08000268   0x08000268   0x00000008   Code   RO        22367    .ARM.Collect$$rtentry$$0000000D  c_w.l(__rtentry2.o)
    0x08000270   0x08000270   0x00000002   Code   RO        22418    .ARM.Collect$$rtexit$$00000000  c_w.l(rtexit.o)
    0x08000272   0x08000272   0x00000000   Code   RO        22472    .ARM.Collect$$rtexit$$00000002  c_w.l(rtexit2.o)
    0x08000272   0x08000272   0x00000004   Code   RO        22473    .ARM.Collect$$rtexit$$00000003  c_w.l(rtexit2.o)
    0x08000276   0x08000276   0x00000006   Code   RO        22474    .ARM.Collect$$rtexit$$00000004  c_w.l(rtexit2.o)
    0x0800027c   0x0800027c   0x00000074   Code   RO            3    .text               main.o
    0x080002f0   0x080002f0   0x0000001a   Code   RO          590    .text               stm32f4xx_it.o
    0x0800030a   0x0800030a   0x00000002   PAD
    0x0800030c   0x0800030c   0x00000210   Code   RO          639    .text               system_stm32f4xx.o
    0x0800051c   0x0800051c   0x000000d0   Code   RO          665    .text               led.o
    0x080005ec   0x080005ec   0x00003650   Code   RO          689    .text               lcd.o
    0x08003c3c   0x08003c3c   0x000000bc   Code   RO          727    .text               key.o
    0x08003cf8   0x08003cf8   0x0000025c   Code   RO          748    .text               myiic.o
    0x08003f54   0x08003f54   0x0000017a   Code   RO          771    .text               24cxx.o
    0x080040ce   0x080040ce   0x00000002   PAD
    0x080040d0   0x080040d0   0x000001c8   Code   RO          794    .text               ctiic.o
    0x08004298   0x08004298   0x00000430   Code   RO          817    .text               gt9147.o
    0x080046c8   0x080046c8   0x00000578   Code   RO          845    .text               ft5206.o
    0x08004c40   0x08004c40   0x00000388   Code   RO          869    .text               ott2001a.o
    0x08004fc8   0x08004fc8   0x000010e0   Code   RO          893    .text               touch.o
    0x080060a8   0x080060a8   0x00000140   Code   RO          925    .text               timer.o
    0x080061e8   0x080061e8   0x00000070   Code   RO         1235    .text               voice.o
    0x08006258   0x08006258   0x00000150   Code   RO         1258    .text               fan.o
    0x080063a8   0x080063a8   0x00000230   Code   RO         1284    .text               rtc.o
    0x080065d8   0x080065d8   0x000002fc   Code   RO         1307    .text               bh1750.o
    0x080068d4   0x080068d4   0x0000019c   Code   RO         1334    .text               dht11.o
    0x08006a70   0x08006a70   0x00000104   Code   RO         1354    .text               delay.o
    0x08006b74   0x08006b74   0x00001140   Code   RO         1394    .text               lv_guitask.o
    0x08007cb4   0x08007cb4   0x0000017c   Code   RO         1652    .text               usart3.o
    0x08007e30   0x08007e30   0x00000040   Code   RO         1684    .text               startup_stm32f40_41xxx.o
    0x08007e70   0x08007e70   0x000000e0   Code   RO         1690    .text               misc.o
    0x08007f50   0x08007f50   0x00000294   Code   RO         1710    .text               stm32f4xx_gpio.o
    0x080081e4   0x080081e4   0x000005c8   Code   RO         1730    .text               stm32f4xx_fsmc.o
    0x080087ac   0x080087ac   0x0000065c   Code   RO         1753    .text               stm32f4xx_rcc.o
    0x08008e08   0x08008e08   0x00000454   Code   RO         1795    .text               stm32f4xx_usart.o
    0x0800925c   0x0800925c   0x00000ca2   Code   RO         1815    .text               stm32f4xx_tim.o
    0x08009efe   0x08009efe   0x00000002   PAD
    0x08009f00   0x08009f00   0x00000d68   Code   RO         1835    .text               stm32f4xx_rtc.o
    0x0800ac68   0x0800ac68   0x0000016c   Code   RO         1855    .text               stm32f4xx_pwr.o
    0x0800add4   0x0800add4   0x00000110   Code   RO         1875    .text               stm32f4xx_exti.o
    0x0800aee4   0x0800aee4   0x00000084   Code   RO         1895    .text               lv_port_disp_template.o
    0x0800af68   0x0800af68   0x000000a4   Code   RO         2305    .text               lv_port_indev_template.o
    0x0800b00c   0x0800b00c   0x00000624   Code   RO         2330    .text               lv_disp.o
    0x0800b630   0x0800b630   0x000007a4   Code   RO         2494    .text               lv_event.o
    0x0800bdd4   0x0800bdd4   0x000006aa   Code   RO         2636    .text               lv_group.o
    0x0800c47e   0x0800c47e   0x00000002   PAD
    0x0800c480   0x0800c480   0x0000124c   Code   RO         2791    .text               lv_indev.o
    0x0800d6cc   0x0800d6cc   0x00000d4e   Code   RO         2850    .text               lv_indev_scroll.o
    0x0800e41a   0x0800e41a   0x00000002   PAD
    0x0800e41c   0x0800e41c   0x000011b8   Code   RO         2938    .text               lv_obj.o
    0x0800f5d4   0x0800f5d4   0x00000224   Code   RO         3045    .text               lv_obj_class.o
    0x0800f7f8   0x0800f7f8   0x000009ae   Code   RO         3057    .text               lv_obj_draw.o
    0x080101a6   0x080101a6   0x00000002   PAD
    0x080101a8   0x080101a8   0x00001b00   Code   RO         3203    .text               lv_obj_pos.o
    0x08011ca8   0x08011ca8   0x00001598   Code   RO         3304    .text               lv_obj_scroll.o
    0x08013240   0x08013240   0x00001274   Code   RO         3407    .text               lv_obj_style.o
    0x080144b4   0x080144b4   0x00000992   Code   RO         3509    .text               lv_obj_style_gen.o
    0x08014e46   0x08014e46   0x00000002   PAD
    0x08014e48   0x08014e48   0x00000672   Code   RO         3554    .text               lv_obj_tree.o
    0x080154ba   0x080154ba   0x00000002   PAD
    0x080154bc   0x080154bc   0x00000f44   Code   RO         3636    .text               lv_refr.o
    0x08016400   0x08016400   0x00000100   Code   RO         3739    .text               lv_theme.o
    0x08016500   0x08016500   0x00000002   Code   RO         4134    .text               lv_draw.o
    0x08016502   0x08016502   0x000004d2   Code   RO         4268    .text               lv_draw_arc.o
    0x080169d4   0x080169d4   0x00000488   Code   RO         4319    .text               lv_draw_img.o
    0x08016e5c   0x08016e5c   0x0000087c   Code   RO         4434    .text               lv_draw_label.o
    0x080176d8   0x080176d8   0x00000086   Code   RO         4531    .text               lv_draw_line.o
    0x0801775e   0x0801775e   0x00000002   PAD
    0x08017760   0x08017760   0x00001db0   Code   RO         4686    .text               lv_draw_mask.o
    0x08019510   0x08019510   0x00000110   Code   RO         4751    .text               lv_draw_rect.o
    0x08019620   0x08019620   0x0000116a   Code   RO         4821    .text               lv_img_buf.o
    0x0801a78a   0x0801a78a   0x00000002   PAD
    0x0801a78c   0x0801a78c   0x00000064   Code   RO         4864    .text               lv_img_cache.o
    0x0801a7f0   0x0801a7f0   0x00000a7c   Code   RO         4907    .text               lv_img_decoder.o
    0x0801b26c   0x0801b26c   0x0000006c   Code   RO         4970    .text               lv_draw_sw.o
    0x0801b2d8   0x0801b2d8   0x00000d9a   Code   RO         5104    .text               lv_draw_sw_arc.o
    0x0801c072   0x0801c072   0x00000002   PAD
    0x0801c074   0x0801c074   0x00000f30   Code   RO         5208    .text               lv_draw_sw_blend.o
    0x0801cfa4   0x0801cfa4   0x00000544   Code   RO         5345    .text               lv_draw_sw_gradient.o
    0x0801d4e8   0x0801d4e8   0x000005ba   Code   RO         5397    .text               lv_draw_sw_img.o
    0x0801daa2   0x0801daa2   0x00000002   PAD
    0x0801daa4   0x0801daa4   0x000004b2   Code   RO         5487    .text               lv_draw_sw_letter.o
    0x0801df56   0x0801df56   0x00000002   PAD
    0x0801df58   0x0801df58   0x000009f8   Code   RO         5586    .text               lv_draw_sw_line.o
    0x0801e950   0x0801e950   0x00000394   Code   RO         5681    .text               lv_draw_sw_polygon.o
    0x0801ece4   0x0801ece4   0x0000203a   Code   RO         5749    .text               lv_draw_sw_rect.o
    0x08020d1e   0x08020d1e   0x0000000c   Code   RO         5846    .text               lv_extra.o
    0x08020d2a   0x08020d2a   0x00000002   PAD
    0x08020d2c   0x08020d2c   0x00000f08   Code   RO         6241    .text               lv_flex.o
    0x08021c34   0x08021c34   0x00000f54   Code   RO         6409    .text               lv_grid.o
    0x08022b88   0x08022b88   0x00003254   Code   RO        11471    .text               lv_theme_default.o
    0x08025ddc   0x08025ddc   0x0000061c   Code   RO        12673    .text               lv_calendar.o
    0x080263f8   0x080263f8   0x00000220   Code   RO        13072    .text               lv_calendar_header_arrow.o
    0x08026618   0x08026618   0x00000198   Code   RO        13255    .text               lv_calendar_header_dropdown.o
    0x080267b0   0x080267b0   0x0000299e   Code   RO        13371    .text               lv_chart.o
    0x0802914e   0x0802914e   0x00000002   PAD
    0x08029150   0x08029150   0x00000e58   Code   RO        13768    .text               lv_colorwheel.o
    0x08029fa8   0x08029fa8   0x00000400   Code   RO        14563    .text               lv_led.o
    0x0802a3a8   0x0802a3a8   0x00000430   Code   RO        14960    .text               lv_keyboard.o
    0x0802a7d8   0x0802a7d8   0x00000964   Code   RO        15318    .text               lv_menu.o
    0x0802b13c   0x0802b13c   0x000010ac   Code   RO        15495    .text               lv_meter.o
    0x0802c1e8   0x0802c1e8   0x000006b0   Code   RO        16687    .text               lv_spinbox.o
    0x0802c898   0x0802c898   0x000000f4   Code   RO        17084    .text               lv_spinner.o
    0x0802c98c   0x0802c98c   0x0000056c   Code   RO        17482    .text               lv_tabview.o
    0x0802cef8   0x0802cef8   0x000002a4   Code   RO        17880    .text               lv_tileview.o
    0x0802d19c   0x0802d19c   0x00000140   Code   RO        18042    .text               lv_win.o
    0x0802d2dc   0x0802d2dc   0x000000b2   Code   RO        18440    .text               lv_font.o
    0x0802d38e   0x0802d38e   0x00000002   PAD
    0x0802d390   0x0802d390   0x000003d8   Code   RO        18872    .text               lv_font_fmt_txt.o
    0x0802d768   0x0802d768   0x00000a70   Code   RO        19943    .text               lv_hal_disp.o
    0x0802e1d8   0x0802e1d8   0x000001cc   Code   RO        20125    .text               lv_hal_indev.o
    0x0802e3a4   0x0802e3a4   0x0000004c   Code   RO        20284    .text               lv_hal_tick.o
    0x0802e3f0   0x0802e3f0   0x00000632   Code   RO        20304    .text               lv_anim.o
    0x0802ea22   0x0802ea22   0x000008dc   Code   RO        20397    .text               lv_area.o
    0x0802f2fe   0x0802f2fe   0x00000002   PAD
    0x0802f300   0x0802f300   0x00000058   Code   RO        20412    .text               lv_async.o
    0x0802f358   0x0802f358   0x000004c8   Code   RO        20456    .text               lv_color.o
    0x0802f820   0x0802f820   0x00000668   Code   RO        20472    .text               lv_fs.o
    0x0802fe88   0x0802fe88   0x000000d0   Code   RO        20512    .text               lv_gc.o
    0x0802ff58   0x0802ff58   0x00000342   Code   RO        20537    .text               lv_ll.o
    0x0803029a   0x0803029a   0x00000002   PAD
    0x0803029c   0x0803029c   0x00000244   Code   RO        20570    .text               lv_math.o
    0x080304e0   0x080304e0   0x000006aa   Code   RO        20585    .text               lv_mem.o
    0x08030b8a   0x08030b8a   0x00000002   PAD
    0x08030b8c   0x08030b8c   0x00000968   Code   RO        20603    .text               lv_printf.o
    0x080314f4   0x080314f4   0x000004e0   Code   RO        20615    .text               lv_style.o
    0x080319d4   0x080319d4   0x000007fe   Code   RO        20650    .text               lv_style_gen.o
    0x080321d2   0x080321d2   0x00000002   PAD
    0x080321d4   0x080321d4   0x000002a0   Code   RO        20673    .text               lv_timer.o
    0x08032474   0x08032474   0x00000da2   Code   RO        20687    .text               lv_tlsf.o
    0x08033216   0x08033216   0x00000002   PAD
    0x08033218   0x08033218   0x000008dc   Code   RO        20699    .text               lv_txt.o
    0x08033af4   0x08033af4   0x00000054   Code   RO        20799    .text               lv_utils.o
    0x08033b48   0x08033b48   0x00000f9e   Code   RO        20814    .text               lv_arc.o
    0x08034ae6   0x08034ae6   0x00000002   PAD
    0x08034ae8   0x08034ae8   0x00000aec   Code   RO        20978    .text               lv_bar.o
    0x080355d4   0x080355d4   0x0000003c   Code   RO        21083    .text               lv_btn.o
    0x08035610   0x08035610   0x000014cc   Code   RO        21107    .text               lv_btnmatrix.o
    0x08036adc   0x08036adc   0x00000562   Code   RO        21294    .text               lv_checkbox.o
    0x0803703e   0x0803703e   0x00000002   PAD
    0x08037040   0x08037040   0x00001324   Code   RO        21388    .text               lv_dropdown.o
    0x08038364   0x08038364   0x00000fde   Code   RO        21486    .text               lv_img.o
    0x08039342   0x08039342   0x00000002   PAD
    0x08039344   0x08039344   0x00001636   Code   RO        21580    .text               lv_label.o
    0x0803a97a   0x0803a97a   0x00000002   PAD
    0x0803a97c   0x0803a97c   0x00000284   Code   RO        21680    .text               lv_line.o
    0x0803ac00   0x0803ac00   0x00000d90   Code   RO        21705    .text               lv_roller.o
    0x0803b990   0x0803b990   0x00000bf4   Code   RO        21787    .text               lv_slider.o
    0x0803c584   0x0803c584   0x00000472   Code   RO        21903    .text               lv_switch.o
    0x0803c9f6   0x0803c9f6   0x00000002   PAD
    0x0803c9f8   0x0803c9f8   0x00001358   Code   RO        22007    .text               lv_table.o
    0x0803dd50   0x0803dd50   0x000016f4   Code   RO        22090    .text               lv_textarea.o
    0x0803f444   0x0803f444   0x00000002   Code   RO        22194    .text               c_w.l(use_no_semi_2.o)
    0x0803f446   0x0803f446   0x000000ee   Code   RO        22196    .text               c_w.l(lludivv7m.o)
    0x0803f534   0x0803f534   0x00000018   Code   RO        22200    .text               c_w.l(noretval__2printf.o)
    0x0803f54c   0x0803f54c   0x00000068   Code   RO        22202    .text               c_w.l(__printf.o)
    0x0803f5b4   0x0803f5b4   0x00000052   Code   RO        22204    .text               c_w.l(_printf_str.o)
    0x0803f606   0x0803f606   0x00000002   PAD
    0x0803f608   0x0803f608   0x00000078   Code   RO        22206    .text               c_w.l(_printf_dec.o)
    0x0803f680   0x0803f680   0x00000058   Code   RO        22211    .text               c_w.l(_printf_hex_int.o)
    0x0803f6d8   0x0803f6d8   0x00000048   Code   RO        22259    .text               c_w.l(strcpy.o)
    0x0803f720   0x0803f720   0x0000003e   Code   RO        22261    .text               c_w.l(strlen.o)
    0x0803f75e   0x0803f75e   0x00000018   Code   RO        22263    .text               c_w.l(strcat.o)
    0x0803f776   0x0803f776   0x0000008a   Code   RO        22265    .text               c_w.l(rt_memcpy_v6.o)
    0x0803f800   0x0803f800   0x00000064   Code   RO        22269    .text               c_w.l(rt_memcpy_w.o)
    0x0803f864   0x0803f864   0x0000004e   Code   RO        22273    .text               c_w.l(rt_memclr_w.o)
    0x0803f8b2   0x0803f8b2   0x00000002   PAD
    0x0803f8b4   0x0803f8b4   0x00000080   Code   RO        22275    .text               c_w.l(strcmpv7m.o)
    0x0803f934   0x0803f934   0x00000006   Code   RO        22277    .text               c_w.l(heapauxi.o)
    0x0803f93a   0x0803f93a   0x00000002   Code   RO        22323    .text               c_w.l(use_no_semi.o)
    0x0803f93c   0x0803f93c   0x00000016   Code   RO        22330    .text               c_w.l(_rserrno.o)
    0x0803f952   0x0803f952   0x000000b2   Code   RO        22332    .text               c_w.l(_printf_intcommon.o)
    0x0803fa04   0x0803fa04   0x0000002c   Code   RO        22334    .text               c_w.l(_printf_char.o)
    0x0803fa30   0x0803fa30   0x00000024   Code   RO        22336    .text               c_w.l(_printf_char_file.o)
    0x0803fa54   0x0803fa54   0x00000008   Code   RO        22380    .text               c_w.l(rt_errno_addr_intlibspace.o)
    0x0803fa5c   0x0803fa5c   0x00000030   Code   RO        22382    .text               c_w.l(_printf_char_common.o)
    0x0803fa8c   0x0803fa8c   0x00000008   Code   RO        22384    .text               c_w.l(ferror.o)
    0x0803fa94   0x0803fa94   0x00000008   Code   RO        22392    .text               c_w.l(libspace.o)
    0x0803fa9c   0x0803fa9c   0x0000004a   Code   RO        22396    .text               c_w.l(sys_stackheap_outer.o)
    0x0803fae6   0x0803fae6   0x00000012   Code   RO        22402    .text               c_w.l(exit.o)
    0x0803faf8   0x0803faf8   0x0000007a   Code   RO        22311    i.__hardfp_sqrt     m_wm.l(sqrt.o)
    0x0803fb72   0x0803fb72   0x00000002   PAD
    0x0803fb74   0x0803fb74   0x00000062   Code   RO        22281    x$fpl$d2f           fz_wm.l(d2f.o)
    0x0803fbd6   0x0803fbd6   0x00000002   PAD
    0x0803fbd8   0x0803fbd8   0x00000150   Code   RO        22283    x$fpl$dadd          fz_wm.l(daddsub_clz.o)
    0x0803fd28   0x0803fd28   0x00000018   Code   RO        22345    x$fpl$dcmpinf       fz_wm.l(dcmpi.o)
    0x0803fd40   0x0803fd40   0x000002b0   Code   RO        22290    x$fpl$ddiv          fz_wm.l(ddiv.o)
    0x0803fff0   0x0803fff0   0x0000005a   Code   RO        22293    x$fpl$dfixu         fz_wm.l(dfixu.o)
    0x0804004a   0x0804004a   0x0000002e   Code   RO        22298    x$fpl$dflt          fz_wm.l(dflt_clz.o)
    0x08040078   0x08040078   0x00000026   Code   RO        22297    x$fpl$dfltu         fz_wm.l(dflt_clz.o)
    0x0804009e   0x0804009e   0x00000002   PAD
    0x080400a0   0x080400a0   0x00000078   Code   RO        22303    x$fpl$dleqf         fz_wm.l(dleqf.o)
    0x08040118   0x08040118   0x00000154   Code   RO        22305    x$fpl$dmul          fz_wm.l(dmul.o)
    0x0804026c   0x0804026c   0x0000009c   Code   RO        22347    x$fpl$dnaninf       fz_wm.l(dnaninf.o)
    0x08040308   0x08040308   0x0000000c   Code   RO        22349    x$fpl$dretinf       fz_wm.l(dretinf.o)
    0x08040314   0x08040314   0x0000006c   Code   RO        22307    x$fpl$drleqf        fz_wm.l(drleqf.o)
    0x08040380   0x08040380   0x00000016   Code   RO        22284    x$fpl$drsb          fz_wm.l(daddsub_clz.o)
    0x08040396   0x08040396   0x00000002   PAD
    0x08040398   0x08040398   0x00000198   Code   RO        22351    x$fpl$dsqrt         fz_wm.l(dsqrt_umaal.o)
    0x08040530   0x08040530   0x000001d4   Code   RO        22285    x$fpl$dsub          fz_wm.l(daddsub_clz.o)
    0x08040704   0x08040704   0x00000056   Code   RO        22309    x$fpl$f2d           fz_wm.l(f2d.o)
    0x0804075a   0x0804075a   0x0000008c   Code   RO        22353    x$fpl$fnaninf       fz_wm.l(fnaninf.o)
    0x080407e6   0x080407e6   0x0000000a   Code   RO        22482    x$fpl$fpinit        fz_wm.l(fpinit.o)
    0x080407f0   0x080407f0   0x0000000a   Code   RO        22355    x$fpl$fretinf       fz_wm.l(fretinf.o)
    0x080407fa   0x080407fa   0x00000000   Code   RO        22357    x$fpl$usenofp       fz_wm.l(usenofp.o)
    0x080407fa   0x080407fa   0x000017c0   Data   RO          691    .constdata          lcd.o
    0x08041fba   0x08041fba   0x000000c2   Data   RO          818    .constdata          gt9147.o
    0x0804207c   0x0804207c   0x00000014   Data   RO          846    .constdata          ft5206.o
    0x08042090   0x08042090   0x0000000a   Data   RO          870    .constdata          ott2001a.o
    0x0804209a   0x0804209a   0x00000002   PAD
    0x0804209c   0x0804209c   0x00000004   Data   RO          894    .constdata          touch.o
    0x080420a0   0x080420a0   0x0000001c   Data   RO         1731    .constdata          stm32f4xx_fsmc.o
    0x080420bc   0x080420bc   0x0000001c   Data   RO         2939    .constdata          lv_obj.o
    0x080420d8   0x080420d8   0x00000008   Data   RO         3204    .constdata          lv_obj_pos.o
    0x080420e0   0x080420e0   0x0000011e   Data   RO         5489    .constdata          lv_draw_sw_letter.o
    0x080421fe   0x080421fe   0x00000021   Data   RO         5587    .constdata          lv_draw_sw_line.o
    0x0804221f   0x0804221f   0x00000001   PAD
    0x08042220   0x08042220   0x00000008   Data   RO         5682    .constdata          lv_draw_sw_polygon.o
    0x08042228   0x08042228   0x00000016   Data   RO        11473    .constdata          lv_theme_default.o
    0x0804223e   0x0804223e   0x00000002   PAD
    0x08042240   0x08042240   0x0000001c   Data   RO        12674    .constdata          lv_calendar.o
    0x0804225c   0x0804225c   0x0000001c   Data   RO        13073    .constdata          lv_calendar_header_arrow.o
    0x08042278   0x08042278   0x0000001c   Data   RO        13256    .constdata          lv_calendar_header_dropdown.o
    0x08042294   0x08042294   0x0000001c   Data   RO        13372    .constdata          lv_chart.o
    0x080422b0   0x080422b0   0x0000001c   Data   RO        13769    .constdata          lv_colorwheel.o
    0x080422cc   0x080422cc   0x0000001c   Data   RO        14564    .constdata          lv_led.o
    0x080422e8   0x080422e8   0x00000392   Data   RO        14961    .constdata          lv_keyboard.o
    0x0804267a   0x0804267a   0x00000002   PAD
    0x0804267c   0x0804267c   0x00000054   Data   RO        15136    .constdata          lv_list.o
    0x080426d0   0x080426d0   0x000000fc   Data   RO        15319    .constdata          lv_menu.o
    0x080427cc   0x080427cc   0x0000001c   Data   RO        15496    .constdata          lv_meter.o
    0x080427e8   0x080427e8   0x00000054   Data   RO        15893    .constdata          lv_msgbox.o
    0x0804283c   0x0804283c   0x0000001c   Data   RO        16688    .constdata          lv_spinbox.o
    0x08042858   0x08042858   0x0000001c   Data   RO        17085    .constdata          lv_spinner.o
    0x08042874   0x08042874   0x0000001c   Data   RO        17483    .constdata          lv_tabview.o
    0x08042890   0x08042890   0x00000038   Data   RO        17881    .constdata          lv_tileview.o
    0x080428c8   0x080428c8   0x0000001c   Data   RO        18043    .constdata          lv_win.o
    0x080428e4   0x080428e4   0x00003544   Data   RO        18963    .constdata          lv_font_montserrat_14.o
    0x08045e28   0x08045e28   0x00003e18   Data   RO        19169    .constdata          lv_font_montserrat_16.o
    0x08049c40   0x08049c40   0x00004a4c   Data   RO        19375    .constdata          lv_font_montserrat_18.o
    0x0804e68c   0x0804e68c   0x0000017c   Data   RO        20457    .constdata          lv_color.o
    0x0804e808   0x0804e808   0x000000b6   Data   RO        20571    .constdata          lv_math.o
    0x0804e8be   0x0804e8be   0x00000002   PAD
    0x0804e8c0   0x0804e8c0   0x0000001c   Data   RO        20815    .constdata          lv_arc.o
    0x0804e8dc   0x0804e8dc   0x0000001c   Data   RO        20979    .constdata          lv_bar.o
    0x0804e8f8   0x0804e8f8   0x0000001c   Data   RO        21084    .constdata          lv_btn.o
    0x0804e914   0x0804e914   0x0000001c   Data   RO        21108    .constdata          lv_btnmatrix.o
    0x0804e930   0x0804e930   0x0000001c   Data   RO        21295    .constdata          lv_checkbox.o
    0x0804e94c   0x0804e94c   0x00000038   Data   RO        21389    .constdata          lv_dropdown.o
    0x0804e984   0x0804e984   0x0000001c   Data   RO        21487    .constdata          lv_img.o
    0x0804e9a0   0x0804e9a0   0x0000001c   Data   RO        21581    .constdata          lv_label.o
    0x0804e9bc   0x0804e9bc   0x0000001c   Data   RO        21681    .constdata          lv_line.o
    0x0804e9d8   0x0804e9d8   0x00000038   Data   RO        21706    .constdata          lv_roller.o
    0x0804ea10   0x0804ea10   0x0000001c   Data   RO        21788    .constdata          lv_slider.o
    0x0804ea2c   0x0804ea2c   0x0000001c   Data   RO        21904    .constdata          lv_switch.o
    0x0804ea48   0x0804ea48   0x0000001c   Data   RO        22008    .constdata          lv_table.o
    0x0804ea64   0x0804ea64   0x0000001c   Data   RO        22091    .constdata          lv_textarea.o
    0x0804ea80   0x0804ea80   0x00000028   Data   RO        22212    .constdata          c_w.l(_printf_hex_int.o)
    0x0804eaa8   0x0804eaa8   0x00000079   Data   RO          895    .conststring        touch.o
    0x0804eb21   0x0804eb21   0x00000003   PAD
    0x0804eb24   0x0804eb24   0x0000001b   Data   RO        12675    .conststring        lv_calendar.o
    0x0804eb3f   0x0804eb3f   0x00000001   PAD
    0x0804eb40   0x0804eb40   0x00000069   Data   RO        13074    .conststring        lv_calendar_header_arrow.o
    0x0804eba9   0x0804eba9   0x00000003   PAD
    0x0804ebac   0x0804ebac   0x0000028c   Data   RO        13257    .conststring        lv_calendar_header_dropdown.o
    0x0804ee38   0x0804ee38   0x0000018d   Data   RO        14962    .conststring        lv_keyboard.o
    0x0804efc5   0x0804efc5   0x00000003   PAD
    0x0804efc8   0x0804efc8   0x00000025   Data   RO        21109    .conststring        lv_btnmatrix.o
    0x0804efed   0x0804efed   0x00000003   PAD
    0x0804eff0   0x0804eff0   0x00000020   Data   RO        22529    Region$$Table       anon$$obj.o


    Execution Region RW_IRAM1 (Exec base: 0x20000000, Load base: 0x0804f010, Size: 0x00011928, Max: 0x00020000, ABSOLUTE, COMPRESSED[0x0000010c])

    Exec Addr    Load Addr    Size         Type   Attr      Idx    E Section Name        Object

    0x20000000   COMPRESSED   0x00000014   Data   RW          640    .data               system_stm32f4xx.o
    0x20000014   COMPRESSED   0x00000004   Data   RW          692    .data               lcd.o
    0x20000018   COMPRESSED   0x00000001   Data   RW          728    .data               key.o
    0x20000019   COMPRESSED   0x00000001   Data   RW          819    .data               gt9147.o
    0x2000001a   COMPRESSED   0x00000007   Data   RW          847    .data               ft5206.o
    0x20000021   COMPRESSED   0x00000001   Data   RW          871    .data               ott2001a.o
    0x20000022   COMPRESSED   0x00000002   PAD
    0x20000024   COMPRESSED   0x00000036   Data   RW          896    .data               touch.o
    0x2000005a   COMPRESSED   0x00000002   PAD
    0x2000005c   COMPRESSED   0x00000034   Data   RW         1236    .data               voice.o
    0x20000090   COMPRESSED   0x00000004   Data   RW         1259    .data               fan.o
    0x20000094   COMPRESSED   0x00000004   Data   RW         1285    .data               rtc.o
    0x20000098   COMPRESSED   0x0000000c   Data   RW         1308    .data               bh1750.o
    0x200000a4   COMPRESSED   0x00000004   Data   RW         1355    .data               delay.o
    0x200000a8   COMPRESSED   0x00000058   Data   RW         1395    .data               lv_guitask.o
    0x20000100   COMPRESSED   0x00000006   Data   RW         1654    .data               usart3.o
    0x20000106   COMPRESSED   0x00000010   Data   RW         1754    .data               stm32f4xx_rcc.o
    0x20000116   COMPRESSED   0x00000002   PAD
    0x20000118   COMPRESSED   0x00000008   Data   RW         2307    .data               lv_port_indev_template.o
    0x20000120   COMPRESSED   0x00000008   Data   RW         2495    .data               lv_event.o
    0x20000128   COMPRESSED   0x00000004   Data   RW         2637    .data               lv_group.o
    0x2000012c   COMPRESSED   0x00000009   Data   RW         2792    .data               lv_indev.o
    0x20000135   COMPRESSED   0x00000003   PAD
    0x20000138   COMPRESSED   0x00000008   Data   RW         2940    .data               lv_obj.o
    0x20000140   COMPRESSED   0x00000005   Data   RW         3205    .data               lv_obj_pos.o
    0x20000145   COMPRESSED   0x00000001   Data   RW         3408    .data               lv_obj_style.o
    0x20000146   COMPRESSED   0x00000002   PAD
    0x20000148   COMPRESSED   0x00000008   Data   RW         3637    .data               lv_refr.o
    0x20000150   COMPRESSED   0x00000009   Data   RW         5346    .data               lv_draw_sw_gradient.o
    0x20000159   COMPRESSED   0x00000003   PAD
    0x2000015c   COMPRESSED   0x00000008   Data   RW         5490    .data               lv_draw_sw_letter.o
    0x20000164   COMPRESSED   0x0000000e   Data   RW         6242    .data               lv_flex.o
    0x20000172   COMPRESSED   0x00000002   PAD
    0x20000174   COMPRESSED   0x00000018   Data   RW         6410    .data               lv_grid.o
    0x2000018c   COMPRESSED   0x00000020   Data   RW        11474    .data               lv_theme_default.o
    0x200001ac   COMPRESSED   0x0000001c   Data   RW        12676    .data               lv_calendar.o
    0x200001c8   COMPRESSED   0x00000030   Data   RW        13075    .data               lv_calendar_header_arrow.o
    0x200001f8   COMPRESSED   0x00000008   Data   RW        13258    .data               lv_calendar_header_dropdown.o
    0x20000200   COMPRESSED   0x00000007   Data   RW        13770    .data               lv_colorwheel.o
    0x20000207   COMPRESSED   0x00000001   PAD
    0x20000208   COMPRESSED   0x00000048   Data   RW        14963    .data               lv_keyboard.o
    0x20000250   COMPRESSED   0x00000008   Data   RW        17086    .data               lv_spinner.o
    0x20000258   COMPRESSED   0x00000004   Data   RW        17484    .data               lv_tabview.o
    0x2000025c   COMPRESSED   0x0000000c   Data   RW        17882    .data               lv_tileview.o
    0x20000268   COMPRESSED   0x00000002   Data   RW        18044    .data               lv_win.o
    0x2000026a   COMPRESSED   0x00000002   PAD
    0x2000026c   COMPRESSED   0x00000008   Data   RW        18964    .data               lv_font_montserrat_14.o
    0x20000274   COMPRESSED   0x00000008   Data   RW        19170    .data               lv_font_montserrat_16.o
    0x2000027c   COMPRESSED   0x00000008   Data   RW        19376    .data               lv_font_montserrat_18.o
    0x20000284   COMPRESSED   0x0000000d   Data   RW        19944    .data               lv_hal_disp.o
    0x20000291   COMPRESSED   0x00000003   PAD
    0x20000294   COMPRESSED   0x00000005   Data   RW        20285    .data               lv_hal_tick.o
    0x20000299   COMPRESSED   0x00000003   PAD
    0x2000029c   COMPRESSED   0x0000000c   Data   RW        20305    .data               lv_anim.o
    0x200002a8   COMPRESSED   0x00000014   Data   RW        20514    .data               lv_gc.o
    0x200002bc   COMPRESSED   0x00000004   Data   RW        20572    .data               lv_math.o
    0x200002c0   COMPRESSED   0x00000008   Data   RW        20587    .data               lv_mem.o
    0x200002c8   COMPRESSED   0x00000002   Data   RW        20616    .data               lv_style.o
    0x200002ca   COMPRESSED   0x00000002   PAD
    0x200002cc   COMPRESSED   0x00000014   Data   RW        20674    .data               lv_timer.o
    0x200002e0   COMPRESSED   0x00000020   Data   RW        20700    .data               lv_txt.o
    0x20000300   COMPRESSED   0x0000001c   Data   RW        21110    .data               lv_btnmatrix.o
    0x2000031c   COMPRESSED   0x00000004   Data   RW        22092    .data               lv_textarea.o
    0x20000320        -       0x0000000e   Zero   RW          690    .bss                lcd.o
    0x2000032e        -       0x000000c8   Zero   RW         1653    .bss                usart3.o
    0x200003f6   COMPRESSED   0x00000002   PAD
    0x200003f8        -       0x00004b68   Zero   RW         1896    .bss                lv_port_disp_template.o
    0x20004f60        -       0x00000020   Zero   RW         2306    .bss                lv_port_indev_template.o
    0x20004f80        -       0x00000100   Zero   RW         5488    .bss                lv_draw_sw_letter.o
    0x20005080        -       0x0000004c   Zero   RW        11472    .bss                lv_theme_default.o
    0x200050cc        -       0x000001fc   Zero   RW        20513    .bss                lv_gc.o
    0x200052c8        -       0x0000c000   Zero   RW        20586    .bss                lv_mem.o
    0x200112c8        -       0x00000060   Zero   RW        22393    .bss                c_w.l(libspace.o)
    0x20011328        -       0x00000200   Zero   RW         1682    HEAP                startup_stm32f40_41xxx.o
    0x20011528        -       0x00000400   Zero   RW         1681    STACK               startup_stm32f40_41xxx.o


==============================================================================

Image component sizes


      Code (inc. data)   RO Data    RW Data    ZI Data      Debug   Object Name

       378          0          0          0          0       2834   24cxx.o
       764         30          0         12          0       3129   bh1750.o
       456         26          0          0          0       2009   ctiic.o
       260          8          0          4          0       1493   delay.o
       412          6          0          0          0       2376   dht11.o
       336         20          0          4          0       1526   fan.o
      1400         82         20          7          0       2967   ft5206.o
      1072         78        194          1          0       3102   gt9147.o
       188         14          0          1          0        832   key.o
     13904        128       6080          4         14      20622   lcd.o
       208         18          0          0          0       1300   led.o
      1586         26          0         12          0      28907   lv_anim.o
      3998         10         28          0          0      69140   lv_arc.o
      2268         22          0          0          0       9563   lv_area.o
        88          4          0          0          0       1768   lv_async.o
      2796         30         28          0          0      57445   lv_bar.o
         0          0          0          0          0       5151   lv_bidi.o
        60          6         28          0          0       1467   lv_btn.o
      5324         24         65         28          0      51767   lv_btnmatrix.o
      1564         28         55         28          0      57652   lv_calendar.o
       544         32        133         48          0      49561   lv_calendar_header_arrow.o
       408         26        680          8          0      35964   lv_calendar_header_dropdown.o
     10654         32         28          0          0      89268   lv_chart.o
      1378         16         28          0          0      47314   lv_checkbox.o
      1224         24        380          0          0      11140   lv_color.o
      3672         28         28          7          0      74583   lv_colorwheel.o
      1572         32          0          0          0      53133   lv_disp.o
         2          0          0          0          0      17134   lv_draw.o
      1234          0          0          0          0      21304   lv_draw_arc.o
      1160         40          0          0          0      29971   lv_draw_img.o
      2172         22          0          0          0      29526   lv_draw_label.o
       134          0          0          0          0      29912   lv_draw_line.o
      7600         38          0          0          0      25837   lv_draw_mask.o
       272          6          0          0          0      24445   lv_draw_rect.o
       108         32          0          0          0      37270   lv_draw_sw.o
      3482          0          0          0          0      36820   lv_draw_sw_arc.o
      3888         32          0          0          0      52141   lv_draw_sw_blend.o
      1348         30          0          9          0      18034   lv_draw_sw_gradient.o
      1466          0          0          0          0      26185   lv_draw_sw_img.o
      1202         28        286          8        256      24661   lv_draw_sw_letter.o
      2552          4         33          0          0      26238   lv_draw_sw_line.o
       916          6          8          0          0      22021   lv_draw_sw_polygon.o
      8250          0          0          0          0      36920   lv_draw_sw_rect.o
      4900         62         56          0          0      55258   lv_dropdown.o
      1956         38          0          8          0      52065   lv_event.o
        12          0          0          0          0        524   lv_extra.o
      3848         86          0         14          0      70279   lv_flex.o
       178          0          0          0          0       6433   lv_font.o
         0          0          0          0          0       4492   lv_font_dejavu_16_persian_hebrew.o
       984         12          0          0          0       7181   lv_font_fmt_txt.o
         0          0      13636          8          0       2574   lv_font_montserrat_14.o
         0          0      15896          8          0       2574   lv_font_montserrat_16.o
         0          0      19020          8          0       2574   lv_font_montserrat_18.o
      1640         14          0          0          0       9703   lv_fs.o
       208         68          0         20        508       2078   lv_gc.o
      3924        110          0         24          0      76903   lv_grid.o
      1706         24          0          4          0      52532   lv_group.o
      4416        652          0         88          0      44821   lv_guitask.o
      2672         86          0         13          0      57211   lv_hal_disp.o
       460         10          0          0          0      45437   lv_hal_indev.o
        76         10          0          5          0       1628   lv_hal_tick.o
      4062          8         28          0          0      54444   lv_img.o
      4458         38          0          0          0      23009   lv_img_buf.o
       100          6          0          0          0       6303   lv_img_cache.o
      2684         32          0          0          0      20737   lv_img_decoder.o
      4684         46          0          9          0      25756   lv_indev.o
      3406          8          0          0          0      49165   lv_indev_scroll.o
      1072         66       1311         72          0      54876   lv_keyboard.o
      5686         74         28          0          0      63483   lv_label.o
      1024          8         28          0          0      53505   lv_led.o
       644          4         28          0          0      12658   lv_line.o
         0          0         84          0          0      47331   lv_list.o
       834          0          0          0          0       5743   lv_ll.o
       580         10        182          4          0       3561   lv_math.o
      1706         24          0          8      49152       6667   lv_mem.o
      2404         68        252          0          0      58274   lv_menu.o
      4268         22         28          0          0      76469   lv_meter.o
         0          0         84          0          0      50365   lv_msgbox.o
      4536         40         28          8          0      59914   lv_obj.o
       548          0          0          0          0       2992   lv_obj_class.o
      2478          0          0          0          0      63364   lv_obj_draw.o
      6912         66          8          5          0      62565   lv_obj_pos.o
      5528         46          0          0          0      60308   lv_obj_scroll.o
      4724         50          0          1          0      61078   lv_obj_style.o
      2450          0          0          0          0      43232   lv_obj_style_gen.o
      1650          8          0          0          0      34433   lv_obj_tree.o
       132         20          0          0      19304      47162   lv_port_disp_template.o
       164         24          0          8         32       2026   lv_port_indev_template.o
      2408         10          0          0          0       8135   lv_printf.o
      3908         26          0          8          0      43290   lv_refr.o
      3472         84         56          0          0      50008   lv_roller.o
      3060          4         28          0          0      51728   lv_slider.o
      1712         18         28          0          0      58347   lv_spinbox.o
       244         24         28          8          0      51925   lv_spinner.o
      1248         12          0          2          0      20525   lv_style.o
      2046          0          0          0          0      34441   lv_style_gen.o
      1138         12         28          0          0      47012   lv_switch.o
      4952         18         28          0          0      53470   lv_table.o
      1388         38         28          4          0      64677   lv_tabview.o
      5876        108         28          4          0      66474   lv_textarea.o
       256          8          0          0          0      50352   lv_theme.o
     12884        516         22         32         76      61902   lv_theme_default.o
       676         26         56         12          0      51179   lv_tileview.o
       672         40          0         20          0       5321   lv_timer.o
      3490         10          0          0          0      19638   lv_tlsf.o
      2268         34          0         32          0      14395   lv_txt.o
        84          0          0          0          0        952   lv_utils.o
       320          8         28          2          0      51498   lv_win.o
       116          8          0          0          0     307719   main.o
       224         20          0          0          0       1833   misc.o
       604         14          0          0          0       1928   myiic.o
       904         66         10          1          0       2771   ott2001a.o
       560          8          0          4          0       2820   rtc.o
        64         26        392          0       1536        844   startup_stm32f40_41xxx.o
       272         10          0          0          0       2303   stm32f4xx_exti.o
      1480         18         28          0          0       5670   stm32f4xx_fsmc.o
       660         44          0          0          0       4173   stm32f4xx_gpio.o
        26          0          0          0          0       1230   stm32f4xx_it.o
       364         12          0          0          0       3799   stm32f4xx_pwr.o
      1628         52          0         16          0      13056   stm32f4xx_rcc.o
      3432         44          0          0          0      15444   stm32f4xx_rtc.o
      3234         60          0          0          0      23028   stm32f4xx_tim.o
      1108         34          0          0          0       7896   stm32f4xx_usart.o
       528         46          0         20          0       1799   system_stm32f4xx.o
       320         14          0          0          0      13341   timer.o
      4320        228        125         54          0       6889   touch.o
       380         16          0          6        200       3752   usart3.o
       112         20          0         52          0       1805   voice.o

    ----------------------------------------------------------------------
    258504       4564      59766        800      71080    3915488   Object Totals
         0          0         32          0          0          0   (incl. Generated)
        52          0         22         27          2          0   (incl. Padding)

    ----------------------------------------------------------------------

      Code (inc. data)   RO Data    RW Data    ZI Data      Debug   Library Member Name

        90          0          0          0          0          0   __dczerorl2.o
         8          0          0          0          0         68   __main.o
       104          0          0          0          0         84   __printf.o
         0          0          0          0          0          0   __rtentry.o
        12          0          0          0          0          0   __rtentry2.o
         6          0          0          0          0          0   __rtentry4.o
        52          8          0          0          0          0   __scatter.o
        28          0          0          0          0          0   __scatter_zi.o
        44          0          0          0          0        108   _printf_char.o
        48          6          0          0          0         96   _printf_char_common.o
        36          4          0          0          0         80   _printf_char_file.o
         6          0          0          0          0          0   _printf_d.o
       120         16          0          0          0         92   _printf_dec.o
        88          4         40          0          0         88   _printf_hex_int.o
       178          0          0          0          0         88   _printf_intcommon.o
         0          0          0          0          0          0   _printf_percent.o
         4          0          0          0          0          0   _printf_percent_end.o
         6          0          0          0          0          0   _printf_s.o
        82          0          0          0          0         80   _printf_str.o
         6          0          0          0          0          0   _printf_x.o
        22          0          0          0          0        100   _rserrno.o
        18          0          0          0          0         80   exit.o
         8          0          0          0          0         68   ferror.o
         6          0          0          0          0        152   heapauxi.o
         2          0          0          0          0          0   libinit.o
         6          0          0          0          0          0   libinit2.o
         2          0          0          0          0          0   libshutdown.o
         2          0          0          0          0          0   libshutdown2.o
         8          4          0          0         96         68   libspace.o
       238          0          0          0          0        100   lludivv7m.o
        24          4          0          0          0         84   noretval__2printf.o
         8          4          0          0          0         68   rt_errno_addr_intlibspace.o
        78          0          0          0          0         80   rt_memclr_w.o
       138          0          0          0          0         68   rt_memcpy_v6.o
       100          0          0          0          0         80   rt_memcpy_w.o
         2          0          0          0          0          0   rtexit.o
        10          0          0          0          0          0   rtexit2.o
        24          0          0          0          0         68   strcat.o
       128          0          0          0          0         68   strcmpv7m.o
        72          0          0          0          0         80   strcpy.o
        62          0          0          0          0         76   strlen.o
        74          0          0          0          0         80   sys_stackheap_outer.o
         2          0          0          0          0         68   use_no_semi.o
         2          0          0          0          0         68   use_no_semi_2.o
        98          4          0          0          0        140   d2f.o
       826         16          0          0          0        492   daddsub_clz.o
        24          0          0          0          0        116   dcmpi.o
       688        140          0          0          0        256   ddiv.o
        90          4          0          0          0        140   dfixu.o
        84          0          0          0          0        232   dflt_clz.o
       120          4          0          0          0        140   dleqf.o
       340         12          0          0          0        152   dmul.o
       156          4          0          0          0        140   dnaninf.o
        12          0          0          0          0        116   dretinf.o
       108          0          0          0          0        128   drleqf.o
       408         56          0          0          0        168   dsqrt_umaal.o
        86          4          0          0          0        132   f2d.o
       140          4          0          0          0        132   fnaninf.o
        10          0          0          0          0        116   fpinit.o
        10          0          0          0          0        116   fretinf.o
         0          0          0          0          0          0   usenofp.o
       122          0          0          0          0        148   sqrt.o

    ----------------------------------------------------------------------
      5290        298         40          0         96       5104   Library Totals
        14          0          0          0          0          0   (incl. Padding)

    ----------------------------------------------------------------------

      Code (inc. data)   RO Data    RW Data    ZI Data      Debug   Library Name

      1954         50         40          0         96       2240   c_w.l
      3200        248          0          0          0       2716   fz_wm.l
       122          0          0          0          0        148   m_wm.l

    ----------------------------------------------------------------------
      5290        298         40          0         96       5104   Library Totals

    ----------------------------------------------------------------------

==============================================================================


      Code (inc. data)   RO Data    RW Data    ZI Data      Debug   

    263794       4862      59806        800      71176    3894296   Grand Totals
    263794       4862      59806        268      71176    3894296   ELF Image Totals (compressed)
    263794       4862      59806        268          0          0   ROM Totals

==============================================================================

    Total RO  Size (Code + RO Data)               323600 ( 316.02kB)
    Total RW  Size (RW Data + ZI Data)             71976 (  70.29kB)
    Total ROM Size (Code + RO Data + RW Data)     323868 ( 316.28kB)

==============================================================================

