<html>
<body>
<pre>
<h1>µVision Build Log</h1>
<h2>Tool Versions:</h2>
IDE-Version: ¶ÃVision V5.24.2.0
Copyright (C) 2017 ARM Ltd and ARM Germany GmbH. All rights reserved.
License Information: li yantao, h, LIC=ZB4EI-TJ4LP-CXJU6-DQY8F-4VUYU-IH14U
 
Tool Versions:
Toolchain:       MDK-ARM Plus  Version: 5.24.1
Toolchain Path:  C:\Keil_v5\ARM\ARMCC\Bin
C Compiler:      Armcc.exe V5.06 update 5 (build 528)
Assembler:       Armasm.exe V5.06 update 5 (build 528)
Linker/Locator:  ArmLink.exe V5.06 update 5 (build 528)
Library Manager: ArmAr.exe V5.06 update 5 (build 528)
Hex Converter:   FromElf.exe V5.06 update 5 (build 528)
CPU DLL:         SARMCM3.DLL V5.24.1
Dialog DLL:      DCM.DLL V1.16.0.0
Target DLL:      STLink\ST-LINKIII-KEIL_SWO.dll V3.0.1.0
Dialog DLL:      TCM.DLL V1.32.0.0
 
<h2>Project:</h2>
E:\Documents\Electric_Design\STM32\¥•øÿ∆¡-LVGL≥Ã–Ú≤‚ ‘\STM32F407LVGLProject\LVGL\USER\LVGL.uvprojx
Project File Date:  09/07/2023

<h2>Output:</h2>
*** Using Compiler 'V5.06 update 5 (build 528)', folder: 'C:\Keil_v5\ARM\ARMCC\Bin'
Build target 'LVGL'
compiling lv_obj_draw.c...
compiling lv_obj_class.c...
compiling lv_event.c...
compiling lv_disp.c...
compiling lv_group.c...
compiling lv_indev_scroll.c...
compiling lv_obj.c...
compiling lv_obj_style.c...
compiling lv_indev.c...
compiling lv_obj_pos.c...
compiling lv_obj_scroll.c...
compiling lv_obj_style_gen.c...
compiling lv_draw.c...
compiling lv_obj_tree.c...
compiling lv_draw_arc.c...
compiling lv_draw_rect.c...
compiling lv_refr.c...
compiling lv_draw_img.c...
compiling lv_draw_line.c...
compiling lv_draw_label.c...
compiling lv_theme.c...
compiling lv_draw_triangle.c...
compiling lv_img_cache.c...
compiling lv_draw_mask.c...
compiling main.c...
compiling lv_img_buf.c...
compiling lv_port_disp_template.c...
compiling lv_img_decoder.c...
compiling lv_draw_sw.c...
compiling lv_draw_sw_dither.c...
compiling timer.c...
compiling lv_draw_sw_arc.c...
compiling LV_GUITASK.c...
compiling lv_draw_sw_gradient.c...
compiling lv_port_indev_template.c...
compiling lv_draw_sw_blend.c...
compiling lv_draw_sw_img.c...
compiling lv_draw_sw_polygon.c...
compiling lv_draw_sw_letter.c...
compiling lv_draw_sw_line.c...
compiling gifdec.c...
compiling lv_flex.c...
compiling lv_draw_sw_rect.c...
compiling lv_grid.c...
compiling lv_extra.c...
compiling lv_ffmpeg.c...
compiling lv_bmp.c...
compiling tjpgd.c...
compiling lv_freetype.c...
compiling lv_fs_fatfs.c...
compiling lv_fs_posix.c...
compiling lv_fs_stdio.c...
compiling lv_fs_win32.c...
compiling lv_gif.c...
compiling lv_png.c...
compiling lodepng.c...
compiling lv_gridnav.c...
compiling lv_qrcode.c...
compiling lv_rlottie.c...
compiling lv_sjpg.c...
compiling lv_snapshot.c...
compiling lv_monkey.c...
compiling lv_calendar_header_arrow.c...
compiling lv_calendar_header_dropdown.c...
compiling lv_keyboard.c...
compiling lv_theme_basic.c...
compiling lv_animimg.c...
compiling lv_list.c...
compiling lv_theme_mono.c...
compiling lv_calendar.c...
compiling lv_menu.c...
compiling lv_theme_default.c...
compiling lv_led.c...
compiling lv_imgbtn.c...
compiling lv_colorwheel.c...
compiling lv_msgbox.c...
compiling lv_font.c...
compiling lv_meter.c...
compiling lv_chart.c...
compiling lv_tileview.c...
compiling lv_font_fmt_txt.c...
compiling lv_spinbox.c...
compiling lv_span.c...
compiling lv_spinner.c...
compiling lv_win.c...
compiling lv_tabview.c...
compiling lv_font_dejavu_16_persian_hebrew.c...
compiling lv_font_montserrat_10.c...
compiling lv_font_montserrat_8.c...
compiling lv_font_montserrat_12.c...
compiling lv_font_loader.c...
compiling lv_font_montserrat_12_subpx.c...
compiling lv_font_montserrat_14.c...
compiling lv_font_montserrat_20.c...
compiling lv_font_montserrat_16.c...
compiling lv_font_montserrat_18.c...
compiling lv_font_montserrat_24.c...
compiling lv_font_montserrat_22.c...
compiling lv_font_montserrat_26.c...
compiling lv_font_montserrat_28.c...
compiling lv_font_montserrat_28_compressed.c...
compiling lv_font_montserrat_30.c...
compiling lv_font_montserrat_32.c...
compiling lv_draw_sdl.c...
compiling lv_draw_sdl_arc.c...
compiling lv_draw_sdl_bg.c...
compiling lv_font_montserrat_34.c...
compiling lv_draw_sdl_composite.c...
compiling lv_draw_sdl_img.c...
compiling lv_font_montserrat_36.c...
compiling lv_font_montserrat_38.c...
compiling lv_font_montserrat_40.c...
compiling lv_draw_sdl_label.c...
compiling lv_font_montserrat_42.c...
compiling lv_font_montserrat_44.c...
compiling lv_draw_sdl_line.c...
compiling lv_draw_sdl_mask.c...
compiling lv_draw_sdl_polygon.c...
compiling lv_font_montserrat_46.c...
compiling lv_draw_sdl_rect.c...
compiling lv_draw_sdl_stack_blur.c...
compiling lv_font_unscii_8.c...
compiling lv_font_unscii_16.c...
compiling lv_font_montserrat_48.c...
compiling lv_font_simsun_16_cjk.c...
compiling lv_draw_sdl_texture_cache.c...
compiling lv_draw_sdl_utils.c...
compiling lv_hal_tick.c...
compiling lv_anim_timeline.c...
compiling lv_async.c...
compiling lv_area.c...
compiling lv_gpu_stm32_dma2d.c...
compiling lv_anim.c...
compiling lv_bidi.c...
compiling lv_color.c...
compiling lv_ll.c...
compiling lv_log.c...
compiling lv_hal_indev.c...
compiling lv_math.c...
compiling lv_gc.c...
compiling lv_lru.c...
compiling lv_hal_disp.c...
compiling lv_fs.c...
compiling lv_mem.c...
compiling lv_printf.c...
compiling lv_style.c...
compiling lv_timer.c...
compiling lv_style_gen.c...
compiling lv_tlsf.c...
compiling lv_txt_ap.c...
compiling lv_txt.c...
compiling lv_btn.c...
compiling lv_arc.c...
compiling lv_bar.c...
compiling lv_checkbox.c...
compiling lv_line.c...
compiling lv_btnmatrix.c...
compiling lv_canvas.c...
compiling lv_img.c...
compiling lv_dropdown.c...
compiling lv_switch.c...
compiling lv_roller.c...
compiling lv_label.c...
compiling lv_slider.c...
compiling lv_textarea.c...
compiling lv_table.c...
linking...
Program Size: Code=259912 RO-data=59804 RW-data=760 ZI-data=71176  
FromELF: creating hex file...
"..\OBJ\LVGL.axf" - 0 Error(s), 0 Warning(s).

<h2>Software Packages used:</h2>

Package Vendor: Keil
                https://www.keil.com/pack/Keil.STM32F4xx_DFP.2.17.1.pack
                Keil.STM32F4xx_DFP.2.17.1
                STMicroelectronics STM32F4 Series Device Support, Drivers and Examples

<h2>Collection of Component include folders:</h2>
  .\RTE\_LVGL
  C:\Keil_v5\ARM\PACK\Keil\STM32F4xx_DFP\2.17.1\Drivers\CMSIS\Device\ST\STM32F4xx\Include

<h2>Collection of Component Files used:</h2>
Build Time Elapsed:  00:00:09
</pre>
</body>
</html>
