<html>
<body>
<pre>
<h1>µVision Build Log</h1>
<h2>Tool Versions:</h2>
IDE-Version: ¶ÃVision V5.24.2.0
Copyright (C) 2017 ARM Ltd and ARM Germany GmbH. All rights reserved.
License Information: 6 lx, 6, LIC=JL28G-VV6WL-VEQHA-1CTV5-SS44M-PMY93
 
Tool Versions:
Toolchain:       MDK-ARM Plus  Version: 5.24.1
Toolchain Path:  F:\Keil5\ARM\ARMCC\Bin
C Compiler:      Armcc.exe V5.06 update 5 (build 528)
Assembler:       Armasm.exe V5.06 update 5 (build 528)
Linker/Locator:  ArmLink.exe V5.06 update 5 (build 528)
Library Manager: ArmAr.exe V5.06 update 5 (build 528)
Hex Converter:   FromElf.exe V5.06 update 5 (build 528)
CPU DLL:         SARMCM3.DLL V5.24.1
Dialog DLL:      DCM.DLL V1.16.0.0
Target DLL:      STLink\ST-LINKIII-KEIL_SWO.dll V3.0.1.0
Dialog DLL:      TCM.DLL V1.32.0.0
 
<h2>Project:</h2>
D:\C disk substitute\KeilProject\32\F407\SRDP£®”Ô“Ù+÷˜øÿ+Õ‚…Ë£©\USER\USART1.uvprojx
Project File Date:  08/25/2023

<h2>Output:</h2>
*** Using Compiler 'V5.06 update 5 (build 528)', folder: 'F:\Keil5\ARM\ARMCC\Bin'
Rebuild target 'USART'
assembling startup_stm32f40_41xxx.s...
compiling main.c...
compiling sys.c...
compiling stm32f4xx_gpio.c...
compiling stm32f4xx_syscfg.c...
compiling usart1.c...
compiling delay.c...
compiling system_stm32f4xx.c...
compiling led.c...
compiling stm32f4xx_usart.c...
compiling key.c...
compiling voice.c...
compiling misc.c...
compiling stm32f4xx_it.c...
compiling fan.c...
fan.c(13): warning:  #1-D: last line of file ends without a newline
  	
fan.c: 1 warning, 0 errors
compiling stm32f4xx_rcc.c...
linking...
Program Size: Code=2572 RO-data=424 RW-data=80 ZI-data=1832  
FromELF: creating hex file...
"..\OBJ\USART1.axf" - 0 Error(s), 1 Warning(s).

<h2>Software Packages used:</h2>

Package Vendor: Keil
                http://www.keil.com/pack/Keil.STM32F4xx_DFP.1.0.8.pack
                Keil.STM32F4xx_DFP.1.0.8
                STMicroelectronics STM32F4 Series Device Support, Drivers and Examples

<h2>Collection of Component include folders:</h2>
  .\RTE\_USART
  F:\Keil5\ARM\PACK\Keil\STM32F4xx_DFP\1.0.8\Device\Include

<h2>Collection of Component Files used:</h2>
Build Time Elapsed:  00:00:02
</pre>
</body>
</html>
